Microchip MPLAB XC8 Compiler V1.44 ()

Linker command line:

-W-3 --edf=C:\Program Files (x86)\Microchip\xc8\v1.44\dat\en_msgs.txt -cs \
  -h+dist/BOOTLOADER/production\mech2.production.sym \
  --cmf=dist/BOOTLOADER/production\mech2.production.cmf -z -Q18F67J50 \
  -oC:\Users\Daniel\AppData\Local\Temp\sli8.2 \
  -Mdist/BOOTLOADER/production/mech2.production.map -E1 -ver=XC8 \
  --acfsm=1493 -ASTACK=0572h-0f3fh -pstack=STACK \
  -ACODE=01400h-01405h,01408h-01415h,01418h-01FFF7h \
  -ACONST=01400h-01405h,01408h-01415h,01418h-01FFF7h \
  -ASMALLCONST=01400h-01405h,01408h-01415h,01418h-014FFh,01500h-015FFhx490,01FF00h-01FFF7h \
  -AMEDIUMCONST=01400h-01405h,01408h-01415h,01418h-0FFFFh,011000h-01FFF7h \
  -ACOMRAM=01h-05Fh -AABS1=00h-0F3Fh -ABIGRAM=01h-0F3Fh \
  -ARAM=060h-0FFh,0100h-01FFhx14,0F00h-0F3Fh -ABANK0=060h-0FFh \
  -ABANK1=0100h-01FFh -ABANK2=0200h-02FFh -ABANK3=0300h-03FFh \
  -ABANK4=0400h-04FFh -ABANK5=0500h-05FFh -ABANK6=0600h-06FFh \
  -ABANK7=0700h-07FFh -ABANK8=0800h-08FFh -ABANK9=0900h-09FFh \
  -ABANK10=0A00h-0AFFh -ABANK11=0B00h-0BFFh -ABANK12=0C00h-0CFFh \
  -ABANK13=0D00h-0DFFh -ABANK14=0E00h-0EFFh -ABANK15=0F00h-0F3Fh \
  -ASFR=0F40h-0F5Fh,0F60h-0FFFh \
  -preset_vec=01400h,intcode=01408h,intcodelo,powerup,init -pramtop=01000h \
  -psmallconst=SMALLCONST -pmediumconst=MEDIUMCONST -pconst=CONST \
  -AFARRAM=00h-00h -ACONFIG=01FFF8h-01FFFDh -pconfig=CONFIG \
  -pjflash_buffer=01F800h \
  -prdata=COMRAM,nvrram=COMRAM,nvbit=COMRAM,rbss=COMRAM,rbit=COMRAM \
  -pfarbss=FARRAM,fardata=FARRAM,nvFARRAM=FARRAM \
  -pintsave_regs=BIGRAM,bigbss=BIGRAM,bigdata=BIGRAM -pbss=RAM \
  -pidata=CODE,irdata=CODE,ibigdata=CODE,ifardata=CODE -prparam=COMRAM \
  C:\Users\Daniel\AppData\Local\Temp\sli8.obj \
  dist/BOOTLOADER/production\mech2.production.obj 

Object code version is 3.11

Machine type is 18F67J50

Call graph: (short form)




                Name                               Link     Load   Length Selector   Space Scale
C:\Users\Daniel\AppData\Local\Temp\sli8.obj
                init                               14AA     14AA        4      A04       0
                reset_vec                          1400     1400        4      A00       0
                config                            1FFF8    1FFF8        6    1FFF8       0
dist/BOOTLOADER/production\mech2.production.obj
                intcode                            1408     1408       A2      A04       0
                temp                                 51       51        1        1       1
                mediumconst                        FB54     FB54      4AC     7DAA       0
                text169                           18C76    18C76        E     8000       0
                text168                           18CE2    18CE2        6     C65D       0
                text167                           1849C    1849C       40     8000       0
                text166                           18672    18672       36     8000       0
                text165                           1814C    1814C       4C     8000       0
                text164                           17834    17834       76     8000       0
                text163                           18A6A    18A6A       1A     8000       0
                text162                           187CE    187CE       30     8000       0
                text161                           16D48    16D48       AA     8000       0
                text160                           18C90    18C90        C     8000       0
                text159                           18CDC    18CDC        6     C65D       0
                text158                           166DE    166DE       FE     8000       0
                text157                           188A8    188A8       28     8000       0
                text155                           1851A    1851A       3C     8000       0
                text154                           17984    17984       6C     8000       0
                text153                           178AA    178AA       6E     8000       0
                text152                           1863C    1863C       36     8000       0
                text151                           14496    14496      284     8000       0
                text150                           16F36    16F36       9C     8000       0
                text149                           17F20    17F20       54     8000       0
                text148                           183D8    183D8       44     8000       0
                text147                           17ECC    17ECC       54     8000       0
                text146                           16A7C    16A7C       BE     8000       0
                text145                           188F6    188F6       26     8000       0
                text144                           17452    17452       86     8000       0
                text143                           13F36    13F36      2B6     8000       0
                text142                           1879E    1879E       30     8000       0
                text141                           13908    13908      33E     8000       0
                text140                           18306    18306       48     8000       0
                text139                           135B6    135B6      352     8000       0
                text138                           165DE    165DE      100     8000       0
                text137                           1629A    1629A      122     8000       0
                text136                           1699E    1699E       DE     8000       0
                text135                           159BE    159BE      154     8000       0
                text134                           16E98    16E98       9E     8000       0
                text133                           163BC    163BC      116     8000       0
                text132                           167DC    167DC       E4     8000       0
                text131                           1471A    1471A      274     8000       0
                text130                           15588    15588      174     8000       0
                text129                           14BA0    14BA0      1D6     8000       0
                text128                           13C46    13C46      2F0     8000       0
                text127                           1882C    1882C       2C     8000       0
                text126                           16DF2    16DF2       A6     8000       0
                text125                           18C2C    18C2C       12     8000       0
                text124                           189C0    189C0       20     8000       0
                text123                           18A50    18A50       1A     8000       0
                text122                           1706C    1706C       9A     8000       0
                text121                           18880    18880       28     8000       0
                text120                           1755C    1755C       7E     8000       0
                text119                           17E78    17E78       54     8000       0
                text118                           14F44    14F44      1B6     8000       0
                text117                           18C18    18C18       14     8000       0
                text116                           18C04    18C04       14     8000       0
                text115                           18BF0    18BF0       14     8000       0
                text114                           18BDC    18BDC       14     8000       0
                text113                           17D74    17D74       5C     8000       0
                text112                           1822C    1822C       4A     8000       0
                text111                           1876E    1876E       30     8000       0
                text110                           18066    18066       4E     8000       0
                text109                           18A36    18A36       1A     8000       0
                text108                           17918    17918       6C     8000       0
                text107                           176CE    176CE       7A     8000       0
                text106                           17E24    17E24       54     8000       0
                text105                           17106    17106       94     8000       0
                text104                           15B12    15B12      150     8000       0
                text103                           18C68    18C68        E     8000       0
                text102                           156FC    156FC      168     8000       0
                text101                           16C9E    16C9E       AA     8000       0
                text100                           179F0    179F0       6A     8000       0
                text99                            10000    10000     22EC     8000       0
                text98                            18CC2    18CC2        8     C65D       0
                text97                            18C5A    18C5A        E     8000       0
                text96                            17D16    17D16       5E     8000       0
                text95                            1722C    1722C       8E     8000       0
                text94                            189A0    189A0       20     8000       0
                text93                            17654    17654       7A     8000       0
                text92                            18A1A    18A1A       1C     8000       0
                text91                            186DC    186DC       32     8000       0
                text90                            17B2A    17B2A       68     8000       0
                text89                            17C58    17C58       60     8000       0
                text88                            18016    18016       50     8000       0
                text87                            18980    18980       20     8000       0
                text86                            185CA    185CA       3A     8000       0
                text85                            1498E    1498E      212     8000       0
                text84                            17F74    17F74       52     8000       0
                text83                            150FA    150FA      19E     8000       0
                text82                            18AE4    18AE4       18     8000       0
                text81                            18CD6    18CD6        6     C65D       0
                text80                            18ACC    18ACC       18     8000       0
                text79                            16BEE    16BEE       B0     8000       0
                text78                            177BE    177BE       76     8000       0
                text77                            181E2    181E2       4A     8000       0
                text76                            1891C    1891C       24     8000       0
                text75                            18198    18198       4A     8000       0
                text74                            15864    15864      15A     8000       0
                text73                            18960    18960       20     8000       0
                text72                            17748    17748       76     8000       0
                text71                            17B92    17B92       66     8000       0
                text70                            18BC8    18BC8       14     8000       0
                text69                            18394    18394       44     8000       0
                text68                            122EC    122EC      668     8000       0
                text67                            168C0    168C0       DE     8000       0
                text66                            18BB4    18BB4       14     8000       0
                text65                            18100    18100       4C     8000       0
                text64                            189FE    189FE       1C     8000       0
                text63                            1873E    1873E       30     8000       0
                text62                            18858    18858       28     8000       0
                text61                            18CBA    18CBA        8     C65D       0
                text60                            174D8    174D8       84     8000       0
                text59                            15DAA    15DAA      146     8000       0
                text58                            12E86    12E86      3A4     8000       0
                text57                            17AC2    17AC2       68     8000       0
                text56                            15298    15298      17C     8000       0
                text55                            18CD0    18CD0        6     C65D       0
                text54                            18CA6    18CA6        A     8000       0
                text53                            18590    18590       3A     8000       0
                text52                            16B3A    16B3A       B4     8000       0
                text51                            187FE    187FE       2E     8000       0
                text50                            1845C    1845C       40     8000       0
                text49                            175DA    175DA       7A     8000       0
                text48                            186A8    186A8       34     8000       0
                text47                             1404     1404        2      A00       0
                text46                            188D0    188D0       26     8000       0
                text45                            184DC    184DC       3E     8000       0
                text44                            18BA0    18BA0       14     8000       0
                text43                            18B8C    18B8C       14     8000       0
                text42                            18B78    18B78       14     8000       0
                text41                            18B64    18B64       14     8000       0
                text40                            18B50    18B50       14     8000       0
                text39                            18B3C    18B3C       14     8000       0
                text38                            18B28    18B28       14     8000       0
                text37                            1616C    1616C      12E     8000       0
                text36                            17BF8    17BF8       60     8000       0
                text35                            18C9C    18C9C        A     8000       0
                text34                            180B4    180B4       4C     8000       0
                text33                            189E0    189E0       1E     8000       0
                text32                            18AB4    18AB4       18     8000       0
                text31                            18A9C    18A9C       18     8000       0
                text30                            18A84    18A84       18     8000       0
                text29                            17FC6    17FC6       50     8000       0
                text28                            17A5A    17A5A       68     8000       0
                text27                            17CB8    17CB8       5E     8000       0
                text26                            182BE    182BE       48     8000       0
                text25                            1719A    1719A       92     8000       0
                text24                            15C62    15C62      148     8000       0
                text23                            1834E    1834E       46     8000       0
                text22                            18604    18604       38     8000       0
                text21                            18C4C    18C4C        E     8000       0
                text20                            18B12    18B12       16     8000       0
                text19                            18556    18556       3A     8000       0
                text18                            18C84    18C84        C     8000       0
                text17                            18CCA    18CCA        6     C65D       0
                text16                            164D2    164D2      10C     8000       0
                text15                            1870E    1870E       30     8000       0
                text14                            18276    18276       48     8000       0
                text13                            17DD0    17DD0       54     8000       0
                text12                            173CA    173CA       88     8000       0
                text11                            17342    17342       88     8000       0
                text10                            172BA    172BA       88     8000       0
                text9                             18C3E    18C3E        E     8000       0
                text8                             141EC    141EC      2AA     8000       0
                text7                             1841C    1841C       40     8000       0
                text6                             14D76    14D76      1CE     8000       0
                text5                             15414    15414      174     8000       0
                text4                             16030    16030      13C     8000       0
                text3                             12954    12954      532     8000       0
                text2                             18AFC    18AFC       16     8000       0
                text1                             15EF0    15EF0      140     8000       0
                text0                             1322A    1322A      38C     8000       0
                cstackCOMRAM                          1        1       28        1       1
                cstackBANK0                          60       60       9F       60       1
                cstackBANK1                         1E8      1E8       17      100       1
                cstackBANK2                         2C7      2C7        C      200       1
                bssBIGRAM                           446      446      12C      446       1
                bssBANK4                            400      400       46      400       1
                bssBANK3                            300      300       C8      300       1
                bssBANK2                            200      200       C7      200       1
                dataBANK1                           1C8      1C8       20      100       1
                bssBANK1                            100      100       C8      100       1
                dataCOMRAM                           48       48        9        1       1
                bssCOMRAM                            29       29       1F        1       1
                cinit                             16FD2    16FD2       9A     8000       0
                idataBANK1                        18940    18940       20     8000       0
                idataCOMRAM                       18CB0    18CB0        9     8000       0

TOTAL           Name                               Link     Load   Length     Space
        CLASS   STACK          

        CLASS   CODE           
                intcode                            1408     1408       A2         0
                init                               14AA     14AA        4         0
                reset_vec                          1400     1400        4         0
                text169                           18C76    18C76        E         0
                text168                           18CE2    18CE2        6         0
                text167                           1849C    1849C       40         0
                text166                           18672    18672       36         0
                text165                           1814C    1814C       4C         0
                text164                           17834    17834       76         0
                text163                           18A6A    18A6A       1A         0
                text162                           187CE    187CE       30         0
                text161                           16D48    16D48       AA         0
                text160                           18C90    18C90        C         0
                text159                           18CDC    18CDC        6         0
                text158                           166DE    166DE       FE         0
                text157                           188A8    188A8       28         0
                text155                           1851A    1851A       3C         0
                text154                           17984    17984       6C         0
                text153                           178AA    178AA       6E         0
                text152                           1863C    1863C       36         0
                text151                           14496    14496      284         0
                text150                           16F36    16F36       9C         0
                text149                           17F20    17F20       54         0
                text148                           183D8    183D8       44         0
                text147                           17ECC    17ECC       54         0
                text146                           16A7C    16A7C       BE         0
                text145                           188F6    188F6       26         0
                text144                           17452    17452       86         0
                text143                           13F36    13F36      2B6         0
                text142                           1879E    1879E       30         0
                text141                           13908    13908      33E         0
                text140                           18306    18306       48         0
                text139                           135B6    135B6      352         0
                text138                           165DE    165DE      100         0
                text137                           1629A    1629A      122         0
                text136                           1699E    1699E       DE         0
                text135                           159BE    159BE      154         0
                text134                           16E98    16E98       9E         0
                text133                           163BC    163BC      116         0
                text132                           167DC    167DC       E4         0
                text131                           1471A    1471A      274         0
                text130                           15588    15588      174         0
                text129                           14BA0    14BA0      1D6         0
                text128                           13C46    13C46      2F0         0
                text127                           1882C    1882C       2C         0
                text126                           16DF2    16DF2       A6         0
                text125                           18C2C    18C2C       12         0
                text124                           189C0    189C0       20         0
                text123                           18A50    18A50       1A         0
                text122                           1706C    1706C       9A         0
                text121                           18880    18880       28         0
                text120                           1755C    1755C       7E         0
                text119                           17E78    17E78       54         0
                text118                           14F44    14F44      1B6         0
                text117                           18C18    18C18       14         0
                text116                           18C04    18C04       14         0
                text115                           18BF0    18BF0       14         0
                text114                           18BDC    18BDC       14         0
                text113                           17D74    17D74       5C         0
                text112                           1822C    1822C       4A         0
                text111                           1876E    1876E       30         0
                text110                           18066    18066       4E         0
                text109                           18A36    18A36       1A         0
                text108                           17918    17918       6C         0
                text107                           176CE    176CE       7A         0
                text106                           17E24    17E24       54         0
                text105                           17106    17106       94         0
                text104                           15B12    15B12      150         0
                text103                           18C68    18C68        E         0
                text102                           156FC    156FC      168         0
                text101                           16C9E    16C9E       AA         0
                text100                           179F0    179F0       6A         0
                text99                            10000    10000     22EC         0
                text98                            18CC2    18CC2        8         0
                text97                            18C5A    18C5A        E         0
                text96                            17D16    17D16       5E         0
                text95                            1722C    1722C       8E         0
                text94                            189A0    189A0       20         0
                text93                            17654    17654       7A         0
                text92                            18A1A    18A1A       1C         0
                text91                            186DC    186DC       32         0
                text90                            17B2A    17B2A       68         0
                text89                            17C58    17C58       60         0
                text88                            18016    18016       50         0
                text87                            18980    18980       20         0
                text86                            185CA    185CA       3A         0
                text85                            1498E    1498E      212         0
                text84                            17F74    17F74       52         0
                text83                            150FA    150FA      19E         0
                text82                            18AE4    18AE4       18         0
                text81                            18CD6    18CD6        6         0
                text80                            18ACC    18ACC       18         0
                text79                            16BEE    16BEE       B0         0
                text78                            177BE    177BE       76         0
                text77                            181E2    181E2       4A         0
                text76                            1891C    1891C       24         0
                text75                            18198    18198       4A         0
                text74                            15864    15864      15A         0
                text73                            18960    18960       20         0
                text72                            17748    17748       76         0
                text71                            17B92    17B92       66         0
                text70                            18BC8    18BC8       14         0
                text69                            18394    18394       44         0
                text68                            122EC    122EC      668         0
                text67                            168C0    168C0       DE         0
                text66                            18BB4    18BB4       14         0
                text65                            18100    18100       4C         0
                text64                            189FE    189FE       1C         0
                text63                            1873E    1873E       30         0
                text62                            18858    18858       28         0
                text61                            18CBA    18CBA        8         0
                text60                            174D8    174D8       84         0
                text59                            15DAA    15DAA      146         0
                text58                            12E86    12E86      3A4         0
                text57                            17AC2    17AC2       68         0
                text56                            15298    15298      17C         0
                text55                            18CD0    18CD0        6         0
                text54                            18CA6    18CA6        A         0
                text53                            18590    18590       3A         0
                text52                            16B3A    16B3A       B4         0
                text51                            187FE    187FE       2E         0
                text50                            1845C    1845C       40         0
                text49                            175DA    175DA       7A         0
                text48                            186A8    186A8       34         0
                text47                             1404     1404        2         0
                text46                            188D0    188D0       26         0
                text45                            184DC    184DC       3E         0
                text44                            18BA0    18BA0       14         0
                text43                            18B8C    18B8C       14         0
                text42                            18B78    18B78       14         0
                text41                            18B64    18B64       14         0
                text40                            18B50    18B50       14         0
                text39                            18B3C    18B3C       14         0
                text38                            18B28    18B28       14         0
                text37                            1616C    1616C      12E         0
                text36                            17BF8    17BF8       60         0
                text35                            18C9C    18C9C        A         0
                text34                            180B4    180B4       4C         0
                text33                            189E0    189E0       1E         0
                text32                            18AB4    18AB4       18         0
                text31                            18A9C    18A9C       18         0
                text30                            18A84    18A84       18         0
                text29                            17FC6    17FC6       50         0
                text28                            17A5A    17A5A       68         0
                text27                            17CB8    17CB8       5E         0
                text26                            182BE    182BE       48         0
                text25                            1719A    1719A       92         0
                text24                            15C62    15C62      148         0
                text23                            1834E    1834E       46         0
                text22                            18604    18604       38         0
                text21                            18C4C    18C4C        E         0
                text20                            18B12    18B12       16         0
                text19                            18556    18556       3A         0
                text18                            18C84    18C84        C         0
                text17                            18CCA    18CCA        6         0
                text16                            164D2    164D2      10C         0
                text15                            1870E    1870E       30         0
                text14                            18276    18276       48         0
                text13                            17DD0    17DD0       54         0
                text12                            173CA    173CA       88         0
                text11                            17342    17342       88         0
                text10                            172BA    172BA       88         0
                text9                             18C3E    18C3E        E         0
                text8                             141EC    141EC      2AA         0
                text7                             1841C    1841C       40         0
                text6                             14D76    14D76      1CE         0
                text5                             15414    15414      174         0
                text4                             16030    16030      13C         0
                text3                             12954    12954      532         0
                text2                             18AFC    18AFC       16         0
                text1                             15EF0    15EF0      140         0
                text0                             1322A    1322A      38C         0
                cinit                             16FD2    16FD2       9A         0
                idataBANK1                        18940    18940       20         0
                idataCOMRAM                       18CB0    18CB0        9         0

        CLASS   CONST          

        CLASS   SMALLCONST     

        CLASS   MEDIUMCONST    
                mediumconst                        FB54     FB54      4AC         0

        CLASS   COMRAM         
                temp                                 51       51        1         1
                cstackCOMRAM                          1        1       28         1
                dataCOMRAM                           48       48        9         1
                bssCOMRAM                            29       29       1F         1

        CLASS   ABS1           

        CLASS   BIGRAM         
                bssBIGRAM                           446      446      12C         1

        CLASS   RAM            

        CLASS   BANK0          
                cstackBANK0                          60       60       9F         1

        CLASS   BANK1          
                cstackBANK1                         1E8      1E8       17         1
                dataBANK1                           1C8      1C8       20         1
                bssBANK1                            100      100       C8         1

        CLASS   BANK2          
                cstackBANK2                         2C7      2C7        C         1
                bssBANK2                            200      200       C7         1

        CLASS   BANK3          
                bssBANK3                            300      300       C8         1

        CLASS   BANK4          
                bssBANK4                            400      400       46         1

        CLASS   BANK5          

        CLASS   BANK6          

        CLASS   BANK7          

        CLASS   BANK8          

        CLASS   BANK9          

        CLASS   BANK10         

        CLASS   BANK11         

        CLASS   BANK12         

        CLASS   BANK13         

        CLASS   BANK14         

        CLASS   BANK15         

        CLASS   SFR            

        CLASS   FARRAM         

        CLASS   CONFIG         
                config                            1FFF8    1FFF8        6         0

        CLASS   IDLOC          



SEGMENTS        Name                           Load    Length   Top    Selector   Space  Class

                cstackCOMRAM                   000001  000051  000052         1       1  COMRAM  
                cstackBANK0                    000060  00009F  0000FF        60       1  BANK0   
                bssBANK1                       000100  0000FF  0001FF       100       1  BANK1   
                bssBANK2                       000200  0000D3  0002D3       200       1  BANK2   
                bssBANK3                       000300  0000C8  0003C8       300       1  BANK3   
                bssBANK4                       000400  000046  000446       400       1  BANK4   
                bssBIGRAM                      000446  00012C  000572       446       1  BIGRAM  
                reset_vec                      001400  000006  001406       A00       0  CODE    
                intcode                        001408  0000A6  0014AE       A04       0  CODE    
                mediumconst                    00FB54  0004AC  010000      7DAA       0  MEDIUMCO
                text99                         010000  008CB9  018CB9      8000       0  CODE    
                text61                         018CBA  00002E  018CE8      C65D       0  CODE    
                config                         01FFF8  000006  01FFFE     1FFF8       0  CONFIG  


UNUSED ADDRESS RANGES

        Name                Unused          Largest block    Delta
        BANK0            000FF-000FF               1
        BANK1            001FF-001FF               1
        BANK10           00A00-00AFF             100
        BANK11           00B00-00BFF             100
        BANK12           00C00-00CFF             100
        BANK13           00D00-00DFF             100
        BANK14           00E00-00EFF             100
        BANK15           00F00-00F3F              40
        BANK2            002D3-002FF              2D
        BANK3            003C8-003FF              38
        BANK5            00572-005FF              8E
        BANK6            00600-006FF             100
        BANK7            00700-007FF             100
        BANK8            00800-008FF             100
        BANK9            00900-009FF             100
        BIGRAM           00052-0005F               E
                         000FF-000FF               1
                         001FF-001FF               1
                         002D3-002FF              2D
                         003C8-003FF              38
                         00572-00F3F             9CE
        CODE             014AE-0FB53            E6A6
                         18CB9-18CB9               1
                         18CE8-1FFF7            7310
        COMRAM           00052-0005F               E
        CONST            014AE-0FB53            E6A6
                         18CB9-18CB9               1
                         18CE8-1FFF7            7310
        FARRAM           00000-00000               1
        MEDIUMCONST      014AE-0FB53            E6A6
                         18CB9-18CB9               1
                         18CE8-1FFF7            7310
        RAM              000FF-000FF               1
                         001FF-001FF               1
                         002D3-002FF              2D
                         003C8-003FF              38
                         00572-00F3F             100
        SFR              00F40-00FFF              20
        SMALLCONST       014AE-0FB53             100
                         18CB9-18CB9               1
                         18CE8-1FFF7             100
        STACK            00572-00F3F             9CE

                                  Symbol Table

?_Console_MakeField                      cstackBANK0   00065
?_Detect_Victim                          cstackBANK0   0008C
?_FunctReadADC                           cstackBANK0   00060
?_GetPortPORT                            cstackBANK0   00060
?_GetPortProperties                      cstackBANK0   00060
?_GetPortTRIS                            cstackBANK0   00060
?_Get_VirtualWall_State                  cstackBANK0   00061
?_UpdateDistance                         cstackBANK0   00061
?___awdiv                                cstackBANK0   00060
?___fladd                                cstackBANK0   0008B
?___fldiv                                cstackBANK0   00060
?___flmul                                cstackBANK0   0006E
?___flneg                                cstackBANK0   00087
?___flsub                                cstackBANK0   0009F
?___fltol                                cstackBANK0   0009F
?___lldiv                                cstackBANK0   00060
?___lwdiv                                cstackBANK0   00060
?___lwmod                                cstackBANK0   00067
?___wmul                                 cstackBANK0   00060
?___xxtofl                               cstackBANK0   00060
?_eval_poly                              cstackBANK0   0009F
?_exp                                    cstackBANK0   000B7
?_floor                                  cstackBANK0   000A9
?_frexp                                  cstackBANK0   00060
?_ldexp                                  cstackBANK0   000AF
?_log                                    cstackBANK0   000AF
?_pop                                    cstackBANK0   00083
?_pow                                    cstackBANK0   000C2
?_printf                                 cstackBANK0   00075
Button_Init@pFunction                    cstackBANK0   000A5
Button_Init@pGetState                    cstackBANK0   000A2
Button_Init@pInitIO                      cstackBANK0   0009F
Button_Init@pInput                       cstackBANK0   0009B
Button_Init@pThreshold                   cstackBANK0   0009D
Button_Poll@Pin                          cstackBANK0   00083
Button_Poll@pButton                      cstackBANK0   0007B
Button_Poll@pIncrement                   cstackBANK0   0007D
Byte_GetBit@Output                       cstackBANK0   00064
Byte_GetBit@pBit                         cstackBANK0   00062
Byte_GetBit@pInput                       cstackBANK0   00060
Byte_GetPair@pInput                      cstackBANK0   00069
Byte_GetPair@pPair                       cstackBANK0   0006B
Byte_GetZone@MASK                        cstackBANK0   00066
Byte_GetZone@Offset                      cstackBANK0   00067
Byte_GetZone@Output                      cstackBANK0   00068
Byte_GetZone@pChunk                      cstackBANK0   00063
Byte_GetZone@pChunkSize                  cstackBANK0   00064
Byte_GetZone@pInput                      cstackBANK0   00060
Byte_GetZone@pMax                        cstackBANK0   00062
Byte_SetBit@pBit                         cstackBANK0   00062
Byte_SetBit@pInput                       cstackBANK0   00060
Byte_SetBit@pValue                       cstackBANK0   00063
Byte_SetByte@pInput                      cstackBANK0   00060
Byte_SetByte@pValue                      cstackBANK0   00062
Byte_SetPair@pInput                      cstackBANK0   0006B
Byte_SetPair@pPair                       cstackBANK0   0006D
Byte_SetPair@pValue                      cstackBANK0   0006E
Byte_SetQuad@pInput                      cstackBANK0   0006B
Byte_SetQuad@pQuad                       cstackBANK0   0006D
Byte_SetQuad@pValue                      cstackBANK0   0006E
Byte_SetZone@MASK                        cstackBANK0   0006A
Byte_SetZone@Offset                      cstackBANK0   00069
Byte_SetZone@pChunk                      cstackBANK0   00063
Byte_SetZone@pChunkSize                  cstackBANK0   00064
Byte_SetZone@pInput                      cstackBANK0   00060
Byte_SetZone@pMax                        cstackBANK0   00062
Byte_SetZone@pValue                      cstackBANK0   00065
Console_FormFeed@x                       cstackBANK0   00062
Console_FormFeed@y                       cstackBANK0   00063
Console_Init@x                           cstackBANK0   00062
Console_Init@y                           cstackBANK0   00063
Console_MakeField@Column                 cstackBANK0   0006C
Console_MakeField@Fill                   bssBANK4      00400
Console_MakeField@Index                  cstackBANK0   00069
Console_MakeField@pInput                 cstackBANK0   0006B
Console_MakeField@x                      cstackBANK0   00070
Console_MakeField@y                      cstackBANK0   00071
Console_PrintChar@pInput                 cstackBANK0   00073
Console_Render@F6956                     dataBANK1     001C8
Console_Render@lCursor                   cstackBANK0   00086
Console_Render@temp                      cstackBANK0   00085
Console_Render@x                         cstackBANK0   0008A
Console_Render@y                         cstackBANK0   0008B
Console_Tab@c                            cstackBANK0   0006F
Console_Tab@i                            cstackBANK0   0006E
Console_Tab@t                            cstackBANK0   0006D
Create_Maze@count                        cstackBANK0   00068
Create_Maze@p                            cstackBANK0   0006A
Create_Maze@x                            cstackBANK0   0006C
Create_Maze@y                            cstackBANK0   0006E
Detect_Victim@Home_Base_State            cstackBANK0   0008F
Drive@SpeedL                             cstackBANK0   00061
Drive@SpeedR                             cstackBANK0   00063
Event_DIPSwitch@Bar                      cstackBANK0   0007A
Event_DIPSwitch@pState                   cstackBANK0   00079
Event_TestButton@j                       bssCOMRAM     0003C
Event_TestButton@pState                  cstackBANK0   00079
FunctReadADC@channel                     cstackBANK0   00060
GetPortPORT@pInput                       cstackBANK0   00062
GetPortProperties@pInput                 cstackBANK0   00062
GetPortTRIS@pInput                       cstackBANK0   00062
Get_VirtualWall_State@Vitual_Wall_Sensor cstackBANK0   00064
Go_Backward@direction                    cstackBANK1   001F7
Go_Backward@spd                          cstackBANK1   001F9
HMI_GRender@a                            bssBANK1      00152
HMI_Init@in                              cstackBANK0   000A8
HMI_Render@a                             cstackBANK0   00068
HMI_SetBar@pValue                        cstackBANK0   00060
HMI_SetButton@F7213                      mediumconst   0FC3A
HMI_SetButton@pValue                     cstackBANK0   00066
HMI_SetButton@reindex                    cstackBANK0   00062
HMI_SetButton@v                          cstackBANK0   00067
HMI_SetNumber@pInput                     cstackBANK0   00076
HMI_SetSegments@in                       cstackBANK0   00064
HMI_SetSegments@pString                  cstackBANK0   00061
LCD_DrawField@count                      cstackBANK0   0007E
LCD_DrawField@i                          cstackBANK0   00082
LCD_DrawField@pField                     cstackBANK0   00072
LCD_DrawField@pPoint                     cstackBANK0   00074
LCD_DrawField@pSize                      cstackBANK0   00078
LCD_DrawField@xmax                       cstackBANK0   00080
LCD_DrawField@ymax                       cstackBANK0   00081
LCD_DrawRectangle@p2                     bssBANK1      001C4
LCD_DrawRectangle@p4                     bssBANK1      001C0
LCD_Fill@i                               cstackBANK0   0006B
LCD_Fill@j                               cstackBANK0   0006C
LCD_Fill@pColour                         cstackBANK0   00069
LCD_FillRectangle@i                      cstackBANK0   00075
LCD_FillRectangle@j                      cstackBANK0   00076
LCD_FillRectangle@pColour                cstackBANK0   00069
LCD_FillRectangle@pPoint                 cstackBANK0   0006B
LCD_FillRectangle@pSize                  cstackBANK0   0006F
LCD_Init@i                               cstackBANK0   00097
LCD_Word_Write@value                     cstackBANK0   00065
LCD_Write@mode                           cstackBANK0   00063
LCD_Write@value                          cstackBANK0   00064
LED_Init@pLED                            cstackBANK0   0008D
LED_Set@pLED                             cstackBANK0   00075
LED_Set@pValue                           cstackBANK0   00074
LED_Toggle@pLED                          cstackBANK0   00078
MXK_BlockSwitchTo@CUR                    cstackBANK0   00066
MXK_BlockSwitchTo@pModule                cstackBANK0   00067
MXK_Queue@pCallback                      cstackBANK0   00060
MXK_SwitchTo@CUR                         cstackBANK0   00066
MXK_SwitchTo@pModule                     cstackBANK0   00067
Mode_Set@pMode                           cstackBANK0   00060
Move_ADC_To@Angle                        cstackBANK0   000A9
Navigate_Maze@Direction                  cstackBANK1   001FD
OutSeg@a                                 bssCOMRAM     00042
OutSeg@cur                               bssCOMRAM     00044
OutSeg@out                               cstackBANK0   00067
OutSeg@pInput                            cstackBANK0   00066
OutSeg@pSegment                          cstackBANK0   00063
OutSeg@segset                            bssCOMRAM     00043
PortProperty_Valid@Errors                cstackBANK0   00075
PortProperty_Valid@F6830                 mediumconst   0FC17
PortProperty_Valid@Pair                  cstackBANK0   00085
PortProperty_Valid@pInput                cstackBANK0   0006F
PortProperty_Valid@pPin                  cstackBANK0   00072
PortProperty_Valid@pPinDrive             cstackBANK0   00071
Port_CheckPairType@Output                cstackBANK0   0008C
Port_CheckPairType@Pin1                  cstackBANK0   0008A
Port_CheckPairType@Pin2                  cstackBANK0   0008B
Port_CheckPairType@Props                 cstackBANK0   0008D
Port_CheckPairType@pDrive                cstackBANK0   00089
Port_CheckPairType@pInput                cstackBANK0   00086
Port_CheckPairType@pPair                 cstackBANK0   00088
Port_CheckPortType@Output                cstackBANK0   00099
Port_CheckPortType@pDrive                cstackBANK0   00098
Port_CheckPortType@pInput                cstackBANK0   00096
Port_CheckQuadType@Output                cstackBANK0   00095
Port_CheckQuadType@Pair1                 cstackBANK0   00093
Port_CheckQuadType@Pair2                 cstackBANK0   00094
Port_CheckQuadType@pDrive                cstackBANK0   00092
Port_CheckQuadType@pInput                cstackBANK0   0008F
Port_CheckQuadType@pQuad                 cstackBANK0   00091
Port_GetPin@Output                       cstackBANK0   00065
Port_GetPin@pInput                       cstackBANK0   00060
Port_GetPin@pPin                         cstackBANK0   00062
Port_GetQuad@Output                      cstackBANK0   00065
Port_GetQuad@pInput                      cstackBANK0   00060
Port_GetQuad@pQuad                       cstackBANK0   00062
Port_Init@i                              cstackBANK0   000A5
Port_Init@pInput                         cstackBANK0   000A0
Port_Init@pPort                          cstackBANK0   000A2
Port_Set@Type                            cstackBANK0   00086
Port_Set@TypeActual                      cstackBANK0   00084
Port_Set@TypeRequired                    cstackBANK0   00082
Port_Set@pInput                          cstackBANK0   0006F
Port_Set@pValue                          cstackBANK0   00071
Port_SetPin@Type                         cstackBANK0   00073
Port_SetPin@pInput                       cstackBANK0   0006F
Port_SetPin@pPin                         cstackBANK0   00071
Port_SetPin@pValue                       cstackBANK0   00072
Port_SetPinType@Output                   cstackBANK0   0008A
Port_SetPinType@Props                    cstackBANK0   0008B
Port_SetPinType@pInput                   cstackBANK0   00086
Port_SetPinType@pPin                     cstackBANK0   00088
Port_SetPinType@pType                    cstackBANK0   00089
Port_SetQuadType@Output                  cstackBANK0   0009A
Port_SetQuadType@pInput                  cstackBANK0   00096
Port_SetQuadType@pQuad                   cstackBANK0   00098
Port_SetQuadType@pType                   cstackBANK0   00099
Port_SetType@Output                      cstackBANK0   0009F
Port_SetType@pInput                      cstackBANK0   0009A
Port_SetType@pType                       cstackBANK0   0009C
Port_TogglePin@Value                     cstackBANK0   00077
Port_TogglePin@pInput                    cstackBANK0   00074
Port_TogglePin@pPin                      cstackBANK0   00076
SPI_DCS@pInput                           cstackBANK0   00060
SPI_DisableISR@pInput                    cstackBANK0   00060
SPI_Init@pChannel                        cstackBANK0   00091
SPI_Init@pClock                          cstackBANK0   0008D
SPI_Init@pInput                          cstackBANK0   00093
SPI_Init@pMode                           cstackBANK0   00092
SPI_MaxSpeed@pInput                      cstackBANK0   0006F
SPI_MinSpeed@pInput                      cstackBANK0   0006F
SPI_Send9@dat                            bssBANK1      00156
SPI_Send@pData                           cstackBANK0   00062
SPI_Send@pInput                          cstackBANK0   00060
Sensor_Observe@High_Sensor               cstackBANK0   000F3
Sensor_Observe@Low_Sensor                cstackBANK0   000F5
Set_Addr_Window@xe                       cstackBANK0   00066
Set_Addr_Window@xs                       cstackBANK0   00068
Set_Addr_Window@ye                       cstackBANK0   00067
Set_Addr_Window@ys                       cstackBANK0   00065
Set_Rotation@m                           cstackBANK0   00065
Set_Rotation@rotation                    cstackBANK0   00066
Timer0_Init@DIV                          bssBANK1      00104
Timer0_Init@PRE                          bssCOMRAM     0003F
Timer0_Init@PRESCALE                     mediumconst   0FC07
Timer2_Init@DIV                          bssBANK1      00100
Timer2_Init@DIVIDE                       cstackBANK0   0007A
Timer2_Init@INDEX                        bssCOMRAM     0003E
Timer2_Init@PRE                          bssCOMRAM     0003D
Timer2_Init@PRESCALE                     mediumconst   0FC3E
Timer2_Init@RDIV                         cstackBANK0   00072
Timer2_Init@pCPUClock                    cstackBANK0   00076
Timer2_Init@pFrequency                   cstackBANK0   0006D
ToSegment@pCHR                           cstackBANK0   00060
Travel@Dir                               cstackBANK1   001E8
Travel@Dist                              cstackBANK0   000F3
Travel@Dist_Travelled                    cstackBANK1   001F1
Travel@Prev_Angle                        cstackBANK1   001F0
Travel@Req_Dir                           cstackBANK1   001F3
Travel@Spd                               cstackBANK0   000F7
Travel@Test_ADC                          cstackBANK0   000F5
Travel@Wall                              cstackBANK0   000F9
Travel@direction                         cstackBANK0   000F1
Travel@error                             cstackBANK1   001F5
Travel@rev_Dist                          cstackBANK1   001EE
Travel@spd1                              cstackBANK1   001EA
Travel@spd2                              cstackBANK1   001EC
Turn@Angle                               cstackBANK0   00061
Turn@C_Angle                             cstackBANK0   00067
Turn@Dir                                 cstackBANK0   00065
Turn@Rad                                 cstackBANK0   00069
Turn@Speed                               cstackBANK0   00063
Word_GetPair@pInput                      cstackBANK0   0006C
Word_GetPair@pPair                       cstackBANK0   0006E
Word_SetPair@pInput                      cstackBANK0   0006F
Word_SetPair@pPair                       cstackBANK0   00071
Word_SetPair@pValue                      cstackBANK0   00072
_ADCAverage                              text128       13C46
_ADCAverage$15832                        cstackBANK0   000D9
_ADCAverage$15833                        cstackBANK0   000DD
_ADCAverage$15834                        cstackBANK0   000E1
_ADCAverage$15835                        cstackBANK0   000E5
_ADCAverage$15836                        cstackBANK0   000E9
_ADCAverage$15837                        cstackBANK0   000ED
_ADCON0                                  (abs)         00FC2
_ADCON0bits                              (abs)         00FC2
_ADCON1                                  (abs)         00FC1
_ADCON1bits                              (abs)         00FC1
_ADC_AN0                                 bssBANK1      001BB
_ADC_AN1                                 bssBANK1      001B6
_ADC_AN2                                 bssBANK1      001B1
_ADC_AN3                                 bssBANK1      001AC
_ADC_Initialised                         bssBANK1      00160
_ADC_Reading                             bssBANK1      0012A
_ADON                                    (abs)         07E10
_ADRES                                   (abs)         00FC3
_ADRESH                                  (abs)         00FC4
_ADRESL                                  (abs)         00FC3
_ANCON0                                  (abs)         00FC1
_BAUDCON1bits                            (abs)         00F7E
_BumpSensor                              bssBANK1      0015C
_BumpState                               bssBANK1      0012C
_Bus_State                               dataCOMRAM    0004C
_Button_Init                             text79        16BEE
_Button_Poll                             text37        1616C
_Byte_GetBit                             text127       1882C
_Byte_GetPair                            text92        18A1A
_Byte_GetZone                            text93        17654
_Byte_SetBit                             text84        17F74
_Byte_SetByte                            text9         18C3E
_Byte_SetPair                            text87        18980
_Byte_SetQuad                            text94        189A0
_Byte_SetZone                            text95        1722C
_CCW_Count                               bssBANK1      00124
_COUNTER                                 bssCOMRAM     00036
_CW_Count                                bssBANK1      00122
_Cliff_FLeft                             bssBANK1      0015A
_Cliff_FRight                            bssBANK1      0015B
_Cliff_Left                              bssBANK1      00158
_Cliff_Right                             bssBANK1      00159
_Close_Pos                               bssBANK1      00128
_Closest_Object                          text101       16C9E
_Configure_GPIOs                         text27        17CB8
_Console_Backspace                       text110       18066
_Console_ClearCursor                     text111       1876E
_Console_FormFeed                        text108       17918
_Console_IncrementCursor                 text106       17E24
_Console_Init                            text100       179F0
_Console_MakeField                       text126       16DF2
_Console_MakeField$10974                 cstackBANK0   0006E
_Console_NewLine                         text107       176CE
_Console_PrintChar                       text104       15B12
_Console_Render                          text118       14F44
_Console_ResetCursor                     text109       18A36
_Console_Tab                             text105       17106
_Create_Maze                             text99        10000
_Current_Direction                       dataBANK1     001E2
_Current_Dist                            bssBANK1      0014E
_Current_Dist1                           bssBANK1      0014C
_Current_Dist2                           bssBANK1      0014A
_DIPSwitch                               bssBANK2      0029F
_Desired_Level                           dataBANK1     001DA
_Detect_Victim                           text96        17D16
_Drive                                   text77        181E2
_Event_DIPSwitch                         text46        188D0
_Event_NULL                              text47        01404
_Event_TestButton                        text48        186A8
_Font5x7                                 mediumconst   0FC41
_Found_Flag                              bssCOMRAM     00032
_FunctInitButton                         text78        177BE
_FunctReadADC                            text155       1851A
_GODONE                                  (abs)         07E11
_GetPortPORT                             text12        173CA
_GetPortProperties                       text11        17342
_GetPortTRIS                             text10        172BA
_Get_VirtualWall_State                   text76        1891C
_Go_Backward                             text67        168C0
_Go_Home                                 text64        189FE
_HMIBoard                                bssBANK2      0025A
_HMI_DIPSwitch                           text39        18B3C
_HMI_DownSwitch                          text40        18B50
_HMI_GetBar                              text55        18CD0
_HMI_Init                                text56        15298
_HMI_InitButtons                         text81        18CD6
_HMI_LeftSwitch                          text43        18B8C
_HMI_Poll                                text36        17BF8
_HMI_Render                              text152       1863C
_HMI_RightSwitch                         text42        18B78
_HMI_SetBar                              text54        18CA6
_HMI_SetButton                           text49        175DA
_HMI_SetNumber                           text145       188F6
_HMI_SetSegments                         text150       16F36
_HMI_UpSwitch                            text41        18B64
_I2C1T                                   bssBANK1      001A5
_I2C1_Done                               bssBANK1      00117
_I2C1_More                               bssBANK1      00111
_I2C2T                                   bssBANK1      0019E
_I2C2_Done                               bssBANK1      00114
_I2C2_More                               bssBANK1      0010E
_INDEX                                   bssCOMRAM     00040
_INTCONbits                              (abs)         00FF2
_IPR1bits                                (abs)         00F9F
_IPR3bits                                (abs)         00FA5
_ISR_Enable                              text35        18C9C
_ISR_Function                            intcode       01408
_InitADC                                 text34        180B4
_InitList                                mediumconst   0FB55
_InitSerialCommunication                 text33        189E0
_Init_Timer0                             text32        18AB4
_LATA                                    (abs)         00F89
_LATB                                    (abs)         00F8A
_LATC                                    (abs)         00F8B
_LATD                                    (abs)         00F8C
_LATE                                    (abs)         00F8D
_LATF                                    (abs)         00F8E
_LATG                                    (abs)         00F8F
_LCD_DrawField                           text120       1755C
_LCD_Fill                                text26        182BE
_LCD_FillRectangle                       text119       17E78
_LCD_Init                                text24        15C62
_LCD_Reset                               text29        17FC6
_LCD_Word_Write                          text123       18A50
_LCD_Write                               text124       189C0
_LED_Init                                text13        17DD0
_LED_Set                                 text14        18276
_LED_Toggle                              text50        1845C
_Low_Sensor                              dataBANK1     001D8
_MASKS                                   mediumconst   0FC31
_MXK_BlockSwitchTo                       text22        18604
_MXK_DIPSwitch                           text38        18B28
_MXK_Dequeue                             text15        1870E
_MXK_Init                                text4         16030
_MXK_InitDIPSwitch                       text80        18ACC
_MXK_InitTestButton                      text82        18AE4
_MXK_Queue                               text21        18C4C
_MXK_Release                             text20        18B12
_MXK_SwitchTo                            text19        18556
_MXK_TestButton                          text44        18BA0
_Mode_Set                                text125       18C2C
_Motor_Count                             bssBANK1      00146
_Motor_Step                              text16        164D2
_Motor_Step$intlevel0                    text16        164D8
_Move_ADC_To                             text74        15864
_Navigate_Maze                           text3         12954
_OSCTUNEbits                             (abs)         00F9B
_OutSeg                                  text153       178AA
_PIE1bits                                (abs)         00F9D
_PIE3bits                                (abs)         00FA3
_PIR1                                    (abs)         00F9E
_PIR1bits                                (abs)         00F9E
_PIR2                                    (abs)         00FA1
_PIR3                                    (abs)         00FA4
_PIR3bits                                (abs)         00FA4
_PORTA                                   (abs)         00F80
_PORTB                                   (abs)         00F81
_PORTC                                   (abs)         00F82
_PORTD                                   (abs)         00F83
_PORTE                                   (abs)         00F84
_PORTF                                   (abs)         00F85
_PORTFbits                               (abs)         00F85
_PORTG                                   (abs)         00F86
_PR2                                     (abs)         00FCB
_PortA                                   bssBANK2      002BD
_PortA_Property                          mediumconst   0FE79
_PortB                                   bssBANK1      00180
_PortB_Property                          mediumconst   0FE77
_PortC                                   bssBANK1      0018A
_PortC_Property                          mediumconst   0FE75
_PortD                                   bssBANK1      00176
_PortD_Property                          mediumconst   0FE73
_PortE                                   bssBANK1      0016C
_PortE_Property                          mediumconst   0FE71
_PortF                                   bssBANK1      00194
_PortF_Property                          mediumconst   0FE6F
_PortG                                   bssBANK2      002B3
_PortG_Property                          mediumconst   0FE6D
_PortProperty_Valid                      text90        17B2A
_Port_CheckPairType                      text89        17C58
_Port_CheckPortType                      text7         1841C
_Port_CheckQuadType                      text88        18016
_Port_GetPin                             text53        18590
_Port_GetQuad                            text45        184DC
_Port_Init                               text5         15414
_Port_Set                                text8         141EC
_Port_SetPin                             text52        16B3A
_Port_SetPinType                         text83        150FA
_Port_SetQuadType                        text85        1498E
_Port_SetType                            text6         14D76
_Port_TogglePin                          text51        187FE
_Previous_Angle                          bssBANK1      00136
_RA2                                     (abs)         07C02
_RA3                                     (abs)         07C03
_RCONbits                                (abs)         00FD0
_RCREG1                                  (abs)         00FAF
_RCSTA1                                  (abs)         00FAC
_RD5                                     (abs)         07C1D
_RD7                                     (abs)         07C1F
_Reset_High                              text31        18A9C
_Reset_Low                               text30        18A84
_Robot_Init                              text2         18AFC
_Robot_Stop                              text73        18960
_SPBRG1                                  (abs)         00FB0
_SPI1                                    bssBANK2      00294
_SPI2                                    bssBANK1      00161
_SPI_DCS                                 text63        1873E
_SPI_DisableISR                          text62        18858
_SPI_Init                                text58        12E86
_SPI_MaxSpeed                            text28        17A5A
_SPI_MinSpeed                            text57        17AC2
_SPI_Send                                text154       17984
_SSP1ADD                                 (abs)         00FC8
_SSP1BUF                                 (abs)         00FC9
_SSP1CON1                                (abs)         00FC6
_SSP1CON1bits                            (abs)         00FC6
_SSP1CON2                                (abs)         00FC5
_SSP1CON2bits                            (abs)         00FC5
_SSP1STAT                                (abs)         00FC7
_SSP1STATbits                            (abs)         00FC7
_SSP2BUF                                 (abs)         00F6F
_SSP2CON1                                (abs)         00F6C
_SSP2CON1bits                            (abs)         00F6C
_SSP2CON2                                (abs)         00F6B
_SSP2CON2bits                            (abs)         00F6B
_SSP2STAT                                (abs)         00F6D
_SSP2STATbits                            (abs)         00F6D
_STP1                                    text117       18C18
_STP2                                    text116       18C04
_STP3                                    text115       18BF0
_STP4                                    text114       18BDC
_Sensor_Observe                          text1         15EF0
_Sensor_Observe_Fin                      bssBANK1      00120
_Set_Addr_Window                         text122       1706C
_Set_Rotation                            text25        1719A
_Spd                                     dataBANK1     001DC
_Square_Dist                             bssBANK1      00130
_SteppingCCW                             text112       1822C
_SteppingCW                              text75        18198
_Steps                                   bssBANK1      00144
_T0CONbits                               (abs)         00FD5
_T2CONbits                               (abs)         00FCA
_TMR0                                    (abs)         00FD6
_TRISA                                   (abs)         00F92
_TRISA2                                  (abs)         07C92
_TRISA3                                  (abs)         07C93
_TRISB                                   (abs)         00F93
_TRISC                                   (abs)         00F94
_TRISCbits                               (abs)         00F94
_TRISD                                   (abs)         00F95
_TRISD5                                  (abs)         07CAD
_TRISD7                                  (abs)         07CAF
_TRISE                                   (abs)         00F96
_TRISF                                   (abs)         00F97
_TRISG                                   (abs)         00F98
_TXREG1                                  (abs)         00FAE
_TXSTA1                                  (abs)         00FAD
_TXSTA1bits                              (abs)         00FAD
_T_VAR                                   bssBANK1      00132
_TestButton                              bssBANK2      002A9
_Timer0_ISR                              text157       188A8
_Timer0_Restart                          text18        18C84
_Timer0_Stop                             text17        18CCA
_Timer2_Clear                            text61        18CBA
_Timer2_Init                             text59        15DAA
_ToSegment                               text151       14496
_Travel                                  text68        122EC
_Turn                                    text72        17748
_UpdateDistance                          text71        17B92
_VictimCount                             bssBANK1      00134
_Word_GetPair                            text91        186DC
_Word_SetPair                            text86        185CA
_X_Pos                                   bssBANK1      0013C
_Y_Pos                                   bssBANK1      0013A
__CFG_CCP2MX$DEFAULT                     (abs)         00000
__CFG_CPUDIV$OSC1                        (abs)         00000
__CFG_FCMEN$OFF                          (abs)         00000
__CFG_FOSC$HSPLL                         (abs)         00000
__CFG_IESO$OFF                           (abs)         00000
__CFG_MSSPMSK$MSK5                       (abs)         00000
__CFG_PLLDIV$3                           (abs)         00000
__CFG_STVREN$ON                          (abs)         00000
__CFG_WDTEN$OFF                          (abs)         00000
__CFG_WDTPS$32768                        (abs)         00000
__CFG_XINST$OFF                          (abs)         00000
__HRAM                                   (abs)         00000
__Habs1                                  abs1          00000
__Hbank0                                 bank0         00000
__Hbank1                                 bank1         00000
__Hbank10                                bank10        00000
__Hbank11                                bank11        00000
__Hbank12                                bank12        00000
__Hbank13                                bank13        00000
__Hbank14                                bank14        00000
__Hbank15                                bank15        00000
__Hbank2                                 bank2         00000
__Hbank3                                 bank3         00000
__Hbank4                                 bank4         00000
__Hbank5                                 bank5         00000
__Hbank6                                 bank6         00000
__Hbank7                                 bank7         00000
__Hbank8                                 bank8         00000
__Hbank9                                 bank9         00000
__Hbigbss                                bigbss        00000
__Hbigdata                               bigdata       00000
__Hbigram                                bigram        00000
__Hbss                                   bss           00000
__HbssBANK1                              bssBANK1      00000
__HbssBANK2                              bssBANK2      00000
__HbssBANK3                              bssBANK3      00000
__HbssBANK4                              bssBANK4      00000
__HbssBIGRAM                             bssBIGRAM     00000
__HbssCOMRAM                             bssCOMRAM     00000
__Hcinit                                 cinit         00000
__Hclrtext                               clrtext       00000
__Hcomram                                comram        00000
__Hconfig                                config        1FFFE
__Hconst                                 const         00000
__HcstackBANK0                           cstackBANK0   00000
__HcstackBANK1                           cstackBANK1   00000
__HcstackBANK2                           cstackBANK2   00000
__HcstackCOMRAM                          cstackCOMRAM  00000
__Hdata                                  data          00000
__HdataBANK1                             dataBANK1     00000
__HdataCOMRAM                            dataCOMRAM    00000
__Hfarbss                                farbss        00000
__Hfardata                               fardata       00000
__Hibigdata                              ibigdata      00000
__Hidata                                 idata         00000
__HidataBANK1                            idataBANK1    00000
__HidataCOMRAM                           idataCOMRAM   00000
__Hidloc                                 idloc         00000
__Hifardata                              ifardata      00000
__Hinit                                  init          014AE
__Hintcode                               intcode       014AA
__Hintcode_body                          intcode_body  00000
__Hintcodelo                             intcodelo     014AA
__Hintentry                              intentry      00000
__Hintret                                intret        00000
__Hintsave_regs                          intsave_regs  00000
__Hirdata                                irdata        00000
__Hjflash_buffer                         jflash_buffer 1F800
__Hmediumconst                           mediumconst   10000
__HnvFARRAM                              nvFARRAM      00000
__Hnvbit                                 nvbit         00000
__Hnvrram                                nvrram        00000
__Hparam                                 rparam        00000
__Hpowerup                               powerup       014AA
__Hram                                   ram           00000
__Hramtop                                ramtop        01000
__Hrbit                                  rbit          00000
__Hrbss                                  rbss          00000
__Hrdata                                 rdata         00000
__Hreset_vec                             reset_vec     01404
__Hrparam                                rparam        00000
__Hsfr                                   sfr           00000
__Hsmallconst                            smallconst    00000
__Hspace_0                               (abs)         1FFFE
__Hspace_1                               (abs)         00572
__Hspace_2                               (abs)         00000
__Hstack                                 stack         00000
__Hstruct                                struct        00000
__Htemp                                  temp          00052
__Htext                                  text          00000
__Htext0                                 text0         00000
__Htext1                                 text1         00000
__Htext10                                text10        00000
__Htext100                               text100       00000
__Htext101                               text101       00000
__Htext102                               text102       00000
__Htext103                               text103       00000
__Htext104                               text104       00000
__Htext105                               text105       00000
__Htext106                               text106       00000
__Htext107                               text107       00000
__Htext108                               text108       00000
__Htext109                               text109       00000
__Htext11                                text11        00000
__Htext110                               text110       00000
__Htext111                               text111       00000
__Htext112                               text112       00000
__Htext113                               text113       00000
__Htext114                               text114       00000
__Htext115                               text115       00000
__Htext116                               text116       00000
__Htext117                               text117       00000
__Htext118                               text118       00000
__Htext119                               text119       00000
__Htext12                                text12        00000
__Htext120                               text120       00000
[...]
 Registers used:
		wreg, fsr2l, fsr2h, status,2, status,0
 Tracked objects:
		On entry : 
		On exit  : 
		Unchanged: 
 Data sizes:     COMRAM   BANK0   BANK1   BANK2   BANK3   BANK4   BANK5   BANK6   BANK7   BANK8   BANK9  BANK10  BANK11  BANK12  BANK13  BANK14  BANK15
      Params:         4       0       0       0       0       0       0       0       0       0       0       0       0       0       0       0       0
      Locals:         0       0       0       0       0       0       0       0       0       0       0       0       0       0       0       0       0
      Temps:          3       0       0       0       0       0       0       0       0       0       0       0       0       0       0       0       0
      Totals:         7       0       0       0       0       0       0       0       0       0       0       0       0       0       0       0       0
Total ram usage:        7 bytes
 Hardware stack levels used:    1
 This function calls:
		Nothing
 This function is called by:
		i2_Port_SetPin
 This function uses a non-reentrant model


 *************** function i2_MXK_SwitchTo *****************
 Defined at:
		line 105 in file "Library/MXK.c"
 Parameters:    Size  Location     Type
  pModule         1    wreg     enum E6927
 Auto vars:     Size  Location     Type
  pModule         1    7[COMRAM] enum E6927
  MXK_SwitchTo    1    6[COMRAM] unsigned char 
 Return value:  Size  Location     Type
                  1    wreg      unsigned char 
 Registers used:
		wreg, status,2, status,0, cstack
 Tracked objects:
		On entry : 
		On exit  : 
		Unchanged: 
 Data sizes:     COMRAM   BANK0   BANK1   BANK2   BANK3   BANK4   BANK5   BANK6   BANK7   BANK8   BANK9  BANK10  BANK11  BANK12  BANK13  BANK14  BANK15
      Params:         0       0       0       0       0       0       0       0       0       0       0       0       0       0       0       0       0
      Locals:         2       0       0       0       0       0       0       0       0       0       0       0       0       0       0       0       0
      Temps:          0       0       0       0       0       0       0       0       0       0       0       0       0       0       0       0       0
      Totals:         2       0       0       0       0       0       0       0       0       0       0       0       0       0       0       0       0
Total ram usage:        2 bytes
 Hardware stack levels used:    1
 Hardware stack levels required when called:    1
 This function calls:
		i2_delay_us
 This function is called by:
		i2_Motor_Step
 This function uses a non-reentrant model


 *************** function i2_delay_us *****************
 Defined at:
		line 255 in file "Library/Types.c"
 Parameters:    Size  Location     Type
  us              2    0[COMRAM] unsigned short 
 Auto vars:     Size  Location     Type
  delay_us        4    2[COMRAM] unsigned long 
 Return value:  Size  Location     Type
                  1    wreg      void 
 Registers used:
		wreg, status,2, status,0
 Tracked objects:
		On entry : 
		On exit  : 
		Unchanged: 
 Data sizes:     COMRAM   BANK0   BANK1   BANK2   BANK3   BANK4   BANK5   BANK6   BANK7   BANK8   BANK9  BANK10  BANK11  BANK12  BANK13  BANK14  BANK15
      Params:         2       0       0       0       0       0       0       0       0       0       0       0       0       0       0       0       0
      Locals:         4       0       0       0       0       0       0       0       0       0       0       0       0       0       0       0       0
      Temps:          0       0       0       0       0       0       0       0       0       0       0       0       0       0       0       0       0
      Totals:         6       0       0       0       0       0       0       0       0       0       0       0       0       0       0       0       0
Total ram usage:        6 bytes
 Hardware stack levels used:    1
 This function calls:
		Nothing
 This function is called by:
		i2_MXK_SwitchTo
 This function uses a non-reentrant model


 *************** function i2_MXK_Release *****************
 Defined at:
		line 130 in file "Library/MXK.c"
 Parameters:    Size  Location     Type
		None
 Auto vars:     Size  Location     Type
		None
 Return value:  Size  Location     Type
                  1    wreg      unsigned char 
 Registers used:
		wreg, status,2, status,0
 Tracked objects:
		On entry : 
		On exit  : 
		Unchanged: 
 Data sizes:     COMRAM   BANK0   BANK1   BANK2   BANK3   BANK4   BANK5   BANK6   BANK7   BANK8   BANK9  BANK10  BANK11  BANK12  BANK13  BANK14  BANK15
      Params:         0       0       0       0       0       0       0       0       0       0       0       0       0       0       0       0       0
      Locals:         0       0       0       0       0       0       0       0       0       0       0       0       0       0       0       0       0
      Temps:          0       0       0       0       0       0       0       0       0       0       0       0       0       0       0       0       0
      Totals:         0       0       0       0       0       0       0       0       0       0       0       0       0       0       0       0       0
Total ram usage:        0 bytes
 Hardware stack levels used:    1
 This function calls:
		Nothing
 This function is called by:
		i2_Motor_Step
 This function uses a non-reentrant model


 *************** function i2_MXK_Queue *****************
 Defined at:
		line 144 in file "Library/MXK.c"
 Parameters:    Size  Location     Type
  pCallback       3    0[COMRAM] PTR FTN()void 
		 -> Absolute function(1), Motor_Step(1), 
 Auto vars:     Size  Location     Type
		None
 Return value:  Size  Location     Type
                  1    wreg      void 
 Registers used:
		wreg, status,2, status,0
 Tracked objects:
		On entry : 
		On exit  : 
		Unchanged: 
 Data sizes:     COMRAM   BANK0   BANK1   BANK2   BANK3   BANK4   BANK5   BANK6   BANK7   BANK8   BANK9  BANK10  BANK11  BANK12  BANK13  BANK14  BANK15
      Params:         3       0       0       0       0       0       0       0       0       0       0       0       0       0       0       0       0
      Locals:         0       0       0       0       0       0       0       0       0       0       0       0       0       0       0       0       0
      Temps:          0       0       0       0       0       0       0       0       0       0       0       0       0       0       0       0       0
      Totals:         3       0       0       0       0       0       0       0       0       0       0       0       0       0       0       0       0
Total ram usage:        3 bytes
 Hardware stack levels used:    1
 This function calls:
		Nothing
 This function is called by:
		i2_Motor_Step
 This function uses a non-reentrant model



MODULE INFORMATION

Module		Function		Class		Link	Load	Size
Library/LCD.c
		_LCD_Init      		CODE           	15C62	0000	329
		_LCD_FillRectangle		CODE           	17E78	0000	85
		_Configure_GPIOs		CODE           	17CB8	0000	95
		_LCD_DrawField 		CODE           	1755C	0000	127
		_Set_Addr_Window		CODE           	1706C	0000	155
		_LCD_Word_Write		CODE           	18A50	0000	27
		_LCD_Reset     		CODE           	17FC6	0000	81
		_Set_Rotation  		CODE           	1719A	0000	147
		_Mode_Set      		CODE           	18C2C	0000	19
		_Reset_Low     		CODE           	18A84	0000	25
		_LCD_Write     		CODE           	189C0	0000	33
		_LCD_Fill      		CODE           	182BE	0000	73
		_Reset_High    		CODE           	18A9C	0000	25

Library/LCD.c estimated size: 1221

C:\Program Files (x86)\Microchip\xc8\v1.44\sources\common\lwmod.c
		___lwmod       		CODE           	183D8	0000	69

C:\Program Files (x86)\Microchip\xc8\v1.44\sources\common\lwmod.c estimated size: 69

dans.c
		_Create_Maze   		CODE           	10000	0000	8941
		_Detect_Victim 		CODE           	17D16	0000	95
		_Navigate_Maze 		CODE           	12954	0000	1331
		_ADCAverage    		CODE           	13C46	0000	753
		_Travel        		CODE           	122EC	0000	1641
		_FunctReadADC  		CODE           	1851A	0000	61
		_Drive         		CODE           	181E2	0000	75
		_Go_Backward   		CODE           	168C0	0000	223
		_InitADC       		CODE           	180B4	0000	77
		_pop           		CODE           	18100	0000	77
		_Get_VirtualWall_State		CODE           	1891C	0000	37
		_SteppingCW    		CODE           	18198	0000	75
		_SteppingCCW   		CODE           	1822C	0000	75
		_Move_ADC_To   		CODE           	15864	0000	347
		_Go_Home       		CODE           	189FE	0000	29
		_eusartSend    		CODE           	18C5A	0000	15
		_push          		CODE           	18394	0000	69
		_UpdateDistance		CODE           	17B92	0000	103
		_isempty       		CODE           	18BB4	0000	21
		_isfull        		CODE           	18BC8	0000	21
		_Robot_Stop    		CODE           	18960	0000	33
		_Turn          		CODE           	17748	0000	119
		_eusartRec     		CODE           	18CC2	0000	9

dans.c estimated size: 14227

Library/MXK.c
		_MXK_InitDIPSwitch		CODE           	18ACC	0000	25
		_MXK_DIPSwitch 		CODE           	18B28	0000	21
		_MXK_BlockSwitchTo		CODE           	18604	0000	57
		_MXK_Release   		CODE           	18B12	0000	23
		_MXK_Dequeue   		CODE           	1870E	0000	49
		_MXK_InitTestButton		CODE           	18AE4	0000	25
		_MXK_SwitchTo  		CODE           	18556	0000	59
		_MXK_TestButton		CODE           	18BA0	0000	21
		_MXK_Init      		CODE           	16030	0000	317
		_MXK_Queue     		CODE           	18C4C	0000	15

Library/MXK.c estimated size: 612

C:\Program Files (x86)\Microchip\xc8\v1.44\sources\common\xxtofl.c
		___xxtofl      		CODE           	159BE	0000	341

C:\Program Files (x86)\Microchip\xc8\v1.44\sources\common\xxtofl.c estimated size: 341

C:\Program Files (x86)\Microchip\xc8\v1.44\sources\common\flge.c
		___flge        		CODE           	1629A	0000	291

C:\Program Files (x86)\Microchip\xc8\v1.44\sources\common\flge.c estimated size: 291

C:\Program Files (x86)\Microchip\xc8\v1.44\sources\common\frexp.c
		_ldexp         		CODE           	167DC	0000	229
		_frexp         		CODE           	16E98	0000	159

C:\Program Files (x86)\Microchip\xc8\v1.44\sources\common\frexp.c estimated size: 388

Library/Port.c
		_GetPortTRIS   		CODE           	172BA	0000	137
		_GetPortPORT   		CODE           	173CA	0000	137
		_Port_TogglePin		CODE           	187FE	0000	47
		_Port_SetPinType		CODE           	150FA	0000	415
		_Port_Init     		CODE           	15414	0000	373
		_GetPortProperties		CODE           	17342	0000	137
		_Port_GetPin   		CODE           	18590	0000	59
		_Port_GetQuad  		CODE           	184DC	0000	63
		_Port_Set      		CODE           	141EC	0000	683
		_Port_SetPin   		CODE           	16B3A	0000	181
		_Port_SetType  		CODE           	14D76	0000	463
		_Port_CheckQuadType		CODE           	18016	0000	81
		_Port_CheckPairType		CODE           	17C58	0000	97
		_Port_CheckPortType		CODE           	1841C	0000	65
		_Port_SetQuadType		CODE           	1498E	0000	531

Library/Port.c estimated size: 3469

Library/LED.c
		_LED_Init      		CODE           	17DD0	0000	85
		_LED_Set       		CODE           	18276	0000	73
		_LED_Toggle    		CODE           	1845C	0000	65

Library/LED.c estimated size: 223

C:\Program Files (x86)\Microchip\xc8\v1.44\sources\common\floor.c
		_floor         		CODE           	163BC	0000	279

C:\Program Files (x86)\Microchip\xc8\v1.44\sources\common\floor.c estimated size: 279

Library/Motor.c
		_Motor_Step    		CODE           	164D2	0000	269

Library/Motor.c estimated size: 269

Events.c
		_Event_DIPSwitch		CODE           	188D0	0000	39
		_Event_NULL    		CODE           	1404	0000	3
		_Event_TestButton		CODE           	186A8	0000	53

Events.c estimated size: 95

C:\Program Files (x86)\Microchip\xc8\v1.44\sources\common\sprcmul.c
		___flmul       		CODE           	135B6	0000	851

C:\Program Files (x86)\Microchip\xc8\v1.44\sources\common\sprcmul.c estimated size: 851

C:\Program Files (x86)\Microchip\xc8\v1.44\sources\common\lwdiv.c
		___lwdiv       		CODE           	17F20	0000	85

C:\Program Files (x86)\Microchip\xc8\v1.44\sources\common\lwdiv.c estimated size: 85

C:\Program Files (x86)\Microchip\xc8\v1.44\sources\common\doprnt.c
		_printf        		CODE           	156FC	0000	361

C:\Program Files (x86)\Microchip\xc8\v1.44\sources\common\doprnt.c estimated size: 361

C:\Program Files (x86)\Microchip\xc8\v1.44\sources\common\fltol.c
		___fltol       		CODE           	1699E	0000	223

C:\Program Files (x86)\Microchip\xc8\v1.44\sources\common\fltol.c estimated size: 223

C:\Program Files (x86)\Microchip\xc8\v1.44\sources\common\sprcdiv.c
		___fldiv       		CODE           	13F36	0000	695

C:\Program Files (x86)\Microchip\xc8\v1.44\sources\common\sprcdiv.c estimated size: 695

C:\Program Files (x86)\Microchip\xc8\v1.44\sources\common\lldiv.c
		___lldiv       		CODE           	174D8	0000	133

C:\Program Files (x86)\Microchip\xc8\v1.44\sources\common\lldiv.c estimated size: 133

C:\Program Files (x86)\Microchip\xc8\v1.44\sources\common\Umul16.c
		___wmul        		CODE           	18880	0000	41

C:\Program Files (x86)\Microchip\xc8\v1.44\sources\common\Umul16.c estimated size: 41

C:\Program Files (x86)\Microchip\xc8\v1.44\sources\common\exp.c
		_exp           		CODE           	1471A	0000	629

C:\Program Files (x86)\Microchip\xc8\v1.44\sources\common\exp.c estimated size: 629

Functions.c
		_FunctInitButton		CODE           	177BE	0000	119

Functions.c estimated size: 119

C:\Program Files (x86)\Microchip\xc8\v1.44\sources\common\evalpoly.c
		_eval_poly     		CODE           	165DE	0000	257

C:\Program Files (x86)\Microchip\xc8\v1.44\sources\common\evalpoly.c estimated size: 257

HMI.c
		_HMI_InitButtons		CODE           	18CD6	0000	7
		_HMI_Poll      		CODE           	17BF8	0000	97
		_HMI_LeftSwitch		CODE           	18B8C	0000	21
		_HMI_UpSwitch  		CODE           	18B64	0000	21
		_HMI_SetSegments		CODE           	16F36	0000	157
		_HMI_Render    		CODE           	1863C	0000	55
		_OutSeg        		CODE           	178AA	0000	111
		_HMI_Init      		CODE           	15298	0000	381
		_HMI_RightSwitch		CODE           	18B78	0000	21
		_HMI_GetBar    		CODE           	18CD0	0000	7
		_HMI_SetBar    		CODE           	18CA6	0000	11
		_HMI_SetNumber 		CODE           	188F6	0000	39
		_HMI_SetButton 		CODE           	175DA	0000	123
		_HMI_DIPSwitch 		CODE           	18B3C	0000	21
		_HMI_DownSwitch		CODE           	18B50	0000	21

HMI.c estimated size: 1093

shared
		_InitList      		MEDIUMCONST    	FB55	0000	179
		exp@coeff      		MEDIUMCONST    	FE21	0000	41
		_PortE_Property		MEDIUMCONST    	FE71	0000	3
		i2_Byte_SetBit 		CODE           	1814C	0000	77
		_Font5x7       		MEDIUMCONST    	FC41	0000	481
		i2_Motor_Step  		CODE           	166DE	0000	255
		Timer2_Init@PRESCALE		MEDIUMCONST    	FC3E	0000	4
		_PortF_Property		MEDIUMCONST    	FE6F	0000	3
		_dpowers       		MEDIUMCONST    	FC27	0000	11
		i2_Byte_GetZone		CODE           	17834	0000	119
		i2_Byte_GetPair		CODE           	18A6A	0000	27
		_PortA_Property		MEDIUMCONST    	FE79	0000	3
		i2_Timer0_Stop 		CODE           	18CDC	0000	7
		_PortG_Property		MEDIUMCONST    	FE6D	0000	3
		i2_Timer0_Restart		CODE           	18C90	0000	13
		HMI_SetButton@F7213		MEDIUMCONST    	FC3A	0000	5
		__initialization		CODE           	16FD2	0000	145
		i2_MXK_SwitchTo		CODE           	18672	0000	55
		_PortB_Property		MEDIUMCONST    	FE77	0000	3
		_MASKS         		MEDIUMCONST    	FC31	0000	10
		i2_Word_GetPair		CODE           	187CE	0000	49
		i2_Port_SetPin 		CODE           	16D48	0000	171
		i2_MXK_Release 		CODE           	18CE2	0000	7
		_PortC_Property		MEDIUMCONST    	FE75	0000	3
		PortProperty_Valid@F6830		MEDIUMCONST    	FC17	0000	17
		log@coeff      		MEDIUMCONST    	FE49	0000	37
		Timer0_Init@PRESCALE		MEDIUMCONST    	FC07	0000	17
		i2_delay_us    		CODE           	1849C	0000	65
		_PortD_Property		MEDIUMCONST    	FE73	0000	3
		i2_MXK_Queue   		CODE           	18C76	0000	15

shared estimated size: 1828

C:\Program Files (x86)\Microchip\xc8\v1.44\sources\common\awdiv.c
		___awdiv       		CODE           	17452	0000	135

C:\Program Files (x86)\Microchip\xc8\v1.44\sources\common\awdiv.c estimated size: 135

Library/Button.c
		_Button_Poll   		CODE           	1616C	0000	303
		_Button_Init   		CODE           	16BEE	0000	177

Library/Button.c estimated size: 480

C:\Program Files (x86)\Microchip\xc8\v1.44\sources\common\flneg.c
		___flneg       		CODE           	1879E	0000	49

C:\Program Files (x86)\Microchip\xc8\v1.44\sources\common\flneg.c estimated size: 49

C:\Program Files (x86)\Microchip\xc8\v1.44\sources\common\sprcadd.c
		___flsub       		CODE           	18306	0000	73
		___fladd       		CODE           	13908	0000	831

C:\Program Files (x86)\Microchip\xc8\v1.44\sources\common\sprcadd.c estimated size: 904

C:\Program Files (x86)\Microchip\xc8\v1.44\sources\common\log.c
		_log           		CODE           	15588	0000	373

C:\Program Files (x86)\Microchip\xc8\v1.44\sources\common\log.c estimated size: 373

Library/ISR.c
		_ISR_Function  		CODE           	1408	0000	163
		_ISR_Enable    		CODE           	18C9C	0000	11

Library/ISR.c estimated size: 174

Library/SPI.c
		_SPI_MinSpeed  		CODE           	17AC2	0000	105
		_SPI_DisableISR		CODE           	18858	0000	41
		_SPI_MaxSpeed  		CODE           	17A5A	0000	105
		_SPI_Init      		CODE           	12E86	0000	933
		_SPI_Send      		CODE           	17984	0000	109
		_SPI_DCS       		CODE           	1873E	0000	49

Library/SPI.c estimated size: 1342

main.c
		_Init_Timer0   		CODE           	18AB4	0000	25
		_main          		CODE           	1322A	0000	909
		_STP1          		CODE           	18C18	0000	21
		_STP2          		CODE           	18C04	0000	21
		_STP3          		CODE           	18BF0	0000	21
		_InitSerialCommunication		CODE           	189E0	0000	31
		_STP4          		CODE           	18BDC	0000	21
		_Sensor_Observe		CODE           	15EF0	0000	321
		_Closest_Object		CODE           	16C9E	0000	171
		_Robot_Init    		CODE           	18AFC	0000	23

main.c estimated size: 1564

Library/Console.c
		_Console_NewLine		CODE           	176CE	0000	123
		_putch         		CODE           	18C68	0000	15
		_Console_ClearCursor		CODE           	1876E	0000	49
		_Console_ResetCursor		CODE           	18A36	0000	27
		_Console_Tab   		CODE           	17106	0000	149
		_Console_IncrementCursor		CODE           	17E24	0000	85
		_Console_FormFeed		CODE           	17918	0000	109
		_Console_Init  		CODE           	179F0	0000	107
		_Console_Backspace		CODE           	18066	0000	79
		_Console_MakeField		CODE           	16DF2	0000	167
		_Console_PrintChar		CODE           	15B12	0000	337
		_Console_Render		CODE           	14F44	0000	439

Library/Console.c estimated size: 1686

Library/Timer2.c
		_Timer2_Init   		CODE           	15DAA	0000	327
		_Timer2_Clear  		CODE           	18CBA	0000	9

Library/Timer2.c estimated size: 336

C:\Program Files (x86)\Microchip\xc8\v1.44\sources\common\pow.c
		_pow           		CODE           	14BA0	0000	471

C:\Program Files (x86)\Microchip\xc8\v1.44\sources\common\pow.c estimated size: 471

Library/Types.c
		_Word_GetPair  		CODE           	186DC	0000	51
		_delay_us      		CODE           	1834E	0000	71
		_ToSegment     		CODE           	14496	0000	645
		_Byte_GetBit   		CODE           	1882C	0000	45
		_Word_SetPair  		CODE           	185CA	0000	59
		_itos          		CODE           	16A7C	0000	191
		_Byte_GetZone  		CODE           	17654	0000	123
		_Byte_GetPair  		CODE           	18A1A	0000	29
		_Byte_SetBit   		CODE           	17F74	0000	83
		_Byte_SetQuad  		CODE           	189A0	0000	33
		_Byte_SetZone  		CODE           	1722C	0000	143
		_Byte_SetByte  		CODE           	18C3E	0000	15
		_Byte_SetPair  		CODE           	18980	0000	33
		_delay_ms      		CODE           	17D74	0000	93
		_reverse       		CODE           	17ECC	0000	85
		_PortProperty_Valid		CODE           	17B2A	0000	105

Library/Types.c estimated size: 1804

Library/Timer0.c
		_Timer0_ISR    		CODE           	188A8	0000	41
		_Timer0_Stop   		CODE           	18CCA	0000	7
		_Timer0_Restart		CODE           	18C84	0000	13

Library/Timer0.c estimated size: 61

