Microchip MPLAB XC8 Compiler V1.45 ()

Linker command line:

-W-3 --edf=C:\Program Files (x86)\Microchip\xc8\v1.45\dat\en_msgs.txt -cs \
  -h+dist/BOOTLOADER/production\mech2.production.sym \
  --cmf=dist/BOOTLOADER/production\mech2.production.cmf -z -Q18F67J50 \
  -oC:\Users\Xplos\AppData\Local\Temp\s8i4.2 \
  -Mdist/BOOTLOADER/production/mech2.production.map -E1 -ver=XC8 \
  --acfsm=1493 -ASTACK=0444h-0f3fh -pstack=STACK \
  -ACODE=01400h-01405h,01408h-01415h,01418h-01FFF7h \
  -ACONST=01400h-01405h,01408h-01415h,01418h-01FFF7h \
  -ASMALLCONST=01400h-01405h,01408h-01415h,01418h-014FFh,01500h-015FFhx490,01FF00h-01FFF7h \
  -AMEDIUMCONST=01400h-01405h,01408h-01415h,01418h-0FFFFh,011000h-01FFF7h \
  -ACOMRAM=01h-05Fh -AABS1=00h-0F3Fh -ABIGRAM=01h-0F3Fh \
  -ARAM=060h-0FFh,0100h-01FFhx14,0F00h-0F3Fh -ABANK0=060h-0FFh \
  -ABANK1=0100h-01FFh -ABANK2=0200h-02FFh -ABANK3=0300h-03FFh \
  -ABANK4=0400h-04FFh -ABANK5=0500h-05FFh -ABANK6=0600h-06FFh \
  -ABANK7=0700h-07FFh -ABANK8=0800h-08FFh -ABANK9=0900h-09FFh \
  -ABANK10=0A00h-0AFFh -ABANK11=0B00h-0BFFh -ABANK12=0C00h-0CFFh \
  -ABANK13=0D00h-0DFFh -ABANK14=0E00h-0EFFh -ABANK15=0F00h-0F3Fh \
  -ASFR=0F40h-0F5Fh,0F60h-0FFFh \
  -preset_vec=01400h,intcode=01408h,intcodelo,powerup,init -pramtop=01000h \
  -psmallconst=SMALLCONST -pmediumconst=MEDIUMCONST -pconst=CONST \
  -AFARRAM=00h-00h -ACONFIG=01FFF8h-01FFFDh -pconfig=CONFIG \
  -pjflash_buffer=01F800h \
  -prdata=COMRAM,nvrram=COMRAM,nvbit=COMRAM,rbss=COMRAM,rbit=COMRAM \
  -pfarbss=FARRAM,fardata=FARRAM,nvFARRAM=FARRAM \
  -pintsave_regs=BIGRAM,bigbss=BIGRAM,bigdata=BIGRAM -pbss=RAM \
  -pidata=CODE,irdata=CODE,ibigdata=CODE,ifardata=CODE -prparam=COMRAM \
  C:\Users\Xplos\AppData\Local\Temp\s8i4.obj \
  dist/BOOTLOADER/production\mech2.production.obj 

Object code version is 3.11

Machine type is 18F67J50

Call graph: (short form)




                Name                               Link     Load   Length Selector   Space Scale
C:\Users\Xplos\AppData\Local\Temp\s8i4.obj
                init                               14AA     14AA        4      A04       0
                reset_vec                          1400     1400        4      A00       0
                config                            1FFF8    1FFF8        6    1FFF8       0
dist/BOOTLOADER/production\mech2.production.obj
                intcode                            1408     1408       A2      A04       0
                temp                                 51       51        1        1       1
                mediumconst                        FB56     FB56      4AA     7DAB       0
                text166                           16020    16020        E     8000       0
                text165                           160AE    160AE        6     B029       0
                text164                           157DE    157DE       40     8000       0
                text163                           159F2    159F2       36     8000       0
                text162                           1551C    1551C       4C     8000       0
                text161                           14C6E    14C6E       76     8000       0
                text160                           15E4A    15E4A       1A     8000       0
                text159                           15B84    15B84       30     8000       0
                text158                           14188    14188       AA     8000       0
                text157                           1603A    1603A        C     8000       0
                text156                           160A8    160A8        6     B029       0
                text155                           13BFA    13BFA      100     8000       0
                text154                           15CB2    15CB2       28     8000       0
                text152                           16012    16012        E     8000       0
                text151                           15C8A    15C8A       28     8000       0
                text150                           1589A    1589A       3C     8000       0
                text149                           14DBE    14DBE       6C     8000       0
                text148                           14CE4    14CE4       6E     8000       0
                text147                           159BC    159BC       36     8000       0
                text146                           11A30    11A30      284     8000       0
                text145                           14376    14376       9C     8000       0
                text144                           152EE    152EE       54     8000       0
                text143                           1571A    1571A       44     8000       0
                text142                           1529A    1529A       54     8000       0
                text141                           13EBC    13EBC       BE     8000       0
                text140                           15D00    15D00       26     8000       0
                text139                           14886    14886       86     8000       0
                text138                           15C62    15C62       28     8000       0
                text137                           114D0    114D0      2B6     8000       0
                text136                           15B54    15B54       30     8000       0
                text135                           10E84    10E84      33E     8000       0
                text134                           1568C    1568C       48     8000       0
                text133                           10B32    10B32      352     8000       0
                text132                           13AFA    13AFA      100     8000       0
                text131                           1359A    1359A      122     8000       0
                text130                           13DDE    13DDE       DE     8000       0
                text129                           12DFE    12DFE      154     8000       0
                text128                           142D8    142D8       9E     8000       0
                text127                           137D2    137D2      116     8000       0
                text126                           13CFA    13CFA       E4     8000       0
                text125                           11CB4    11CB4      274     8000       0
                text124                           12B22    12B22      174     8000       0
                text123                           1213A    1213A      1D6     8000       0
                text122                           111C2    111C2      30E     8000       0
                text121                           15C0E    15C0E       2C     8000       0
                text120                           14232    14232       A6     8000       0
                text119                           15FD6    15FD6       12     8000       0
                text118                           15D86    15D86       20     8000       0
                text117                           15E30    15E30       1A     8000       0
                text116                           14412    14412       9A     8000       0
                text115                           14990    14990       7E     8000       0
                text114                           15246    15246       54     8000       0
                text113                           124DE    124DE      1B6     8000       0
                text112                           15FC4    15FC4       12     8000       0
                text111                           1608E    1608E        8     B029       0
                text110                           16086    16086        8     B029       0
                text109                           1607E    1607E        8     B029       0
                text108                           16076    16076        8     B029       0
                text107                           150EA    150EA       5C     8000       0
                text106                           155B2    155B2       4A     8000       0
                text105                           15B24    15B24       30     8000       0
                text104                           15434    15434       50     8000       0
                text103                           15DE0    15DE0       1C     8000       0
                text102                           14D52    14D52       6C     8000       0
                text101                           14A0E    14A0E       7C     8000       0
                text100                           151F2    151F2       54     8000       0
                text99                            144AC    144AC       94     8000       0
                text98                            12F52    12F52      150     8000       0
                text97                            16004    16004        E     8000       0
                text96                            12C96    12C96      168     8000       0
                text95                            140DE    140DE       AA     8000       0
                text94                            15568    15568       4A     8000       0
                text93                            14B7E    14B7E       7A     8000       0
                text92                            14E2A    14E2A       6A     8000       0
                text91                            15AC2    15AC2       32     8000       0
                text90                            14660    14660       8E     8000       0
                text89                            15D66    15D66       20     8000       0
                text88                            14B04    14B04       7A     8000       0
                text87                            15DC4    15DC4       1C     8000       0
                text86                            15A90    15A90       32     8000       0
                text85                            14F64    14F64       68     8000       0
                text84                            1502C    1502C       60     8000       0
                text83                            153E4    153E4       50     8000       0
                text82                            15D46    15D46       20     8000       0
                text81                            1594A    1594A       3A     8000       0
                text80                            11F28    11F28      212     8000       0
                text79                            15342    15342       52     8000       0
                text78                            12694    12694      19E     8000       0
                text77                            15EF4    15EF4       18     8000       0
                text76                            160A2    160A2        6     B029       0
                text75                            15EDC    15EDC       18     8000       0
                text74                            1402E    1402E       B0     8000       0
                text73                            14BF8    14BF8       76     8000       0
                text72                            1606E    1606E        8     B029       0
                text71                            15EC4    15EC4       18     8000       0
                text70                            15AF4    15AF4       30     8000       0
                text69                            15C3A    15C3A       28     8000       0
                text68                            16066    16066        8     B029       0
                text67                            1490C    1490C       84     8000       0
                text66                            131EA    131EA      146     8000       0
                text65                            1078E    1078E      3A4     8000       0
                text64                            14EFC    14EFC       68     8000       0
                text63                            12832    12832      17C     8000       0
                text62                            1609C    1609C        6     B029       0
                text61                            1605C    1605C        A     B029       0
                text60                            15910    15910       3A     8000       0
                text59                            13F7A    13F7A       B4     8000       0
                text58                            15BB4    15BB4       2E     8000       0
                text57                            1579E    1579E       40     8000       0
                text56                            14A8A    14A8A       7A     8000       0
                text55                            15A5C    15A5C       34     8000       0
                text54                             1404     1404        2      A00       0
                text53                            15CDA    15CDA       26     8000       0
                text52                            1585C    1585C       3E     8000       0
                text51                            15FB0    15FB0       14     8000       0
                text50                            15F9C    15F9C       14     8000       0
                text49                            15F88    15F88       14     8000       0
                text48                            15F74    15F74       14     8000       0
                text47                            15F60    15F60       14     8000       0
                text46                            15F4C    15F4C       14     8000       0
                text45                            15F38    15F38       14     8000       0
                text44                            1346C    1346C      12E     8000       0
                text43                            14FCC    14FCC       60     8000       0
                text42                            16052    16052        A     B029       0
                text41                            154D0    154D0       4C     8000       0
                text40                            15DA6    15DA6       1E     8000       0
                text39                            15EAC    15EAC       18     8000       0
                text38                            15E94    15E94       18     8000       0
                text37                            15E7C    15E7C       18     8000       0
                text36                            15394    15394       50     8000       0
                text35                            14E94    14E94       68     8000       0
                text34                            1508C    1508C       5E     8000       0
                text33                            15644    15644       48     8000       0
                text32                            14540    14540       92     8000       0
                text31                            130A2    130A2      148     8000       0
                text30                            15E16    15E16       1A     8000       0
                text29                            15DFC    15DFC       1A     8000       0
                text28                            1581E    1581E       3E     8000       0
                text27                            156D4    156D4       46     8000       0
                text26                            15984    15984       38     8000       0
                text25                            15FF6    15FF6        E     8000       0
                text24                            15E64    15E64       18     8000       0
                text23                            158D6    158D6       3A     8000       0
                text22                            1602E    1602E        C     8000       0
                text21                            16096    16096        6     B029       0
                text20                            138E8    138E8      10E     8000       0
                text19                            15A28    15A28       34     8000       0
                text18                            155FC    155FC       48     8000       0
                text17                            1519E    1519E       54     8000       0
                text16                            147FE    147FE       88     8000       0
                text15                            14776    14776       88     8000       0
                text14                            146EE    146EE       88     8000       0
                text13                            15FE8    15FE8        E     8000       0
                text12                            11786    11786      2AA     8000       0
                text11                            1575E    1575E       40     8000       0
                text10                            12310    12310      1CE     8000       0
                text9                             129AE    129AE      174     8000       0
                text8                             13330    13330      13C     8000       0
                text7                             15484    15484       4C     8000       0
                text6                             15D26    15D26       20     8000       0
                text5                             15BE2    15BE2       2C     8000       0
                text4                             15F22    15F22       16     8000       0
                text3                             139F6    139F6      104     8000       0
                text2                             136BC    136BC      116     8000       0
                text1                             15146    15146       58     8000       0
                text0                             10000    10000      78E     8000       0
                cstackCOMRAM                          1        1       28        1       1
                cstackBANK0                          60       60       86       60       1
                cstackBANK3                         300      300       18      300       1
                bssBIGRAM                           318      318      12C      318       1
                bssBANK2                            200      200       FB      200       1
                dataBANK1                           1E1      1E1       16      100       1
                bssBANK1                            100      100       E1      100       1
                bssBANK0                             E6       E6       10       60       1
                dataCOMRAM                           46       46        B        1       1
                bssCOMRAM                            29       29       1D        1       1
                cinit                             145D2    145D2       8E     8000       0
                idataBANK1                        15F0C    15F0C       16     8000       0
                idataCOMRAM                       16046    16046        B     8000       0

TOTAL           Name                               Link     Load   Length     Space
        CLASS   STACK          

        CLASS   CODE           
                intcode                            1408     1408       A2         0
                init                               14AA     14AA        4         0
                reset_vec                          1400     1400        4         0
                text166                           16020    16020        E         0
                text165                           160AE    160AE        6         0
                text164                           157DE    157DE       40         0
                text163                           159F2    159F2       36         0
                text162                           1551C    1551C       4C         0
                text161                           14C6E    14C6E       76         0
                text160                           15E4A    15E4A       1A         0
                text159                           15B84    15B84       30         0
                text158                           14188    14188       AA         0
                text157                           1603A    1603A        C         0
                text156                           160A8    160A8        6         0
                text155                           13BFA    13BFA      100         0
                text154                           15CB2    15CB2       28         0
                text152                           16012    16012        E         0
                text151                           15C8A    15C8A       28         0
                text150                           1589A    1589A       3C         0
                text149                           14DBE    14DBE       6C         0
                text148                           14CE4    14CE4       6E         0
                text147                           159BC    159BC       36         0
                text146                           11A30    11A30      284         0
                text145                           14376    14376       9C         0
                text144                           152EE    152EE       54         0
                text143                           1571A    1571A       44         0
                text142                           1529A    1529A       54         0
                text141                           13EBC    13EBC       BE         0
                text140                           15D00    15D00       26         0
                text139                           14886    14886       86         0
                text138                           15C62    15C62       28         0
                text137                           114D0    114D0      2B6         0
                text136                           15B54    15B54       30         0
                text135                           10E84    10E84      33E         0
                text134                           1568C    1568C       48         0
                text133                           10B32    10B32      352         0
                text132                           13AFA    13AFA      100         0
                text131                           1359A    1359A      122         0
                text130                           13DDE    13DDE       DE         0
                text129                           12DFE    12DFE      154         0
                text128                           142D8    142D8       9E         0
                text127                           137D2    137D2      116         0
                text126                           13CFA    13CFA       E4         0
                text125                           11CB4    11CB4      274         0
                text124                           12B22    12B22      174         0
                text123                           1213A    1213A      1D6         0
                text122                           111C2    111C2      30E         0
                text121                           15C0E    15C0E       2C         0
                text120                           14232    14232       A6         0
                text119                           15FD6    15FD6       12         0
                text118                           15D86    15D86       20         0
                text117                           15E30    15E30       1A         0
                text116                           14412    14412       9A         0
                text115                           14990    14990       7E         0
                text114                           15246    15246       54         0
                text113                           124DE    124DE      1B6         0
                text112                           15FC4    15FC4       12         0
                text111                           1608E    1608E        8         0
                text110                           16086    16086        8         0
                text109                           1607E    1607E        8         0
                text108                           16076    16076        8         0
                text107                           150EA    150EA       5C         0
                text106                           155B2    155B2       4A         0
                text105                           15B24    15B24       30         0
                text104                           15434    15434       50         0
                text103                           15DE0    15DE0       1C         0
                text102                           14D52    14D52       6C         0
                text101                           14A0E    14A0E       7C         0
                text100                           151F2    151F2       54         0
                text99                            144AC    144AC       94         0
                text98                            12F52    12F52      150         0
                text97                            16004    16004        E         0
                text96                            12C96    12C96      168         0
                text95                            140DE    140DE       AA         0
                text94                            15568    15568       4A         0
                text93                            14B7E    14B7E       7A         0
                text92                            14E2A    14E2A       6A         0
                text91                            15AC2    15AC2       32         0
                text90                            14660    14660       8E         0
                text89                            15D66    15D66       20         0
                text88                            14B04    14B04       7A         0
                text87                            15DC4    15DC4       1C         0
                text86                            15A90    15A90       32         0
                text85                            14F64    14F64       68         0
                text84                            1502C    1502C       60         0
                text83                            153E4    153E4       50         0
                text82                            15D46    15D46       20         0
                text81                            1594A    1594A       3A         0
                text80                            11F28    11F28      212         0
                text79                            15342    15342       52         0
                text78                            12694    12694      19E         0
                text77                            15EF4    15EF4       18         0
                text76                            160A2    160A2        6         0
                text75                            15EDC    15EDC       18         0
                text74                            1402E    1402E       B0         0
                text73                            14BF8    14BF8       76         0
                text72                            1606E    1606E        8         0
                text71                            15EC4    15EC4       18         0
                text70                            15AF4    15AF4       30         0
                text69                            15C3A    15C3A       28         0
                text68                            16066    16066        8         0
                text67                            1490C    1490C       84         0
                text66                            131EA    131EA      146         0
                text65                            1078E    1078E      3A4         0
                text64                            14EFC    14EFC       68         0
                text63                            12832    12832      17C         0
                text62                            1609C    1609C        6         0
                text61                            1605C    1605C        A         0
                text60                            15910    15910       3A         0
                text59                            13F7A    13F7A       B4         0
                text58                            15BB4    15BB4       2E         0
                text57                            1579E    1579E       40         0
                text56                            14A8A    14A8A       7A         0
                text55                            15A5C    15A5C       34         0
                text54                             1404     1404        2         0
                text53                            15CDA    15CDA       26         0
                text52                            1585C    1585C       3E         0
                text51                            15FB0    15FB0       14         0
                text50                            15F9C    15F9C       14         0
                text49                            15F88    15F88       14         0
                text48                            15F74    15F74       14         0
                text47                            15F60    15F60       14         0
                text46                            15F4C    15F4C       14         0
                text45                            15F38    15F38       14         0
                text44                            1346C    1346C      12E         0
                text43                            14FCC    14FCC       60         0
                text42                            16052    16052        A         0
                text41                            154D0    154D0       4C         0
                text40                            15DA6    15DA6       1E         0
                text39                            15EAC    15EAC       18         0
                text38                            15E94    15E94       18         0
                text37                            15E7C    15E7C       18         0
                text36                            15394    15394       50         0
                text35                            14E94    14E94       68         0
                text34                            1508C    1508C       5E         0
                text33                            15644    15644       48         0
                text32                            14540    14540       92         0
                text31                            130A2    130A2      148         0
                text30                            15E16    15E16       1A         0
                text29                            15DFC    15DFC       1A         0
                text28                            1581E    1581E       3E         0
                text27                            156D4    156D4       46         0
                text26                            15984    15984       38         0
                text25                            15FF6    15FF6        E         0
                text24                            15E64    15E64       18         0
                text23                            158D6    158D6       3A         0
                text22                            1602E    1602E        C         0
                text21                            16096    16096        6         0
                text20                            138E8    138E8      10E         0
                text19                            15A28    15A28       34         0
                text18                            155FC    155FC       48         0
                text17                            1519E    1519E       54         0
                text16                            147FE    147FE       88         0
                text15                            14776    14776       88         0
                text14                            146EE    146EE       88         0
                text13                            15FE8    15FE8        E         0
                text12                            11786    11786      2AA         0
                text11                            1575E    1575E       40         0
                text10                            12310    12310      1CE         0
                text9                             129AE    129AE      174         0
                text8                             13330    13330      13C         0
                text7                             15484    15484       4C         0
                text6                             15D26    15D26       20         0
                text5                             15BE2    15BE2       2C         0
                text4                             15F22    15F22       16         0
                text3                             139F6    139F6      104         0
                text2                             136BC    136BC      116         0
                text1                             15146    15146       58         0
                text0                             10000    10000      78E         0
                cinit                             145D2    145D2       8E         0
                idataBANK1                        15F0C    15F0C       16         0
                idataCOMRAM                       16046    16046        B         0

        CLASS   CONST          

        CLASS   SMALLCONST     

        CLASS   MEDIUMCONST    
                mediumconst                        FB56     FB56      4AA         0

        CLASS   COMRAM         
                temp                                 51       51        1         1
                cstackCOMRAM                          1        1       28         1
                dataCOMRAM                           46       46        B         1
                bssCOMRAM                            29       29       1D         1

        CLASS   ABS1           

        CLASS   BIGRAM         
                bssBIGRAM                           318      318      12C         1

        CLASS   RAM            

        CLASS   BANK0          
                cstackBANK0                          60       60       86         1
                bssBANK0                             E6       E6       10         1

        CLASS   BANK1          
                dataBANK1                           1E1      1E1       16         1
                bssBANK1                            100      100       E1         1

        CLASS   BANK2          
                bssBANK2                            200      200       FB         1

        CLASS   BANK3          
                cstackBANK3                         300      300       18         1

        CLASS   BANK4          

        CLASS   BANK5          

        CLASS   BANK6          

        CLASS   BANK7          

        CLASS   BANK8          

        CLASS   BANK9          

        CLASS   BANK10         

        CLASS   BANK11         

        CLASS   BANK12         

        CLASS   BANK13         

        CLASS   BANK14         

        CLASS   BANK15         

        CLASS   SFR            

        CLASS   FARRAM         

        CLASS   CONFIG         
                config                            1FFF8    1FFF8        6         0

        CLASS   IDLOC          



SEGMENTS        Name                           Load    Length   Top    Selector   Space  Class

                cstackCOMRAM                   000001  000051  000052         1       1  COMRAM  
                cstackBANK0                    000060  000096  0000F6        60       1  BANK0   
                bssBANK1                       000100  0000F7  0001F7       100       1  BANK1   
                bssBANK2                       000200  0000FB  0002FB       200       1  BANK2   
                cstackBANK3                    000300  000018  000318       300       1  BANK3   
                bssBIGRAM                      000318  00012C  000444       318       1  BIGRAM  
                reset_vec                      001400  000006  001406       A00       0  CODE    
                intcode                        001408  0000A6  0014AE       A04       0  CODE    
                mediumconst                    00FB56  0004AA  010000      7DAB       0  MEDIUMCO
                text0                          010000  006051  016051      8000       0  CODE    
                text42                         016052  000062  0160B4      B029       0  CODE    
                config                         01FFF8  000006  01FFFE     1FFF8       0  CONFIG  


UNUSED ADDRESS RANGES

        Name                Unused          Largest block    Delta
        BANK0            000F6-000FF               A
        BANK1            001F7-001FF               9
        BANK10           00A00-00AFF             100
        BANK11           00B00-00BFF             100
        BANK12           00C00-00CFF             100
        BANK13           00D00-00DFF             100
        BANK14           00E00-00EFF             100
        BANK15           00F00-00F3F              40
        BANK2            002FB-002FF               5
        BANK4            00444-004FF              BC
        BANK5            00500-005FF             100
        BANK6            00600-006FF             100
        BANK7            00700-007FF             100
        BANK8            00800-008FF             100
        BANK9            00900-009FF             100
        BIGRAM           00052-0005F               E
                         000F6-000FF               A
                         001F7-001FF               9
                         002FB-002FF               5
                         00444-00F3F             AFC
        CODE             014AE-0FB55            E6A8
                         16051-16051               1
                         160B4-1FFF7            9F44
        COMRAM           00052-0005F               E
        CONST            014AE-0FB55            E6A8
                         16051-16051               1
                         160B4-1FFF7            9F44
        FARRAM           00000-00000               1
        MEDIUMCONST      014AE-0FB55            E6A8
                         16051-16051               1
                         160B4-1FFF7            9F44
        RAM              000F6-000FF               A
                         001F7-001FF               9
                         002FB-002FF               5
                         00444-00F3F             100
        SFR              00F40-00FFF              20
        SMALLCONST       014AE-0FB55             100
                         16051-16051               1
                         160B4-1FFF7             100
        STACK            00444-00F3F             AFC

                                  Symbol Table

?_Console_MakeField               cstackBANK0   00065
?_FunctReadADC                    cstackBANK0   00060
?_GetPortPORT                     cstackBANK0   00060
?_GetPortProperties               cstackBANK0   00060
?_GetPortTRIS                     cstackBANK0   00060
?_UpdateDistance                  cstackBANK0   00061
?___awdiv                         cstackBANK0   00060
?___fladd                         cstackBANK0   0008B
?___fldiv                         cstackBANK0   00060
?___flmul                         cstackBANK0   0006E
?___flneg                         cstackBANK0   00087
?___flsub                         cstackBANK0   0009F
?___fltol                         cstackBANK0   0009F
?___lldiv                         cstackBANK0   00060
?___lwdiv                         cstackBANK0   00060
?___lwmod                         cstackBANK0   00067
?___wmul                          cstackBANK0   00060
?___xxtofl                        cstackBANK0   00060
?_eval_poly                       cstackBANK0   0009F
?_exp                             cstackBANK0   000B7
?_floor                           cstackBANK0   000A9
?_frexp                           cstackBANK0   00060
?_ldexp                           cstackBANK0   000AF
?_log                             cstackBANK0   000AF
?_pow                             cstackBANK0   000C2
?_printf                          cstackBANK0   00075
BangBang@LSpeedH                  cstackBANK0   00065
BangBang@LSpeedL                  cstackBANK0   00067
BangBang@RSpeedH                  cstackBANK0   00061
BangBang@RSpeedL                  cstackBANK0   00063
Button_Init@pFunction             cstackBANK0   000A5
Button_Init@pGetState             cstackBANK0   000A2
Button_Init@pInitIO               cstackBANK0   0009F
Button_Init@pInput                cstackBANK0   0009B
Button_Init@pThreshold            cstackBANK0   0009D
Button_Poll@Pin                   cstackBANK0   00083
Button_Poll@pButton               cstackBANK0   0007B
Button_Poll@pIncrement            cstackBANK0   0007D
Byte_GetBit@Output                cstackBANK0   00064
Byte_GetBit@pBit                  cstackBANK0   00062
Byte_GetBit@pInput                cstackBANK0   00060
Byte_GetPair@pInput               cstackBANK0   00069
Byte_GetPair@pPair                cstackBANK0   0006B
Byte_GetZone@MASK                 cstackBANK0   00066
Byte_GetZone@Offset               cstackBANK0   00067
Byte_GetZone@Output               cstackBANK0   00068
Byte_GetZone@pChunk               cstackBANK0   00063
Byte_GetZone@pChunkSize           cstackBANK0   00064
Byte_GetZone@pInput               cstackBANK0   00060
Byte_GetZone@pMax                 cstackBANK0   00062
Byte_SetBit@pBit                  cstackBANK0   00062
Byte_SetBit@pInput                cstackBANK0   00060
Byte_SetBit@pValue                cstackBANK0   00063
Byte_SetByte@pInput               cstackBANK0   00060
Byte_SetByte@pValue               cstackBANK0   00062
Byte_SetPair@pInput               cstackBANK0   0006B
Byte_SetPair@pPair                cstackBANK0   0006D
Byte_SetPair@pValue               cstackBANK0   0006E
Byte_SetQuad@pInput               cstackBANK0   0006B
Byte_SetQuad@pQuad                cstackBANK0   0006D
Byte_SetQuad@pValue               cstackBANK0   0006E
Byte_SetZone@MASK                 cstackBANK0   0006A
Byte_SetZone@Offset               cstackBANK0   00069
Byte_SetZone@pChunk               cstackBANK0   00063
Byte_SetZone@pChunkSize           cstackBANK0   00064
Byte_SetZone@pInput               cstackBANK0   00060
Byte_SetZone@pMax                 cstackBANK0   00062
Byte_SetZone@pValue               cstackBANK0   00065
Console_FormFeed@x                cstackBANK0   00062
Console_FormFeed@y                cstackBANK0   00063
Console_Init@x                    cstackBANK0   00062
Console_Init@y                    cstackBANK0   00063
Console_MakeField@Column          cstackBANK0   0006C
Console_MakeField@Fill            bssBANK2      00282
Console_MakeField@Index           cstackBANK0   00069
Console_MakeField@pInput          cstackBANK0   0006B
Console_MakeField@x               cstackBANK0   00070
Console_MakeField@y               cstackBANK0   00071
Console_PrintChar@pInput          cstackBANK0   00073
Console_Render@F6956              dataBANK1     001E1
Console_Render@lCursor            cstackBANK0   00086
Console_Render@temp               cstackBANK0   00085
Console_Render@x                  cstackBANK0   0008A
Console_Render@y                  cstackBANK0   0008B
Console_Tab@c                     cstackBANK0   0006F
Console_Tab@i                     cstackBANK0   0006E
Console_Tab@t                     cstackBANK0   0006D
Drive@Rad                         cstackBANK0   00063
Drive@Speed                       cstackBANK0   00061
Event_DIPSwitch@Bar               cstackBANK0   0007A
Event_DIPSwitch@pState            cstackBANK0   00079
Event_TestButton@j                bssCOMRAM     00038
Event_TestButton@pState           cstackBANK0   00079
FunctReadADC@channel              cstackBANK0   00060
GetPortPORT@pInput                cstackBANK0   00062
GetPortProperties@pInput          cstackBANK0   00062
GetPortTRIS@pInput                cstackBANK0   00062
HMI_GRender@a                     bssBANK1      0013A
HMI_Init@in                       cstackBANK0   000A8
HMI_Render@a                      cstackBANK0   00068
HMI_SetBar@pValue                 cstackBANK0   00060
HMI_SetButton@F7213               mediumconst   0FC3C
HMI_SetButton@pValue              cstackBANK0   00066
HMI_SetButton@reindex             cstackBANK0   00062
HMI_SetButton@v                   cstackBANK0   00067
HMI_SetNumber@pInput              cstackBANK0   00076
HMI_SetSegments@in                cstackBANK0   00064
HMI_SetSegments@pString           cstackBANK0   00061
LCD_DrawField@count               cstackBANK0   0007E
LCD_DrawField@i                   cstackBANK0   00082
LCD_DrawField@pField              cstackBANK0   00072
LCD_DrawField@pPoint              cstackBANK0   00074
LCD_DrawField@pSize               cstackBANK0   00078
LCD_DrawField@xmax                cstackBANK0   00080
LCD_DrawField@ymax                cstackBANK0   00081
LCD_DrawRectangle@p2              bssBANK1      001DD
LCD_DrawRectangle@p4              bssBANK1      001D9
LCD_Fill@i                        cstackBANK0   0006B
LCD_Fill@j                        cstackBANK0   0006C
LCD_Fill@pColour                  cstackBANK0   00069
LCD_FillRectangle@i               cstackBANK0   00075
LCD_FillRectangle@j               cstackBANK0   00076
LCD_FillRectangle@pColour         cstackBANK0   00069
LCD_FillRectangle@pPoint          cstackBANK0   0006B
LCD_FillRectangle@pSize           cstackBANK0   0006F
LCD_Init@i                        cstackBANK0   00097
LCD_Word_Write@value              cstackBANK0   00065
LCD_Write@mode                    cstackBANK0   00063
LCD_Write@value                   cstackBANK0   00064
LED_Init@pLED                     cstackBANK0   0008D
LED_Set@pLED                      cstackBANK0   00075
LED_Set@pValue                    cstackBANK0   00074
LED_Toggle@pLED                   cstackBANK0   00078
MXK_BlockSwitchTo@CUR             cstackBANK0   00066
MXK_BlockSwitchTo@pModule         cstackBANK0   00067
MXK_Queue@pCallback               cstackBANK0   00060
MXK_SwitchTo@CUR                  cstackBANK0   00066
MXK_SwitchTo@pModule              cstackBANK0   00067
Mode_Set@pMode                    cstackBANK0   00060
OutSeg@a                          bssCOMRAM     0003D
OutSeg@cur                        bssCOMRAM     0003F
OutSeg@out                        cstackBANK0   00067
OutSeg@pInput                     cstackBANK0   00066
OutSeg@pSegment                   cstackBANK0   00063
OutSeg@segset                     bssCOMRAM     0003E
PortProperty_Valid@Errors         cstackBANK0   00075
PortProperty_Valid@F6830          mediumconst   0FC19
PortProperty_Valid@Pair           cstackBANK0   00085
PortProperty_Valid@pInput         cstackBANK0   0006F
PortProperty_Valid@pPin           cstackBANK0   00072
PortProperty_Valid@pPinDrive      cstackBANK0   00071
Port_CheckPairType@Output         cstackBANK0   0008C
Port_CheckPairType@Pin1           cstackBANK0   0008A
Port_CheckPairType@Pin2           cstackBANK0   0008B
Port_CheckPairType@Props          cstackBANK0   0008D
Port_CheckPairType@pDrive         cstackBANK0   00089
Port_CheckPairType@pInput         cstackBANK0   00086
Port_CheckPairType@pPair          cstackBANK0   00088
Port_CheckPortType@Output         cstackBANK0   00099
Port_CheckPortType@pDrive         cstackBANK0   00098
Port_CheckPortType@pInput         cstackBANK0   00096
Port_CheckQuadType@Output         cstackBANK0   00095
Port_CheckQuadType@Pair1          cstackBANK0   00093
Port_CheckQuadType@Pair2          cstackBANK0   00094
Port_CheckQuadType@pDrive         cstackBANK0   00092
Port_CheckQuadType@pInput         cstackBANK0   0008F
Port_CheckQuadType@pQuad          cstackBANK0   00091
Port_GetPin@Output                cstackBANK0   00065
Port_GetPin@pInput                cstackBANK0   00060
Port_GetPin@pPin                  cstackBANK0   00062
Port_GetQuad@Output               cstackBANK0   00065
Port_GetQuad@pInput               cstackBANK0   00060
Port_GetQuad@pQuad                cstackBANK0   00062
Port_Init@i                       cstackBANK0   000A5
Port_Init@pInput                  cstackBANK0   000A0
Port_Init@pPort                   cstackBANK0   000A2
Port_Set@Type                     cstackBANK0   00086
Port_Set@TypeActual               cstackBANK0   00084
Port_Set@TypeRequired             cstackBANK0   00082
Port_Set@pInput                   cstackBANK0   0006F
Port_Set@pValue                   cstackBANK0   00071
Port_SetPin@Type                  cstackBANK0   00073
Port_SetPin@pInput                cstackBANK0   0006F
Port_SetPin@pPin                  cstackBANK0   00071
Port_SetPin@pValue                cstackBANK0   00072
Port_SetPinType@Output            cstackBANK0   0008A
Port_SetPinType@Props             cstackBANK0   0008B
Port_SetPinType@pInput            cstackBANK0   00086
Port_SetPinType@pPin              cstackBANK0   00088
Port_SetPinType@pType             cstackBANK0   00089
Port_SetQuadType@Output           cstackBANK0   0009A
Port_SetQuadType@pInput           cstackBANK0   00096
Port_SetQuadType@pQuad            cstackBANK0   00098
Port_SetQuadType@pType            cstackBANK0   00099
Port_SetType@Output               cstackBANK0   0009F
Port_SetType@pInput               cstackBANK0   0009A
Port_SetType@pType                cstackBANK0   0009C
Port_TogglePin@Value              cstackBANK0   00077
Port_TogglePin@pInput             cstackBANK0   00074
Port_TogglePin@pPin               cstackBANK0   00076
SPI_DCS@pInput                    cstackBANK0   00060
SPI_DisableISR@pInput             cstackBANK0   00060
SPI_Init@pChannel                 cstackBANK0   00091
SPI_Init@pClock                   cstackBANK0   0008D
SPI_Init@pInput                   cstackBANK0   00093
SPI_Init@pMode                    cstackBANK0   00092
SPI_MaxSpeed@pInput               cstackBANK0   0006F
SPI_MinSpeed@pInput               cstackBANK0   0006F
SPI_Send9@dat                     bssBANK1      0013C
SPI_Send@pData                    cstackBANK0   00062
SPI_Send@pInput                   cstackBANK0   00060
Set_Addr_Window@xe                cstackBANK0   00066
Set_Addr_Window@xs                cstackBANK0   00068
Set_Addr_Window@ye                cstackBANK0   00067
Set_Addr_Window@ys                cstackBANK0   00065
Set_Rotation@m                    cstackBANK0   00065
Set_Rotation@rotation             cstackBANK0   00066
Timer0_Init@DIV                   bssBANK1      00104
Timer0_Init@PRE                   bssCOMRAM     0003A
Timer0_Init@PRESCALE              mediumconst   0FC09
Timer2_Init@DIV                   bssBANK1      00100
Timer2_Init@DIVIDE                cstackBANK0   0007A
Timer2_Init@INDEX                 bssBANK0      000F2
Timer2_Init@PRE                   bssCOMRAM     00039
Timer2_Init@PRESCALE              mediumconst   0FC40
Timer2_Init@RDIV                  cstackBANK0   00072
Timer2_Init@pCPUClock             cstackBANK0   00076
Timer2_Init@pFrequency            cstackBANK0   0006D
ToSegment@pCHR                    cstackBANK0   00060
Turn@Angle                        cstackBANK0   00061
Turn@C_Angle                      cstackBANK0   00065
Turn@Speed                        cstackBANK0   00063
Word_GetPair@pInput               cstackBANK0   0006C
Word_GetPair@pPair                cstackBANK0   0006E
Word_SetPair@pInput               cstackBANK0   0006F
Word_SetPair@pPair                cstackBANK0   00071
Word_SetPair@pValue               cstackBANK0   00072
_ADCAverage                       text122       111C2
_ADCAverage$15663                 cstackBANK3   00300
_ADCAverage$15664                 cstackBANK3   00304
_ADCAverage$15665                 cstackBANK3   00308
_ADCAverage$15666                 cstackBANK3   0030C
_ADCAverage$15667                 cstackBANK3   00310
_ADCAverage$15668                 cstackBANK3   00314
_ADCON0                           (abs)         00FC2
_ADCON0bits                       (abs)         00FC2
_ADCON1                           (abs)         00FC1
_ADCON1bits                       (abs)         00FC1
_ADC_AN0                          bssBANK1      001D4
_ADC_AN1                          bssBANK1      001CF
_ADC_AN2                          bssBANK1      001CA
_ADC_AN3                          bssBANK1      001C5
_ADC_Initialised                  bssBANK1      00147
_ADC_Reading                      bssBANK1      0012E
_ADON                             (abs)         07E10
_ADRES                            (abs)         00FC3
_ADRESH                           (abs)         00FC4
_ADRESL                           (abs)         00FC3
_ANCON0                           (abs)         00FC1
_BAUDCON1bits                     (abs)         00F7E
_BangBang                         text151       15C8A
_BumpSensor                       bssBANK0      000F1
_BumpState                        bssBANK1      00130
_Bus_State                        dataCOMRAM    0004C
_Button_Init                      text74        1402E
_Button_Poll                      text44        1346C
_Byte_GetBit                      text121       15C0E
_Byte_GetPair                     text87        15DC4
_Byte_GetZone                     text88        14B04
_Byte_SetBit                      text79        15342
_Byte_SetByte                     text13        15FE8
_Byte_SetPair                     text82        15D46
_Byte_SetQuad                     text89        15D66
_Byte_SetZone                     text90        14660
_CCW_Count                        bssBANK1      0012A
_COUNTER                          bssCOMRAM     00033
_CW_Count                         bssBANK1      00128
_Cliff_FLeft                      bssBANK1      00140
_Cliff_FRight                     bssBANK1      00141
_Cliff_Left                       bssBANK1      0013E
_Cliff_Right                      bssBANK1      0013F
_Close_Pos                        bssCOMRAM     0002B
_Closest_Object                   text95        140DE
_Closest_Object2                  text93        14B7E
_Coil_Setup                       text112       15FC4
_Configure_GPIOs                  text34        1508C
_Console_Backspace                text104       15434
_Console_ClearCursor              text105       15B24
_Console_FormFeed                 text102       14D52
_Console_IncrementCursor          text100       151F2
_Console_Init                     text92        14E2A
_Console_MakeField                text120       14232
_Console_MakeField$10974          cstackBANK0   0006E
_Console_NewLine                  text101       14A0E
_Console_PrintChar                text98        12F52
_Console_Render                   text113       124DE
_Console_ResetCursor              text103       15DE0
_Console_Tab                      text99        144AC
_Current_Dist                     bssBANK1      00136
_Current_Dist1                    bssBANK1      00143
_Current_Dist2                    bssCOMRAM     00037
_DIPSwitch                        bssBANK2      002D3
_Drive                            text91        15AC2
_Event_DIPSwitch                  text53        15CDA
_Event_NULL                       text54        01404
_Event_TestButton                 text55        15A5C
_Font5x7                          mediumconst   0FC43
_FunctInitButton                  text73        14BF8
_FunctReadADC                     text150       1589A
_GODONE                           (abs)         07E11
_GetPortPORT                      text16        147FE
_GetPortProperties                text15        14776
_GetPortTRIS                      text14        146EE
_Get_Sensor_State                 text71        15EC4
_HMIBoard                         bssBANK1      00148
_HMI_DIPSwitch                    text46        15F4C
_HMI_DownSwitch                   text47        15F60
_HMI_GetBar                       text62        1609C
_HMI_Init                         text63        12832
_HMI_InitButtons                  text76        160A2
_HMI_LeftSwitch                   text50        15F9C
_HMI_Poll                         text43        14FCC
_HMI_Render                       text147       159BC
_HMI_RightSwitch                  text49        15F88
_HMI_SetBar                       text61        1605C
_HMI_SetButton                    text56        14A8A
_HMI_SetNumber                    text140       15D00
_HMI_SetSegments                  text145       14376
_HMI_UpSwitch                     text48        15F74
_I2C1T                            bssCOMRAM     00040
_I2C1_Done                        bssBANK1      00117
_I2C1_More                        bssBANK1      00111
_I2C2T                            bssBANK1      001BF
_I2C2_Done                        bssBANK1      00114
_I2C2_More                        bssBANK1      0010E
_INDEX                            bssCOMRAM     0003B
_INTCONbits                       (abs)         00FF2
_IPR1bits                         (abs)         00F9F
_IPR3bits                         (abs)         00FA5
_ISR_Enable                       text42        16052
_ISR_Function                     intcode       01408
_InitADC                          text41        154D0
_InitList                         mediumconst   0FB57
_InitSerialCommunication          text40        15DA6
_Init_Timer0                      text39        15EAC
_LATA                             (abs)         00F89
_LATB                             (abs)         00F8A
_LATC                             (abs)         00F8B
_LATD                             (abs)         00F8C
_LATE                             (abs)         00F8D
_LATF                             (abs)         00F8E
_LATG                             (abs)         00F8F
_LCD_DrawField                    text115       14990
_LCD_Fill                         text33        15644
_LCD_FillRectangle                text114       15246
_LCD_Init                         text31        130A2
_LCD_Reset                        text36        15394
_LCD_Word_Write                   text117       15E30
_LCD_Write                        text118       15D86
_LEDOff                           text30        15E16
_LEDOn                            text29        15DFC
_LEDToggle                        text28        1581E
_LED_Init                         text17        1519E
_LED_Set                          text18        155FC
_LED_Toggle                       text57        1579E
_Low_Sensor                       dataCOMRAM    0004A
_MASKS                            mediumconst   0FC33
_MXK_BlockSwitchTo                text26        15984
_MXK_DIPSwitch                    text45        15F38
_MXK_Dequeue                      text19        15A28
_MXK_Init                         text8         13330
_MXK_InitDIPSwitch                text75        15EDC
_MXK_InitTestButton               text77        15EF4
_MXK_Queue                        text25        15FF6
_MXK_Release                      text24        15E64
_MXK_SwitchTo                     text23        158D6
_MXK_TestButton                   text51        15FB0
_Mode_Set                         text119       15FD6
_Motor_Count                      bssCOMRAM     0002D
_Motor_Step                       text20        138E8
_Motor_Step$intlevel0             text20        138EE
_OSCTUNEbits                      (abs)         00F9B
_OutSeg                           text148       14CE4
_PIE1bits                         (abs)         00F9D
_PIE3bits                         (abs)         00FA3
_PIR1                             (abs)         00F9E
_PIR1bits                         (abs)         00F9E
_PIR2                             (abs)         00FA1
_PIR3                             (abs)         00FA4
_PIR3bits                         (abs)         00FA4
_PORTA                            (abs)         00F80
_PORTB                            (abs)         00F81
_PORTC                            (abs)         00F82
_PORTD                            (abs)         00F83
_PORTE                            (abs)         00F84
_PORTF                            (abs)         00F85
_PORTFbits                        (abs)         00F85
_PORTG                            (abs)         00F86
_PR2                              (abs)         00FCB
_PortA                            bssBANK2      002F1
_PortA_Property                   mediumconst   0FE7B
_PortB                            bssBANK1      001A1
_PortB_Property                   mediumconst   0FE79
_PortC                            bssBANK1      001AB
_PortC_Property                   mediumconst   0FE77
_PortD                            bssBANK1      00197
_PortD_Property                   mediumconst   0FE75
_PortE                            bssBANK1      0018D
_PortE_Property                   mediumconst   0FE73
_PortF                            bssBANK1      001B5
_PortF_Property                   mediumconst   0FE71
_PortG                            bssBANK2      002E7
_PortG_Property                   mediumconst   0FE6F
_PortProperty_Valid               text85        14F64
_Port_CheckPairType               text84        1502C
_Port_CheckPortType               text11        1575E
_Port_CheckQuadType               text83        153E4
_Port_GetPin                      text60        15910
_Port_GetQuad                     text52        1585C
_Port_Init                        text9         129AE
_Port_Set                         text12        11786
_Port_SetPin                      text59        13F7A
_Port_SetPinType                  text78        12694
_Port_SetQuadType                 text80        11F28
_Port_SetType                     text10        12310
_Port_TogglePin                   text58        15BB4
_RA2                              (abs)         07C02
_RA3                              (abs)         07C03
_RCONbits                         (abs)         00FD0
_RCREG1                           (abs)         00FAF
_RCSTA1                           (abs)         00FAC
_RD5                              (abs)         07C1D
_RD7                              (abs)         07C1F
_Reset_High                       text38        15E94
_Reset_Low                        text37        15E7C
_Reset_variables                  text7         15484
_Robot_Init                       text4         15F22
_Robot_Stop                       text6         15D26
_SPBRG1                           (abs)         00FB0
_SPI1                             bssBANK2      002C8
_SPI2                             bssBANK1      00182
_SPI_DCS                          text70        15AF4
_SPI_DisableISR                   text69        15C3A
_SPI_Init                         text65        1078E
_SPI_MaxSpeed                     text35        14E94
_SPI_MinSpeed                     text64        14EFC
_SPI_Send                         text149       14DBE
_SSP1ADD                          (abs)         00FC8
_SSP1BUF                          (abs)         00FC9
_SSP1CON1                         (abs)         00FC6
_SSP1CON1bits                     (abs)         00FC6
_SSP1CON2                         (abs)         00FC5
_SSP1CON2bits                     (abs)         00FC5
_SSP1STAT                         (abs)         00FC7
_SSP1STATbits                     (abs)         00FC7
_SSP2BUF                          (abs)         00F6F
_SSP2CON1                         (abs)         00F6C
_SSP2CON1bits                     (abs)         00F6C
_SSP2CON2                         (abs)         00F6B
_SSP2CON2bits                     (abs)         00F6B
_SSP2STAT                         (abs)         00F6D
_SSP2STATbits                     (abs)         00F6D
_STP1                             text111       1608E
_STP2                             text110       16086
_STP3                             text109       1607E
_STP4                             text108       16076
_Sensor_Observe                   text3         139F6
_Sensor_Observe2                  text2         136BC
_Sensor_Observe_Fin               bssBANK1      00126
_Set_Addr_Window                  text116       14412
_Set_Rotation                     text32        14540
_Square_Dist                      bssBANK1      00134
_SteppingCCW                      text106       155B2
_SteppingCW                       text94        15568
_T0CONbits                        (abs)         00FD5
_T2CONbits                        (abs)         00FCA
_TMR0                             (abs)         00FD6
_TRISA                            (abs)         00F92
_TRISA2                           (abs)         07C92
_TRISA3                           (abs)         07C93
_TRISB                            (abs)         00F93
_TRISC                            (abs)         00F94
_TRISCbits                        (abs)         00F94
_TRISD                            (abs)         00F95
_TRISD5                           (abs)         07CAD
_TRISD7                           (abs)         07CAF
_TRISE                            (abs)         00F96
_TRISF                            (abs)         00F97
_TRISG                            (abs)         00F98
_TXREG1                           (abs)         00FAE
_TXSTA1                           (abs)         00FAD
_TXSTA1bits                       (abs)         00FAD
_T_VAR                            bssCOMRAM     0002F
_TestButton                       bssBANK2      002DD
_Timer0_ISR                       text154       15CB2
_Timer0_Restart                   text22        1602E
_Timer0_Stop                      text21        16096
_Timer2_Clear                     text68        16066
_Timer2_Init                      text66        131EA
_ToSegment                        text146       11A30
_Turn                             text1         15146
_UpdateDistance                   text5         15BE2
_Vitual_Wall_Sensor               bssBANK1      00142
_Word_GetPair                     text86        15A90
_Word_SetPair                     text81        1594A
__CFG_CCP2MX$DEFAULT              (abs)         00000
__CFG_CPUDIV$OSC1                 (abs)         00000
__CFG_FCMEN$OFF                   (abs)         00000
__CFG_FOSC$HSPLL                  (abs)         00000
__CFG_IESO$OFF                    (abs)         00000
__CFG_MSSPMSK$MSK5                (abs)         00000
__CFG_PLLDIV$3                    (abs)         00000
__CFG_STVREN$ON                   (abs)         00000
__CFG_WDTEN$OFF                   (abs)         00000
__CFG_WDTPS$32768                 (abs)         00000
__CFG_XINST$OFF                   (abs)         00000
__HRAM                            (abs)         00000
__Habs1                           abs1          00000
__Hbank0                          bank0         00000
__Hbank1                          bank1         00000
__Hbank10                         bank10        00000
__Hbank11                         bank11        00000
__Hbank12                         bank12        00000
__Hbank13                         bank13        00000
__Hbank14                         bank14        00000
__Hbank15                         bank15        00000
__Hbank2                          bank2         00000
__Hbank3                          bank3         00000
__Hbank4                          bank4         00000
__Hbank5                          bank5         00000
__Hbank6                          bank6         00000
__Hbank7                          bank7         00000
__Hbank8                          bank8         00000
__Hbank9                          bank9         00000
__Hbigbss                         bigbss        00000
__Hbigdata                        bigdata       00000
__Hbigram                         bigram        00000
__Hbss                            bss           00000
__HbssBANK0                       bssBANK0      00000
__HbssBANK1                       bssBANK1      00000
__HbssBANK2                       bssBANK2      00000
__HbssBIGRAM                      bssBIGRAM     00000
__HbssCOMRAM                      bssCOMRAM     00000
__Hcinit                          cinit         00000
__Hclrtext                        clrtext       00000
__Hcomram                         comram        00000
__Hconfig                         config        1FFFE
__Hconst                          const         00000
__HcstackBANK0                    cstackBANK0   00000
__HcstackBANK3                    cstackBANK3   00000
__HcstackCOMRAM                   cstackCOMRAM  00000
__Hdata                           data          00000
__HdataBANK1                      dataBANK1     00000
__HdataCOMRAM                     dataCOMRAM    00000
__Hfarbss                         farbss        00000
__Hfardata                        fardata       00000
__Hibigdata                       ibigdata      00000
__Hidata                          idata         00000
__HidataBANK1                     idataBANK1    00000
__HidataCOMRAM                    idataCOMRAM   00000
__Hidloc                          idloc         00000
__Hifardata                       ifardata      00000
__Hinit                           init          014AE
__Hintcode                        intcode       014AA
__Hintcode_body                   intcode_body  00000
__Hintcodelo                      intcodelo     014AA
__Hintentry                       intentry      00000
__Hintret                         intret        00000
__Hintsave_regs                   intsave_regs  00000
__Hirdata                         irdata        00000
__Hjflash_buffer                  jflash_buffer 1F800
__Hmediumconst                    mediumconst   10000
__HnvFARRAM                       nvFARRAM      00000
__Hnvbit                          nvbit         00000
__Hnvrram                         nvrram        00000
__Hparam                          rparam        00000
__Hpowerup                        powerup       014AA
__Hram                            ram           00000
__Hramtop                         ramtop        01000
__Hrbit                           rbit          00000
__Hrbss                           rbss          00000
__Hrdata                          rdata         00000
__Hreset_vec                      reset_vec     01404
__Hrparam                         rparam        00000
__Hsfr                            sfr           00000
__Hsmallconst                     smallconst    00000
__Hspace_0                        (abs)         1FFFE
__Hspace_1                        (abs)         00444
__Hspace_2                        (abs)         00000
__Hstack                          stack         00000
__Hstruct                         struct        00000
__Htemp                           temp          00052
__Htext                           text          00000
__Htext0                          text0         00000
__Htext1                          text1         00000
__Htext10                         text10        00000
__Htext100                        text100       00000
__Htext101                        text101       00000
__Htext102                        text102       00000
__Htext103                        text103       00000
__Htext104                        text104       00000
__Htext105                        text105       00000
__Htext106                        text106       00000
__Htext107                        text107       00000
__Htext108                        text108       00000
__Htext109                        text109       00000
__Htext11                         text11        00000
__Htext110                        text110       00000
__Htext111                        text111       00000
__Htext112                        text112       00000
__Htext113                        text113       00000
__Htext114                        text114       00000
__Htext115                        text115       00000
__Htext116                        text116       00000
__Htext117                        text117       00000
__Htext118                        text118       00000
__Htext119                        text119       00000
__Htext12                         text12        00000
__Htext120                        text120       00000
__Htext121                        text121       00000
__Htext122                        text122       00000
__Htext123                        text123       00000
__Htext124                        text124       00000
__Htext125                        text125       00000
__Htext126                        text126       00000
__Htext127                        text127       00000
__Htext128                        text128       00000
__Htext129                        text129       00000
__Htext13                         text13        00000
__Htext130                        text130       00000
__Htext131                        text131       00000
__Htext132                        text132       00000
__Htext133                        text133       00000
__Htext134                        text134       00000
__Htext135                        text135       00000
__Htext136                        text136       00000
__Htext137                        text137       00000
__Htext138                        text138       00000
__Htext139                        text139       00000
__Htext14                         text14        00000
__Htext140                        text140       00000
__Htext141                        text141       00000
__Htext142                        text142       00000
__Htext143                        text143       00000
__Htext144                        text144       00000
__Htext145                        text145       00000
__Htext146                        text146       00000
__Htext147                        text147       00000
__Htext148                        text148       00000
__Htext149                        text149       00000
__Htext15                         text15        00000
__Htext150                        text150       00000
__Htext151                        text151       00000
__Htext152                        text152       00000
__Htext154                        text154       00000
__Htext155                        text155       00000
__Htext156                        text156       00000
__Htext157                        text157       00000
__Htext158                        text158       00000
__Htext159                        text159       00000
__Htext16                         text16        00000
__Htext160                        text160       00000
__Htext161                        text161       00000
__Htext162                        text162       00000
__Htext163                        text163       00000
__Htext164                        text164       00000
__Htext165                        text165       00000
__Htext166                        text166       00000
__Htext167                        text167       00000
__Htext17                         text17        00000
__Htext18                         text18        00000
__Htext19                         text19        00000
__Htext2                          text2         00000
__Htext20                         text20        00000
__Htext21                         text21        00000
__Htext22                         text22        00000
__Htext23                         text23        00000
__Htext24                         text24        00000
__Htext25                         text25        00000
__Htext26                         text26        00000
__Htext27                         text27        00000
__Htext28                         text28        00000
__Htext29                         text29        00000
__Htext3                          text3         00000
__Htext30                         text30        00000
__Htext31                         text31        00000
__Htext32                         text32        00000
__Htext33                         text33        00000
__Htext34                         text34        00000
__Htext35                         text35        00000
__Htext36                         text36        00000
__Htext37                         text37        00000
__Htext38                         text38        00000
__Htext39                         text39        00000
__Htext4                          text4         00000
__Htext40                         text40        00000
__Htext41                         text41        00000
__Htext42                         text42        00000
__Htext43                         text43        00000
__Htext44                         text44        00000
__Htext45                         text45        00000
__Htext46                         text46        00000
__Htext47                         text47        00000
__Htext48                         text48        00000
__Htext49                         text49        00000
__Htext5                          text5         00000
__Htext50                         text50        00000
__Htext51                         text51        00000
__Htext52                         text52        00000
__Htext53                         text53        00000
__Htext54                         text54        00000
__Htext55                         text55        00000
__Htext56                         text56        00000
__Htext57                         text57        00000
__Htext58                         text58        00000
__Htext59                         text59        00000
__Htext6                          text6         00000
__Htext60                         text60        00000
__Htext61                         text61        00000
__Htext62                         text62        00000
__Htext63                         text63        00000
__Htext64                         text64        00000
__Htext65                         text65        00000
__Htext66                         text66        00000
__Htext67                         text67        00000
__Htext68                         text68        00000
__Htext69                         text69        00000
__Htext7                          text7         00000
__Htext70                         text70        00000
__Htext71                         text71        00000
__Htext72                         text72        00000
__Htext73                         text73        00000
__Htext74                         text74        00000
__Htext75                         text75        00000
__Htext76                         text76        00000
__Htext77                         text77        00000
__Htext78                         text78        00000
__Htext79                         text79        00000
__Htext8                          text8         00000
__Htext80                         text80        00000
__Htext81                         text81        00000
__Htext82                         text82        00000
__Htext83                         text83        00000
__Htext84                         text84        00000
__Htext85                         text85        00000
__Htext86                         text86        00000
__Htext87                         text87        00000
__Htext88                         text88        00000
__Htext89                         text89        00000
__Htext9                          text9         00000
__Htext90                         text90        00000
__Htext91                         text91        00000
__Htext92                         text92        00000
__Htext93                         text93        00000
__Htext94                         text94        00000
__Htext95                         text95        00000
__Htext96                         text96        00000
__Htext97                         text97        00000
__Htext98                         text98        00000
[...]
  pValue          1    3[COMRAM] unsigned char 
 Auto vars:     Size  Location     Type
		None
 Return value:  Size  Location     Type
                  1    wreg      void 
 Registers used:
		wreg, fsr2l, fsr2h, status,2, status,0
 Tracked objects:
		On entry : 
		On exit  : 
		Unchanged: 
 Data sizes:     COMRAM   BANK0   BANK1   BANK2   BANK3   BANK4   BANK5   BANK6   BANK7   BANK8   BANK9  BANK10  BANK11  BANK12  BANK13  BANK14  BANK15
      Params:         4       0       0       0       0       0       0       0       0       0       0       0       0       0       0       0       0
      Locals:         0       0       0       0       0       0       0       0       0       0       0       0       0       0       0       0       0
      Temps:          3       0       0       0       0       0       0       0       0       0       0       0       0       0       0       0       0
      Totals:         7       0       0       0       0       0       0       0       0       0       0       0       0       0       0       0       0
Total ram usage:        7 bytes
 Hardware stack levels used:    1
 This function calls:
		Nothing
 This function is called by:
		i2_Port_SetPin
 This function uses a non-reentrant model


 *************** function i2_MXK_SwitchTo *****************
 Defined at:
		line 105 in file "Library/MXK.c"
 Parameters:    Size  Location     Type
  pModule         1    wreg     enum E6927
 Auto vars:     Size  Location     Type
  pModule         1    7[COMRAM] enum E6927
  MXK_SwitchTo    1    6[COMRAM] unsigned char 
 Return value:  Size  Location     Type
                  1    wreg      unsigned char 
 Registers used:
		wreg, status,2, status,0, cstack
 Tracked objects:
		On entry : 
		On exit  : 
		Unchanged: 
 Data sizes:     COMRAM   BANK0   BANK1   BANK2   BANK3   BANK4   BANK5   BANK6   BANK7   BANK8   BANK9  BANK10  BANK11  BANK12  BANK13  BANK14  BANK15
      Params:         0       0       0       0       0       0       0       0       0       0       0       0       0       0       0       0       0
      Locals:         2       0       0       0       0       0       0       0       0       0       0       0       0       0       0       0       0
      Temps:          0       0       0       0       0       0       0       0       0       0       0       0       0       0       0       0       0
      Totals:         2       0       0       0       0       0       0       0       0       0       0       0       0       0       0       0       0
Total ram usage:        2 bytes
 Hardware stack levels used:    1
 Hardware stack levels required when called:    1
 This function calls:
		i2_delay_us
 This function is called by:
		i2_Motor_Step
 This function uses a non-reentrant model


 *************** function i2_delay_us *****************
 Defined at:
		line 255 in file "Library/Types.c"
 Parameters:    Size  Location     Type
  us              2    0[COMRAM] unsigned short 
 Auto vars:     Size  Location     Type
  delay_us        4    2[COMRAM] unsigned long 
 Return value:  Size  Location     Type
                  1    wreg      void 
 Registers used:
		wreg, status,2, status,0
 Tracked objects:
		On entry : 
		On exit  : 
		Unchanged: 
 Data sizes:     COMRAM   BANK0   BANK1   BANK2   BANK3   BANK4   BANK5   BANK6   BANK7   BANK8   BANK9  BANK10  BANK11  BANK12  BANK13  BANK14  BANK15
      Params:         2       0       0       0       0       0       0       0       0       0       0       0       0       0       0       0       0
      Locals:         4       0       0       0       0       0       0       0       0       0       0       0       0       0       0       0       0
      Temps:          0       0       0       0       0       0       0       0       0       0       0       0       0       0       0       0       0
      Totals:         6       0       0       0       0       0       0       0       0       0       0       0       0       0       0       0       0
Total ram usage:        6 bytes
 Hardware stack levels used:    1
 This function calls:
		Nothing
 This function is called by:
		i2_MXK_SwitchTo
 This function uses a non-reentrant model


 *************** function i2_MXK_Release *****************
 Defined at:
		line 130 in file "Library/MXK.c"
 Parameters:    Size  Location     Type
		None
 Auto vars:     Size  Location     Type
		None
 Return value:  Size  Location     Type
                  1    wreg      unsigned char 
 Registers used:
		wreg, status,2, status,0
 Tracked objects:
		On entry : 
		On exit  : 
		Unchanged: 
 Data sizes:     COMRAM   BANK0   BANK1   BANK2   BANK3   BANK4   BANK5   BANK6   BANK7   BANK8   BANK9  BANK10  BANK11  BANK12  BANK13  BANK14  BANK15
      Params:         0       0       0       0       0       0       0       0       0       0       0       0       0       0       0       0       0
      Locals:         0       0       0       0       0       0       0       0       0       0       0       0       0       0       0       0       0
      Temps:          0       0       0       0       0       0       0       0       0       0       0       0       0       0       0       0       0
      Totals:         0       0       0       0       0       0       0       0       0       0       0       0       0       0       0       0       0
Total ram usage:        0 bytes
 Hardware stack levels used:    1
 This function calls:
		Nothing
 This function is called by:
		i2_Motor_Step
 This function uses a non-reentrant model


 *************** function i2_MXK_Queue *****************
 Defined at:
		line 144 in file "Library/MXK.c"
 Parameters:    Size  Location     Type
  pCallback       3    0[COMRAM] PTR FTN()void 
		 -> Absolute function(1), Motor_Step(1), 
 Auto vars:     Size  Location     Type
		None
 Return value:  Size  Location     Type
                  1    wreg      void 
 Registers used:
		wreg, status,2, status,0
 Tracked objects:
		On entry : 
		On exit  : 
		Unchanged: 
 Data sizes:     COMRAM   BANK0   BANK1   BANK2   BANK3   BANK4   BANK5   BANK6   BANK7   BANK8   BANK9  BANK10  BANK11  BANK12  BANK13  BANK14  BANK15
      Params:         3       0       0       0       0       0       0       0       0       0       0       0       0       0       0       0       0
      Locals:         0       0       0       0       0       0       0       0       0       0       0       0       0       0       0       0       0
      Temps:          0       0       0       0       0       0       0       0       0       0       0       0       0       0       0       0       0
      Totals:         3       0       0       0       0       0       0       0       0       0       0       0       0       0       0       0       0
Total ram usage:        3 bytes
 Hardware stack levels used:    1
 This function calls:
		Nothing
 This function is called by:
		i2_Motor_Step
 This function uses a non-reentrant model



MODULE INFORMATION

Module		Function		Class		Link	Load	Size
C:\Program Files (x86)\Microchip\xc8\v1.45\sources\common\sprcdiv.c
		___fldiv       		CODE           	114D0	0000	695

C:\Program Files (x86)\Microchip\xc8\v1.45\sources\common\sprcdiv.c estimated size: 695

Library/LCD.c
		_LCD_Init      		CODE           	130A2	0000	329
		_LCD_FillRectangle		CODE           	15246	0000	85
		_Configure_GPIOs		CODE           	1508C	0000	95
		_LCD_DrawField 		CODE           	14990	0000	127
		_Set_Addr_Window		CODE           	14412	0000	155
		_LCD_Word_Write		CODE           	15E30	0000	27
		_LCD_Reset     		CODE           	15394	0000	81
		_Set_Rotation  		CODE           	14540	0000	147
		_Mode_Set      		CODE           	15FD6	0000	19
		_Reset_Low     		CODE           	15E7C	0000	25
		_LCD_Write     		CODE           	15D86	0000	33
		_LCD_Fill      		CODE           	15644	0000	73
		_Reset_High    		CODE           	15E94	0000	25

Library/LCD.c estimated size: 1221

Library/MXK.c
		_MXK_InitDIPSwitch		CODE           	15EDC	0000	25
		_MXK_DIPSwitch 		CODE           	15F38	0000	21
		_MXK_BlockSwitchTo		CODE           	15984	0000	57
		_MXK_Release   		CODE           	15E64	0000	25
		_MXK_Dequeue   		CODE           	15A28	0000	53
		_MXK_InitTestButton		CODE           	15EF4	0000	25
		_MXK_SwitchTo  		CODE           	158D6	0000	59
		_MXK_TestButton		CODE           	15FB0	0000	21
		_MXK_Init      		CODE           	13330	0000	317
		_MXK_Queue     		CODE           	15FF6	0000	15

Library/MXK.c estimated size: 618

C:\Program Files (x86)\Microchip\xc8\v1.45\sources\common\flge.c
		___flge        		CODE           	1359A	0000	291

C:\Program Files (x86)\Microchip\xc8\v1.45\sources\common\flge.c estimated size: 291

C:\Program Files (x86)\Microchip\xc8\v1.45\sources\common\doprnt.c
		_printf        		CODE           	12C96	0000	361

C:\Program Files (x86)\Microchip\xc8\v1.45\sources\common\doprnt.c estimated size: 361

Library/Port.c
		_GetPortTRIS   		CODE           	146EE	0000	137
		_GetPortPORT   		CODE           	147FE	0000	137
		_Port_TogglePin		CODE           	15BB4	0000	47
		_Port_SetPinType		CODE           	12694	0000	415
		_Port_Init     		CODE           	129AE	0000	373
		_GetPortProperties		CODE           	14776	0000	137
		_Port_GetPin   		CODE           	15910	0000	59
		_Port_GetQuad  		CODE           	1585C	0000	63
		_Port_Set      		CODE           	11786	0000	683
		_Port_SetPin   		CODE           	13F7A	0000	181
		_Port_SetType  		CODE           	12310	0000	463
		_Port_CheckQuadType		CODE           	153E4	0000	81
		_Port_CheckPairType		CODE           	1502C	0000	97
		_Port_CheckPortType		CODE           	1575E	0000	65
		_Port_SetQuadType		CODE           	11F28	0000	531

Library/Port.c estimated size: 3469

Library/LED.c
		_LED_Init      		CODE           	1519E	0000	85
		_LED_Set       		CODE           	155FC	0000	73
		_LED_Toggle    		CODE           	1579E	0000	65

Library/LED.c estimated size: 223

C:\Program Files (x86)\Microchip\xc8\v1.45\sources\common\log.c
		_log           		CODE           	12B22	0000	373

C:\Program Files (x86)\Microchip\xc8\v1.45\sources\common\log.c estimated size: 373

C:\Program Files (x86)\Microchip\xc8\v1.45\sources\common\Umul16.c
		___wmul        		CODE           	15C62	0000	41

C:\Program Files (x86)\Microchip\xc8\v1.45\sources\common\Umul16.c estimated size: 41

Library/Motor.c
		_Motor_Step    		CODE           	138E8	0000	271

Library/Motor.c estimated size: 271

C:\Program Files (x86)\Microchip\xc8\v1.45\sources\common\frexp.c
		_ldexp         		CODE           	13CFA	0000	229
		_frexp         		CODE           	142D8	0000	159

C:\Program Files (x86)\Microchip\xc8\v1.45\sources\common\frexp.c estimated size: 388

Events.c
		_Event_DIPSwitch		CODE           	15CDA	0000	39
		_Event_NULL    		CODE           	1404	0000	3
		_Event_TestButton		CODE           	15A5C	0000	53

Events.c estimated size: 95

C:\Program Files (x86)\Microchip\xc8\v1.45\sources\common\sprcadd.c
		___flsub       		CODE           	1568C	0000	73
		___fladd       		CODE           	10E84	0000	831

C:\Program Files (x86)\Microchip\xc8\v1.45\sources\common\sprcadd.c estimated size: 904

C:\Program Files (x86)\Microchip\xc8\v1.45\sources\common\pow.c
		_pow           		CODE           	1213A	0000	471

C:\Program Files (x86)\Microchip\xc8\v1.45\sources\common\pow.c estimated size: 471

C:\Program Files (x86)\Microchip\xc8\v1.45\sources\common\floor.c
		_floor         		CODE           	137D2	0000	279

C:\Program Files (x86)\Microchip\xc8\v1.45\sources\common\floor.c estimated size: 279

C:\Program Files (x86)\Microchip\xc8\v1.45\sources\common\lwmod.c
		___lwmod       		CODE           	1571A	0000	69

C:\Program Files (x86)\Microchip\xc8\v1.45\sources\common\lwmod.c estimated size: 69

C:\Program Files (x86)\Microchip\xc8\v1.45\sources\common\fltol.c
		___fltol       		CODE           	13DDE	0000	223

C:\Program Files (x86)\Microchip\xc8\v1.45\sources\common\fltol.c estimated size: 223

Functions.c
		_FunctInitButton		CODE           	14BF8	0000	119

Functions.c estimated size: 119

HMI.c
		_HMI_InitButtons		CODE           	160A2	0000	7
		_HMI_Poll      		CODE           	14FCC	0000	97
		_HMI_LeftSwitch		CODE           	15F9C	0000	21
		_HMI_UpSwitch  		CODE           	15F74	0000	21
		_HMI_SetSegments		CODE           	14376	0000	157
		_HMI_Render    		CODE           	159BC	0000	55
		_OutSeg        		CODE           	14CE4	0000	111
		_HMI_Init      		CODE           	12832	0000	381
		_HMI_RightSwitch		CODE           	15F88	0000	21
		_HMI_GetBar    		CODE           	1609C	0000	7
		_HMI_SetBar    		CODE           	1605C	0000	11
		_HMI_SetNumber 		CODE           	15D00	0000	39
		_HMI_SetButton 		CODE           	14A8A	0000	123
		_HMI_DIPSwitch 		CODE           	15F4C	0000	21
		_HMI_DownSwitch		CODE           	15F60	0000	21

HMI.c estimated size: 1093

shared
		_InitList      		MEDIUMCONST    	FB57	0000	179
		exp@coeff      		MEDIUMCONST    	FE23	0000	41
		_PortE_Property		MEDIUMCONST    	FE73	0000	3
		i2_Byte_SetBit 		CODE           	1551C	0000	77
		_Font5x7       		MEDIUMCONST    	FC43	0000	481
		i2_Motor_Step  		CODE           	13BFA	0000	257
		Timer2_Init@PRESCALE		MEDIUMCONST    	FC40	0000	4
		_PortF_Property		MEDIUMCONST    	FE71	0000	3
		_dpowers       		MEDIUMCONST    	FC29	0000	11
		i2_Byte_GetZone		CODE           	14C6E	0000	119
		i2_Byte_GetPair		CODE           	15E4A	0000	27
		_PortA_Property		MEDIUMCONST    	FE7B	0000	3
		i2_Timer0_Stop 		CODE           	160A8	0000	7
		_PortG_Property		MEDIUMCONST    	FE6F	0000	3
		i2_Timer0_Restart		CODE           	1603A	0000	13
		HMI_SetButton@F7213		MEDIUMCONST    	FC3C	0000	5
		__initialization		CODE           	145D2	0000	133
		i2_MXK_SwitchTo		CODE           	159F2	0000	55
		_PortB_Property		MEDIUMCONST    	FE79	0000	3
		_MASKS         		MEDIUMCONST    	FC33	0000	10
		i2_Word_GetPair		CODE           	15B84	0000	49
		i2_Port_SetPin 		CODE           	14188	0000	171
		i2_MXK_Release 		CODE           	160AE	0000	7
		_PortC_Property		MEDIUMCONST    	FE77	0000	3
		PortProperty_Valid@F6830		MEDIUMCONST    	FC19	0000	17
		log@coeff      		MEDIUMCONST    	FE4B	0000	37
		Timer0_Init@PRESCALE		MEDIUMCONST    	FC09	0000	17
		i2_delay_us    		CODE           	157DE	0000	65
		_PortD_Property		MEDIUMCONST    	FE75	0000	3
		i2_MXK_Queue   		CODE           	16020	0000	15

shared estimated size: 1818

Library/Button.c
		_Button_Poll   		CODE           	1346C	0000	303
		_Button_Init   		CODE           	1402E	0000	177

Library/Button.c estimated size: 480

C:\Program Files (x86)\Microchip\xc8\v1.45\sources\common\lwdiv.c
		___lwdiv       		CODE           	152EE	0000	85

C:\Program Files (x86)\Microchip\xc8\v1.45\sources\common\lwdiv.c estimated size: 85

C:\Program Files (x86)\Microchip\xc8\v1.45\sources\common\awdiv.c
		___awdiv       		CODE           	14886	0000	135

C:\Program Files (x86)\Microchip\xc8\v1.45\sources\common\awdiv.c estimated size: 135

C:\Program Files (x86)\Microchip\xc8\v1.45\sources\common\evalpoly.c
		_eval_poly     		CODE           	13AFA	0000	257

C:\Program Files (x86)\Microchip\xc8\v1.45\sources\common\evalpoly.c estimated size: 257

C:\Program Files (x86)\Microchip\xc8\v1.45\sources\common\lldiv.c
		___lldiv       		CODE           	1490C	0000	133

C:\Program Files (x86)\Microchip\xc8\v1.45\sources\common\lldiv.c estimated size: 133

C:\Program Files (x86)\Microchip\xc8\v1.45\sources\common\xxtofl.c
		___xxtofl      		CODE           	12DFE	0000	341

C:\Program Files (x86)\Microchip\xc8\v1.45\sources\common\xxtofl.c estimated size: 341

Library/ISR.c
		_ISR_Function  		CODE           	1408	0000	163
		_ISR_Enable    		CODE           	16052	0000	11

Library/ISR.c estimated size: 174

Library/SPI.c
		_SPI_MinSpeed  		CODE           	14EFC	0000	105
		_SPI_DisableISR		CODE           	15C3A	0000	41
		_SPI_MaxSpeed  		CODE           	14E94	0000	105
		_SPI_Init      		CODE           	1078E	0000	933
		_SPI_Send      		CODE           	14DBE	0000	109
		_SPI_DCS       		CODE           	15AF4	0000	49

Library/SPI.c estimated size: 1342

C:\Program Files (x86)\Microchip\xc8\v1.45\sources\common\flneg.c
		___flneg       		CODE           	15B54	0000	49

C:\Program Files (x86)\Microchip\xc8\v1.45\sources\common\flneg.c estimated size: 49

main.c
		_LEDOn         		CODE           	15DFC	0000	27
		_Reset_variables		CODE           	15484	0000	77
		_ADCAverage    		CODE           	111C2	0000	783
		_Init_Timer0   		CODE           	15EAC	0000	25
		_FunctReadADC  		CODE           	1589A	0000	61
		_Drive         		CODE           	15AC2	0000	51
		_main          		CODE           	10000	0000	1935
		_Coil_Setup    		CODE           	15FC4	0000	19
		_InitADC       		CODE           	154D0	0000	77
		_STP1          		CODE           	1608E	0000	9
		_SteppingCW    		CODE           	15568	0000	75
		_STP2          		CODE           	16086	0000	9
		_SteppingCCW   		CODE           	155B2	0000	75
		_eusartSend    		CODE           	16012	0000	15
		_STP3          		CODE           	1607E	0000	9
		_InitSerialCommunication		CODE           	15DA6	0000	31
		_STP4          		CODE           	16076	0000	9
		_Sensor_Observe		CODE           	139F6	0000	261
		_LEDOff        		CODE           	15E16	0000	27
		_UpdateDistance		CODE           	15BE2	0000	45
		_Closest_Object		CODE           	140DE	0000	171
		_Sensor_Observe2		CODE           	136BC	0000	279
		_Robot_Stop    		CODE           	15D26	0000	33
		_Turn          		CODE           	15146	0000	89
		_BangBang      		CODE           	15C8A	0000	41
		_eusartRec     		CODE           	1606E	0000	9
		_LEDToggle     		CODE           	1581E	0000	63
		_Closest_Object2		CODE           	14B7E	0000	123
		_Robot_Init    		CODE           	15F22	0000	23
		_Get_Sensor_State		CODE           	15EC4	0000	25

main.c estimated size: 4476

Library/Console.c
		_Console_NewLine		CODE           	14A0E	0000	125
		_putch         		CODE           	16004	0000	15
		_Console_ClearCursor		CODE           	15B24	0000	49
		_Console_ResetCursor		CODE           	15DE0	0000	29
		_Console_Tab   		CODE           	144AC	0000	149
		_Console_IncrementCursor		CODE           	151F2	0000	85
		_Console_FormFeed		CODE           	14D52	0000	109
		_Console_Init  		CODE           	14E2A	0000	107
		_Console_Backspace		CODE           	15434	0000	81
		_Console_MakeField		CODE           	14232	0000	167
		_Console_PrintChar		CODE           	12F52	0000	337
		_Console_Render		CODE           	124DE	0000	439

Library/Console.c estimated size: 1692

Library/Timer2.c
		_Timer2_Init   		CODE           	131EA	0000	327
		_Timer2_Clear  		CODE           	16066	0000	9

Library/Timer2.c estimated size: 336

C:\Program Files (x86)\Microchip\xc8\v1.45\sources\common\exp.c
		_exp           		CODE           	11CB4	0000	629

C:\Program Files (x86)\Microchip\xc8\v1.45\sources\common\exp.c estimated size: 629

C:\Program Files (x86)\Microchip\xc8\v1.45\sources\common\sprcmul.c
		___flmul       		CODE           	10B32	0000	851

C:\Program Files (x86)\Microchip\xc8\v1.45\sources\common\sprcmul.c estimated size: 851

Library/Types.c
		_Word_GetPair  		CODE           	15A90	0000	51
		_delay_us      		CODE           	156D4	0000	71
		_ToSegment     		CODE           	11A30	0000	645
		_Byte_GetBit   		CODE           	15C0E	0000	45
		_Word_SetPair  		CODE           	1594A	0000	59
		_itos          		CODE           	13EBC	0000	191
		_Byte_GetZone  		CODE           	14B04	0000	123
		_Byte_GetPair  		CODE           	15DC4	0000	29
		_Byte_SetBit   		CODE           	15342	0000	83
		_Byte_SetQuad  		CODE           	15D66	0000	33
		_Byte_SetZone  		CODE           	14660	0000	143
		_Byte_SetByte  		CODE           	15FE8	0000	15
		_Byte_SetPair  		CODE           	15D46	0000	33
		_delay_ms      		CODE           	150EA	0000	93
		_reverse       		CODE           	1529A	0000	85
		_PortProperty_Valid		CODE           	14F64	0000	105

Library/Types.c estimated size: 1804

Library/Timer0.c
		_Timer0_ISR    		CODE           	15CB2	0000	41
		_Timer0_Stop   		CODE           	16096	0000	7
		_Timer0_Restart		CODE           	1602E	0000	13

Library/Timer0.c estimated size: 61

