Microchip MPLAB XC8 Compiler V1.44 ()

Linker command line:

-W-3 --edf=C:\Program Files (x86)\Microchip\xc8\v1.44\dat\en_msgs.txt -cs \
  -h+dist/BOOTLOADER/production\MX2_W6_Skeleton_-_Copy.production.sym \
  --cmf=dist/BOOTLOADER/production\MX2_W6_Skeleton_-_Copy.production.cmf -z \
  -Q18F67J50 -oC:\Users\Daniel\AppData\Local\Temp\snn4.2 \
  -Mdist/BOOTLOADER/production/MX2_W6_Skeleton_-_Copy.production.map -E1 \
  -ver=XC8 --acfsm=1493 -ASTACK=0444h-0f3fh -pstack=STACK \
  -ACODE=01400h-01405h,01408h-01415h,01418h-01FFF7h \
  -ACONST=01400h-01405h,01408h-01415h,01418h-01FFF7h \
  -ASMALLCONST=01400h-01405h,01408h-01415h,01418h-014FFh,01500h-015FFhx490,01FF00h-01FFF7h \
  -AMEDIUMCONST=01400h-01405h,01408h-01415h,01418h-0FFFFh,011000h-01FFF7h \
  -ACOMRAM=01h-05Fh -AABS1=00h-0F3Fh -ABIGRAM=01h-0F3Fh \
  -ARAM=060h-0FFh,0100h-01FFhx14,0F00h-0F3Fh -ABANK0=060h-0FFh \
  -ABANK1=0100h-01FFh -ABANK2=0200h-02FFh -ABANK3=0300h-03FFh \
  -ABANK4=0400h-04FFh -ABANK5=0500h-05FFh -ABANK6=0600h-06FFh \
  -ABANK7=0700h-07FFh -ABANK8=0800h-08FFh -ABANK9=0900h-09FFh \
  -ABANK10=0A00h-0AFFh -ABANK11=0B00h-0BFFh -ABANK12=0C00h-0CFFh \
  -ABANK13=0D00h-0DFFh -ABANK14=0E00h-0EFFh -ABANK15=0F00h-0F3Fh \
  -ASFR=0F40h-0F5Fh,0F60h-0FFFh \
  -preset_vec=01400h,intcode=01408h,intcodelo,powerup,init -pramtop=01000h \
  -psmallconst=SMALLCONST -pmediumconst=MEDIUMCONST -pconst=CONST \
  -AFARRAM=00h-00h -ACONFIG=01FFF8h-01FFFDh -pconfig=CONFIG \
  -pjflash_buffer=01F800h \
  -prdata=COMRAM,nvrram=COMRAM,nvbit=COMRAM,rbss=COMRAM,rbit=COMRAM \
  -pfarbss=FARRAM,fardata=FARRAM,nvFARRAM=FARRAM \
  -pintsave_regs=BIGRAM,bigbss=BIGRAM,bigdata=BIGRAM -pbss=RAM \
  -pidata=CODE,irdata=CODE,ibigdata=CODE,ifardata=CODE -prparam=COMRAM \
  C:\Users\Daniel\AppData\Local\Temp\snn4.obj \
  dist/BOOTLOADER/production\MX2_W6_Skeleton_-_Copy.production.obj 

Object code version is 3.11

Machine type is 18F67J50

Call graph: (short form)




                Name                               Link     Load   Length Selector   Space Scale
C:\Users\Daniel\AppData\Local\Temp\snn4.obj
                init                               14AA     14AA        4      A04       0
                reset_vec                          1400     1400        4      A00       0
                config                            1FFF8    1FFF8        6    1FFF8       0
dist/BOOTLOADER/production\MX2_W6_Skeleton_-_Copy.production.obj
                intcode                            1408     1408       A2      A04       0
                temp                                 51       51        1        1       1
                mediumconst                        FBB6     FBB6      44A     7DDB       0
                text146                           15542    15542        E     8000       0
                text145                           1559C    1559C        6     8000       0
                text144                           14E1A    14E1A       40     8000       0
                text143                           14FF0    14FF0       36     8000       0
                text142                           14BA4    14BA4       4C     8000       0
                text141                           143E6    143E6       76     8000       0
                text140                           1538E    1538E       1A     8000       0
                text139                           15150    15150       30     8000       0
                text138                           13968    13968       AA     8000       0
                text137                           1555C    1555C        C     8000       0
                text136                           15596    15596        6     8000       0
                text135                           133BC    133BC      100     8000       0
                text134                           1522A    1522A       28     8000       0
                text132                           14E98    14E98       3C     8000       0
                text131                           14536    14536       6C     8000       0
                text130                           1445C    1445C       6E     8000       0
                text129                           14FBA    14FBA       36     8000       0
                text128                           11270    11270      284     8000       0
                text127                           13BF6    13BF6       9C     8000       0
                text126                           14A0E    14A0E       54     8000       0
                text125                           14D56    14D56       44     8000       0
                text124                           149BA    149BA       54     8000       0
                text123                           13746    13746       BE     8000       0
                text122                           15278    15278       26     8000       0
                text121                           14078    14078       86     8000       0
                text120                           10D10    10D10      2B6     8000       0
                text119                           15120    15120       30     8000       0
                text118                           106F6    106F6      33E     8000       0
                text117                           14CC8    14CC8       48     8000       0
                text116                           103A4    103A4      352     8000       0
                text115                           132BC    132BC      100     8000       0
                text114                           12F76    12F76      122     8000       0
                text113                           135A0    135A0       DE     8000       0
                text112                           127DA    127DA      154     8000       0
                text111                           13B58    13B58       9E     8000       0
                text110                           13098    13098      116     8000       0
                text109                           134BC    134BC       E4     8000       0
                text108                           114F4    114F4      274     8000       0
                text107                           124FE    124FE      174     8000       0
                text106                           1197A    1197A      1D6     8000       0
                text105                           10A34    10A34      2DC     8000       0
                text104                           145A2    145A2       6A     8000       0
                text103                           13E52    13E52       8E     8000       0
                text102                           152FE    152FE       20     8000       0
                text101                           142F6    142F6       7A     8000       0
                text100                           15358    15358       1C     8000       0
                text99                            1508E    1508E       32     8000       0
                text98                            146DC    146DC       68     8000       0
                text97                            147A4    147A4       60     8000       0
                text96                            14B54    14B54       50     8000       0
                text95                            152DE    152DE       20     8000       0
                text94                            14F48    14F48       3A     8000       0
                text93                            11768    11768      212     8000       0
                text92                            14A62    14A62       52     8000       0
                text91                            11ED4    11ED4      19E     8000       0
                text90                            15420    15420       18     8000       0
                text89                            15590    15590        6     8000       0
                text88                            15408    15408       18     8000       0
                text87                            138B8    138B8       B0     8000       0
                text86                            14370    14370       76     8000       0
                text85                            150F0    150F0       30     8000       0
                text84                            15202    15202       28     8000       0
                text83                            1557C    1557C        8     8000       0
                text82                            140FE    140FE       84     8000       0
                text81                            12BC6    12BC6      146     8000       0
                text80                            10000    10000      3A4     8000       0
                text79                            14674    14674       68     8000       0
                text78                            1220E    1220E      17C     8000       0
                text77                            1558A    1558A        6     8000       0
                text76                            15572    15572        A     8000       0
                text75                            14F0E    14F0E       3A     8000       0
                text74                            13804    13804       B4     8000       0
                text73                            15180    15180       2E     8000       0
                text72                            14DDA    14DDA       40     8000       0
                text71                            1427C    1427C       7A     8000       0
                text70                            1505A    1505A       34     8000       0
                text69                             1404     1404        2      A00       0
                text68                            15252    15252       26     8000       0
                text67                            14E5A    14E5A       3E     8000       0
                text66                            154C4    154C4       14     8000       0
                text65                            154B0    154B0       14     8000       0
                text64                            1549C    1549C       14     8000       0
                text63                            15488    15488       14     8000       0
                text62                            15474    15474       14     8000       0
                text61                            15460    15460       14     8000       0
                text60                            1544C    1544C       14     8000       0
                text59                            12E48    12E48      12E     8000       0
                text58                            14744    14744       60     8000       0
                text57                            15568    15568        A     8000       0
                text56                            14C80    14C80       48     8000       0
                text55                            1531E    1531E       1E     8000       0
                text54                            151AE    151AE       2C     8000       0
                text53                            13A12    13A12       A6     8000       0
                text52                            154EA    154EA       12     8000       0
                text51                            152BE    152BE       20     8000       0
                text50                            15374    15374       1A     8000       0
                text49                            13C92    13C92       9A     8000       0
                text48                            151DA    151DA       28     8000       0
                text47                            14182    14182       7E     8000       0
                text46                            14966    14966       54     8000       0
                text45                            11D1E    11D1E      1B6     8000       0
                text44                            150C0    150C0       30     8000       0
                text43                            14B04    14B04       50     8000       0
                text42                            1533C    1533C       1C     8000       0
                text41                            144CA    144CA       6C     8000       0
                text40                            14200    14200       7C     8000       0
                text39                            14912    14912       54     8000       0
                text38                            13D2C    13D2C       94     8000       0
                text37                            1292E    1292E      150     8000       0
                text36                            15534    15534        E     8000       0
                text35                            12672    12672      168     8000       0
                text34                            1367E    1367E       C8     8000       0
                text33                            153F0    153F0       18     8000       0
                text32                            153D8    153D8       18     8000       0
                text31                            153C0    153C0       18     8000       0
                text30                            14862    14862       5C     8000       0
                text29                            14AB4    14AB4       50     8000       0
                text28                            1460C    1460C       68     8000       0
                text27                            14804    14804       5E     8000       0
                text26                            14C38    14C38       48     8000       0
                text25                            13DC0    13DC0       92     8000       0
                text24                            12A7E    12A7E      148     8000       0
                text23                            14D10    14D10       46     8000       0
                text22                            14F82    14F82       38     8000       0
                text21                            15526    15526        E     8000       0
                text20                            153A8    153A8       18     8000       0
                text19                            14ED4    14ED4       3A     8000       0
                text18                            15550    15550        C     8000       0
                text17                            15584    15584        6     8000       0
                text16                            131AE    131AE      10E     8000       0
                text15                            15026    15026       34     8000       0
                text14                            14BF0    14BF0       48     8000       0
                text13                            148BE    148BE       54     8000       0
                text12                            13FF0    13FF0       88     8000       0
                text11                            13F68    13F68       88     8000       0
                text10                            13EE0    13EE0       88     8000       0
                text9                             15518    15518        E     8000       0
                text8                             10FC6    10FC6      2AA     8000       0
                text7                             14D9A    14D9A       40     8000       0
                text6                             11B50    11B50      1CE     8000       0
                text5                             1238A    1238A      174     8000       0
                text4                             12D0C    12D0C      13C     8000       0
                text3                             1550A    1550A        E     8000       0
                text2                             1529E    1529E       20     8000       0
                text1                             154D8    154D8       12     8000       0
                text0                             12072    12072      19C     8000       0
                cstackCOMRAM                          1        1       28        1       1
                cstackBANK0                          60       60       7F       60       1
                cstackBANK3                         300      300       18      300       1
                bssBIGRAM                           318      318      12C      318       1
                bssBANK2                            200      200       FB      200       1
                dataBANK1                           1E5      1E5       14      100       1
                bssBANK1                            100      100       E5      100       1
                dataBANK0                            F5       F5        1       60       1
                bssBANK0                             DF       DF       16       60       1
                dataCOMRAM                           43       43        E        1       1
                bssCOMRAM                            29       29       1A        1       1
                cinit                             13AB8    13AB8       A0     8000       0
                idataBANK1                        15438    15438       14     8000       0
                idataBANK0                        155A2    155A2        1     8000       0
                idataCOMRAM                       154FC    154FC        E     8000       0

TOTAL           Name                               Link     Load   Length     Space
        CLASS   STACK          

        CLASS   CODE           
                intcode                            1408     1408       A2         0
                init                               14AA     14AA        4         0
                reset_vec                          1400     1400        4         0
                text146                           15542    15542        E         0
                text145                           1559C    1559C        6         0
                text144                           14E1A    14E1A       40         0
                text143                           14FF0    14FF0       36         0
                text142                           14BA4    14BA4       4C         0
                text141                           143E6    143E6       76         0
                text140                           1538E    1538E       1A         0
                text139                           15150    15150       30         0
                text138                           13968    13968       AA         0
                text137                           1555C    1555C        C         0
                text136                           15596    15596        6         0
                text135                           133BC    133BC      100         0
                text134                           1522A    1522A       28         0
                text132                           14E98    14E98       3C         0
                text131                           14536    14536       6C         0
                text130                           1445C    1445C       6E         0
                text129                           14FBA    14FBA       36         0
                text128                           11270    11270      284         0
                text127                           13BF6    13BF6       9C         0
                text126                           14A0E    14A0E       54         0
                text125                           14D56    14D56       44         0
                text124                           149BA    149BA       54         0
                text123                           13746    13746       BE         0
                text122                           15278    15278       26         0
                text121                           14078    14078       86         0
                text120                           10D10    10D10      2B6         0
                text119                           15120    15120       30         0
                text118                           106F6    106F6      33E         0
                text117                           14CC8    14CC8       48         0
                text116                           103A4    103A4      352         0
                text115                           132BC    132BC      100         0
                text114                           12F76    12F76      122         0
                text113                           135A0    135A0       DE         0
                text112                           127DA    127DA      154         0
                text111                           13B58    13B58       9E         0
                text110                           13098    13098      116         0
                text109                           134BC    134BC       E4         0
                text108                           114F4    114F4      274         0
                text107                           124FE    124FE      174         0
                text106                           1197A    1197A      1D6         0
                text105                           10A34    10A34      2DC         0
                text104                           145A2    145A2       6A         0
                text103                           13E52    13E52       8E         0
                text102                           152FE    152FE       20         0
                text101                           142F6    142F6       7A         0
                text100                           15358    15358       1C         0
                text99                            1508E    1508E       32         0
                text98                            146DC    146DC       68         0
                text97                            147A4    147A4       60         0
                text96                            14B54    14B54       50         0
                text95                            152DE    152DE       20         0
                text94                            14F48    14F48       3A         0
                text93                            11768    11768      212         0
                text92                            14A62    14A62       52         0
                text91                            11ED4    11ED4      19E         0
                text90                            15420    15420       18         0
                text89                            15590    15590        6         0
                text88                            15408    15408       18         0
                text87                            138B8    138B8       B0         0
                text86                            14370    14370       76         0
                text85                            150F0    150F0       30         0
                text84                            15202    15202       28         0
                text83                            1557C    1557C        8         0
                text82                            140FE    140FE       84         0
                text81                            12BC6    12BC6      146         0
                text80                            10000    10000      3A4         0
                text79                            14674    14674       68         0
                text78                            1220E    1220E      17C         0
                text77                            1558A    1558A        6         0
                text76                            15572    15572        A         0
                text75                            14F0E    14F0E       3A         0
                text74                            13804    13804       B4         0
                text73                            15180    15180       2E         0
                text72                            14DDA    14DDA       40         0
                text71                            1427C    1427C       7A         0
                text70                            1505A    1505A       34         0
                text69                             1404     1404        2         0
                text68                            15252    15252       26         0
                text67                            14E5A    14E5A       3E         0
                text66                            154C4    154C4       14         0
                text65                            154B0    154B0       14         0
                text64                            1549C    1549C       14         0
                text63                            15488    15488       14         0
                text62                            15474    15474       14         0
                text61                            15460    15460       14         0
                text60                            1544C    1544C       14         0
                text59                            12E48    12E48      12E         0
                text58                            14744    14744       60         0
                text57                            15568    15568        A         0
                text56                            14C80    14C80       48         0
                text55                            1531E    1531E       1E         0
                text54                            151AE    151AE       2C         0
                text53                            13A12    13A12       A6         0
                text52                            154EA    154EA       12         0
                text51                            152BE    152BE       20         0
                text50                            15374    15374       1A         0
                text49                            13C92    13C92       9A         0
                text48                            151DA    151DA       28         0
                text47                            14182    14182       7E         0
                text46                            14966    14966       54         0
                text45                            11D1E    11D1E      1B6         0
                text44                            150C0    150C0       30         0
                text43                            14B04    14B04       50         0
                text42                            1533C    1533C       1C         0
                text41                            144CA    144CA       6C         0
                text40                            14200    14200       7C         0
                text39                            14912    14912       54         0
                text38                            13D2C    13D2C       94         0
                text37                            1292E    1292E      150         0
                text36                            15534    15534        E         0
                text35                            12672    12672      168         0
                text34                            1367E    1367E       C8         0
                text33                            153F0    153F0       18         0
                text32                            153D8    153D8       18         0
                text31                            153C0    153C0       18         0
                text30                            14862    14862       5C         0
                text29                            14AB4    14AB4       50         0
                text28                            1460C    1460C       68         0
                text27                            14804    14804       5E         0
                text26                            14C38    14C38       48         0
                text25                            13DC0    13DC0       92         0
                text24                            12A7E    12A7E      148         0
                text23                            14D10    14D10       46         0
                text22                            14F82    14F82       38         0
                text21                            15526    15526        E         0
                text20                            153A8    153A8       18         0
                text19                            14ED4    14ED4       3A         0
                text18                            15550    15550        C         0
                text17                            15584    15584        6         0
                text16                            131AE    131AE      10E         0
                text15                            15026    15026       34         0
                text14                            14BF0    14BF0       48         0
                text13                            148BE    148BE       54         0
                text12                            13FF0    13FF0       88         0
                text11                            13F68    13F68       88         0
                text10                            13EE0    13EE0       88         0
                text9                             15518    15518        E         0
                text8                             10FC6    10FC6      2AA         0
                text7                             14D9A    14D9A       40         0
                text6                             11B50    11B50      1CE         0
                text5                             1238A    1238A      174         0
                text4                             12D0C    12D0C      13C         0
                text3                             1550A    1550A        E         0
                text2                             1529E    1529E       20         0
                text1                             154D8    154D8       12         0
                text0                             12072    12072      19C         0
                cinit                             13AB8    13AB8       A0         0
                idataBANK1                        15438    15438       14         0
                idataBANK0                        155A2    155A2        1         0
                idataCOMRAM                       154FC    154FC        E         0

        CLASS   CONST          

        CLASS   SMALLCONST     

        CLASS   MEDIUMCONST    
                mediumconst                        FBB6     FBB6      44A         0

        CLASS   COMRAM         
                temp                                 51       51        1         1
                cstackCOMRAM                          1        1       28         1
                dataCOMRAM                           43       43        E         1
                bssCOMRAM                            29       29       1A         1

        CLASS   ABS1           

        CLASS   BIGRAM         
                bssBIGRAM                           318      318      12C         1

        CLASS   RAM            

        CLASS   BANK0          
                cstackBANK0                          60       60       7F         1
                dataBANK0                            F5       F5        1         1
                bssBANK0                             DF       DF       16         1

        CLASS   BANK1          
                dataBANK1                           1E5      1E5       14         1
                bssBANK1                            100      100       E5         1

        CLASS   BANK2          
                bssBANK2                            200      200       FB         1

        CLASS   BANK3          
                cstackBANK3                         300      300       18         1

        CLASS   BANK4          

        CLASS   BANK5          

        CLASS   BANK6          

        CLASS   BANK7          

        CLASS   BANK8          

        CLASS   BANK9          

        CLASS   BANK10         

        CLASS   BANK11         

        CLASS   BANK12         

        CLASS   BANK13         

        CLASS   BANK14         

        CLASS   BANK15         

        CLASS   SFR            

        CLASS   FARRAM         

        CLASS   CONFIG         
                config                            1FFF8    1FFF8        6         0

        CLASS   IDLOC          



SEGMENTS        Name                           Load    Length   Top    Selector   Space  Class

                cstackCOMRAM                   000001  000051  000052         1       1  COMRAM  
                cstackBANK0                    000060  000096  0000F6        60       1  BANK0   
                bssBANK1                       000100  0000F9  0001F9       100       1  BANK1   
                bssBANK2                       000200  0000FB  0002FB       200       1  BANK2   
                cstackBANK3                    000300  000018  000318       300       1  BANK3   
                bssBIGRAM                      000318  00012C  000444       318       1  BIGRAM  
                reset_vec                      001400  000006  001406       A00       0  CODE    
                intcode                        001408  0000A6  0014AE       A04       0  CODE    
                mediumconst                    00FBB6  00044A  010000      7DDB       0  MEDIUMCO
                text80                         010000  0055A3  0155A3      8000       0  CODE    
                config                         01FFF8  000006  01FFFE     1FFF8       0  CONFIG  


UNUSED ADDRESS RANGES

        Name                Unused          Largest block    Delta
        BANK0            000F6-000FF               A
        BANK1            001F9-001FF               7
        BANK10           00A00-00AFF             100
        BANK11           00B00-00BFF             100
        BANK12           00C00-00CFF             100
        BANK13           00D00-00DFF             100
        BANK14           00E00-00EFF             100
        BANK15           00F00-00F3F              40
        BANK2            002FB-002FF               5
        BANK4            00444-004FF              BC
        BANK5            00500-005FF             100
        BANK6            00600-006FF             100
        BANK7            00700-007FF             100
        BANK8            00800-008FF             100
        BANK9            00900-009FF             100
        BIGRAM           00052-0005F               E
                         000F6-000FF               A
                         001F9-001FF               7
                         002FB-002FF               5
                         00444-00F3F             AFC
        CODE             014AE-0FBB5            E708
                         155A3-1FFF7            AA55
        COMRAM           00052-0005F               E
        CONST            014AE-0FBB5            E708
                         155A3-1FFF7            AA55
        FARRAM           00000-00000               1
        MEDIUMCONST      014AE-0FBB5            E708
                         155A3-1FFF7            AA55
        RAM              000F6-000FF               A
                         001F9-001FF               7
                         002FB-002FF               5
                         00444-00F3F             100
        SFR              00F40-00FFF              20
        SMALLCONST       014AE-0FBB5             100
                         155A3-1FFF7             100
        STACK            00444-00F3F             AFC

                                  Symbol Table

?_ADCAverage                      cstackBANK0   000D7
?_Console_MakeField               cstackBANK0   00065
?_FunctReadADC                    cstackBANK0   00060
?_GetPortPORT                     cstackBANK0   00060
?_GetPortProperties               cstackBANK0   00060
?_GetPortTRIS                     cstackBANK0   00060
?___awdiv                         cstackBANK0   00060
?___fladd                         cstackBANK0   0008B
?___fldiv                         cstackBANK0   00060
?___flmul                         cstackBANK0   0006E
?___flneg                         cstackBANK0   00087
?___flsub                         cstackBANK0   0009F
?___fltol                         cstackBANK0   0009F
?___lldiv                         cstackBANK0   00060
?___lwdiv                         cstackBANK0   00060
?___lwmod                         cstackBANK0   00067
?___wmul                          cstackBANK0   00060
?___xxtofl                        cstackBANK0   00060
?_eval_poly                       cstackBANK0   0009F
?_exp                             cstackBANK0   000B7
?_floor                           cstackBANK0   000A9
?_frexp                           cstackBANK0   00060
?_ldexp                           cstackBANK0   000AF
?_log                             cstackBANK0   000AF
?_pow                             cstackBANK0   000C2
?_printf                          cstackBANK0   00075
Button_Init@pFunction             cstackBANK0   000A5
Button_Init@pGetState             cstackBANK0   000A2
Button_Init@pInitIO               cstackBANK0   0009F
Button_Init@pInput                cstackBANK0   0009B
Button_Init@pThreshold            cstackBANK0   0009D
Button_Poll@Pin                   cstackBANK0   00083
Button_Poll@pButton               cstackBANK0   0007B
Button_Poll@pIncrement            cstackBANK0   0007D
Byte_GetBit@Output                cstackBANK0   00064
Byte_GetBit@pBit                  cstackBANK0   00062
Byte_GetBit@pInput                cstackBANK0   00060
Byte_GetPair@pInput               cstackBANK0   00069
Byte_GetPair@pPair                cstackBANK0   0006B
Byte_GetZone@MASK                 cstackBANK0   00066
Byte_GetZone@Offset               cstackBANK0   00067
Byte_GetZone@Output               cstackBANK0   00068
Byte_GetZone@pChunk               cstackBANK0   00063
Byte_GetZone@pChunkSize           cstackBANK0   00064
Byte_GetZone@pInput               cstackBANK0   00060
Byte_GetZone@pMax                 cstackBANK0   00062
Byte_SetBit@pBit                  cstackBANK0   00062
Byte_SetBit@pInput                cstackBANK0   00060
Byte_SetBit@pValue                cstackBANK0   00063
Byte_SetByte@pInput               cstackBANK0   00060
Byte_SetByte@pValue               cstackBANK0   00062
Byte_SetPair@pInput               cstackBANK0   0006B
Byte_SetPair@pPair                cstackBANK0   0006D
Byte_SetPair@pValue               cstackBANK0   0006E
Byte_SetQuad@pInput               cstackBANK0   0006B
Byte_SetQuad@pQuad                cstackBANK0   0006D
Byte_SetQuad@pValue               cstackBANK0   0006E
Byte_SetZone@MASK                 cstackBANK0   0006A
Byte_SetZone@Offset               cstackBANK0   00069
Byte_SetZone@pChunk               cstackBANK0   00063
Byte_SetZone@pChunkSize           cstackBANK0   00064
Byte_SetZone@pInput               cstackBANK0   00060
Byte_SetZone@pMax                 cstackBANK0   00062
Byte_SetZone@pValue               cstackBANK0   00065
Console_FormFeed@x                cstackBANK0   00062
Console_FormFeed@y                cstackBANK0   00063
Console_Init@x                    cstackBANK0   00062
Console_Init@y                    cstackBANK0   00063
Console_MakeField@Column          cstackBANK0   0006C
Console_MakeField@Fill            bssBANK2      00282
Console_MakeField@Index           cstackBANK0   00069
Console_MakeField@pInput          cstackBANK0   0006B
Console_MakeField@x               cstackBANK0   00070
Console_MakeField@y               cstackBANK0   00071
Console_PrintChar@pInput          cstackBANK0   00073
Console_Render@F6956              dataBANK1     001E5
Console_Render@lCursor            cstackBANK0   00086
Console_Render@temp               cstackBANK0   00085
Console_Render@x                  cstackBANK0   0008A
Console_Render@y                  cstackBANK0   0008B
Console_Tab@c                     cstackBANK0   0006F
Console_Tab@i                     cstackBANK0   0006E
Console_Tab@t                     cstackBANK0   0006D
Event_DIPSwitch@Bar               cstackBANK0   0007A
Event_DIPSwitch@pState            cstackBANK0   00079
Event_TestButton@j                bssBANK0      000EE
Event_TestButton@pState           cstackBANK0   00079
FunctReadADC@channel              cstackBANK0   00060
GetPortPORT@pInput                cstackBANK0   00062
GetPortProperties@pInput          cstackBANK0   00062
GetPortTRIS@pInput                cstackBANK0   00062
HMI_GRender@a                     bssCOMRAM     00033
HMI_Init@in                       cstackBANK0   000A8
HMI_Render@a                      cstackBANK0   00068
HMI_SetBar@pValue                 cstackBANK0   00060
HMI_SetButton@F7213               mediumconst   0FC9C
HMI_SetButton@pValue              cstackBANK0   00066
HMI_SetButton@reindex             cstackBANK0   00062
HMI_SetButton@v                   cstackBANK0   00067
HMI_SetNumber@pInput              cstackBANK0   00076
HMI_SetSegments@in                cstackBANK0   00064
HMI_SetSegments@pString           cstackBANK0   00061
Init_Pos_Array@F7084              bssBANK2      00200
Init_Pos_Array@i                  cstackBANK0   000B6
Init_Pos_Array@j                  cstackBANK0   000B8
Init_Pos_Array@position           cstackBANK0   0008E
LCD_DrawField@count               cstackBANK0   0007E
LCD_DrawField@i                   cstackBANK0   00082
LCD_DrawField@pField              cstackBANK0   00072
LCD_DrawField@pPoint              cstackBANK0   00074
LCD_DrawField@pSize               cstackBANK0   00078
LCD_DrawField@xmax                cstackBANK0   00080
LCD_DrawField@ymax                cstackBANK0   00081
LCD_DrawRectangle@p2              bssBANK1      001E1
LCD_DrawRectangle@p4              bssBANK1      001DD
LCD_Fill@i                        cstackBANK0   0006B
LCD_Fill@j                        cstackBANK0   0006C
LCD_Fill@pColour                  cstackBANK0   00069
LCD_FillRectangle@i               cstackBANK0   00075
LCD_FillRectangle@j               cstackBANK0   00076
LCD_FillRectangle@pColour         cstackBANK0   00069
LCD_FillRectangle@pPoint          cstackBANK0   0006B
LCD_FillRectangle@pSize           cstackBANK0   0006F
LCD_Init@i                        cstackBANK0   00097
LCD_Word_Write@value              cstackBANK0   00065
LCD_Write@mode                    cstackBANK0   00063
LCD_Write@value                   cstackBANK0   00064
LED_Init@pLED                     cstackBANK0   0008D
LED_Set@pLED                      cstackBANK0   00075
LED_Set@pValue                    cstackBANK0   00074
LED_Toggle@pLED                   cstackBANK0   00078
MXK_BlockSwitchTo@CUR             cstackBANK0   00066
MXK_BlockSwitchTo@pModule         cstackBANK0   00067
MXK_Queue@pCallback               cstackBANK0   00060
MXK_SwitchTo@CUR                  cstackBANK0   00066
MXK_SwitchTo@pModule              cstackBANK0   00067
Mode_Set@pMode                    cstackBANK0   00060
OutSeg@a                          bssCOMRAM     00039
OutSeg@cur                        bssCOMRAM     0003B
OutSeg@out                        cstackBANK0   00067
OutSeg@pInput                     cstackBANK0   00066
OutSeg@pSegment                   cstackBANK0   00063
OutSeg@segset                     bssCOMRAM     0003A
PortProperty_Valid@Errors         cstackBANK0   00075
PortProperty_Valid@F6830          mediumconst   0FC79
PortProperty_Valid@Pair           cstackBANK0   00085
PortProperty_Valid@pInput         cstackBANK0   0006F
PortProperty_Valid@pPin           cstackBANK0   00072
PortProperty_Valid@pPinDrive      cstackBANK0   00071
Port_CheckPairType@Output         cstackBANK0   0008C
Port_CheckPairType@Pin1           cstackBANK0   0008A
Port_CheckPairType@Pin2           cstackBANK0   0008B
Port_CheckPairType@Props          cstackBANK0   0008D
Port_CheckPairType@pDrive         cstackBANK0   00089
Port_CheckPairType@pInput         cstackBANK0   00086
Port_CheckPairType@pPair          cstackBANK0   00088
Port_CheckPortType@Output         cstackBANK0   00099
Port_CheckPortType@pDrive         cstackBANK0   00098
Port_CheckPortType@pInput         cstackBANK0   00096
Port_CheckQuadType@Output         cstackBANK0   00095
Port_CheckQuadType@Pair1          cstackBANK0   00093
Port_CheckQuadType@Pair2          cstackBANK0   00094
Port_CheckQuadType@pDrive         cstackBANK0   00092
Port_CheckQuadType@pInput         cstackBANK0   0008F
Port_CheckQuadType@pQuad          cstackBANK0   00091
Port_GetPin@Output                cstackBANK0   00065
Port_GetPin@pInput                cstackBANK0   00060
Port_GetPin@pPin                  cstackBANK0   00062
Port_GetQuad@Output               cstackBANK0   00065
Port_GetQuad@pInput               cstackBANK0   00060
Port_GetQuad@pQuad                cstackBANK0   00062
Port_Init@i                       cstackBANK0   000A5
Port_Init@pInput                  cstackBANK0   000A0
Port_Init@pPort                   cstackBANK0   000A2
Port_Set@Type                     cstackBANK0   00086
Port_Set@TypeActual               cstackBANK0   00084
Port_Set@TypeRequired             cstackBANK0   00082
Port_Set@pInput                   cstackBANK0   0006F
Port_Set@pValue                   cstackBANK0   00071
Port_SetPin@Type                  cstackBANK0   00073
Port_SetPin@pInput                cstackBANK0   0006F
Port_SetPin@pPin                  cstackBANK0   00071
Port_SetPin@pValue                cstackBANK0   00072
Port_SetPinType@Output            cstackBANK0   0008A
Port_SetPinType@Props             cstackBANK0   0008B
Port_SetPinType@pInput            cstackBANK0   00086
Port_SetPinType@pPin              cstackBANK0   00088
Port_SetPinType@pType             cstackBANK0   00089
Port_SetQuadType@Output           cstackBANK0   0009A
Port_SetQuadType@pInput           cstackBANK0   00096
Port_SetQuadType@pQuad            cstackBANK0   00098
Port_SetQuadType@pType            cstackBANK0   00099
Port_SetType@Output               cstackBANK0   0009F
Port_SetType@pInput               cstackBANK0   0009A
Port_SetType@pType                cstackBANK0   0009C
Port_TogglePin@Value              cstackBANK0   00077
Port_TogglePin@pInput             cstackBANK0   00074
Port_TogglePin@pPin               cstackBANK0   00076
SPI_DCS@pInput                    cstackBANK0   00060
SPI_DisableISR@pInput             cstackBANK0   00060
SPI_Init@pChannel                 cstackBANK0   00091
SPI_Init@pClock                   cstackBANK0   0008D
SPI_Init@pInput                   cstackBANK0   00093
SPI_Init@pMode                    cstackBANK0   00092
SPI_MaxSpeed@pInput               cstackBANK0   0006F
SPI_MinSpeed@pInput               cstackBANK0   0006F
SPI_Send9@dat                     bssBANK1      00142
SPI_Send@pData                    cstackBANK0   00062
SPI_Send@pInput                   cstackBANK0   00060
Set_Addr_Window@xe                cstackBANK0   00066
Set_Addr_Window@xs                cstackBANK0   00068
Set_Addr_Window@ye                cstackBANK0   00067
Set_Addr_Window@ys                cstackBANK0   00065
Set_Rotation@m                    cstackBANK0   00065
Set_Rotation@rotation             cstackBANK0   00066
Timer0_Init@DIV                   bssBANK1      00104
Timer0_Init@PRE                   bssCOMRAM     00035
Timer0_Init@PRESCALE              mediumconst   0FC69
Timer2_Init@DIV                   bssBANK1      00100
Timer2_Init@DIVIDE                cstackBANK0   0007A
Timer2_Init@INDEX                 bssBANK0      000F1
Timer2_Init@PRE                   bssBANK0      000F0
Timer2_Init@PRESCALE              mediumconst   0FCA0
Timer2_Init@RDIV                  cstackBANK0   00072
Timer2_Init@pCPUClock             cstackBANK0   00076
Timer2_Init@pFrequency            cstackBANK0   0006D
ToSegment@pCHR                    cstackBANK0   00060
Word_GetPair@pInput               cstackBANK0   0006C
Word_GetPair@pPair                cstackBANK0   0006E
Word_SetPair@pInput               cstackBANK0   0006F
Word_SetPair@pPair                cstackBANK0   00071
Word_SetPair@pValue               cstackBANK0   00072
_ADCAverage                       text105       10A34
_ADCAverage$15789                 cstackBANK3   00300
_ADCAverage$15790                 cstackBANK3   00304
_ADCAverage$15791                 cstackBANK3   00308
_ADCAverage$15792                 cstackBANK3   0030C
_ADCAverage$15793                 cstackBANK3   00310
_ADCAverage$15794                 cstackBANK3   00314
_ADCON0                           (abs)         00FC2
_ADCON0bits                       (abs)         00FC2
_ADCON1                           (abs)         00FC1
_ADCON1bits                       (abs)         00FC1
_ADC_AN0                          bssBANK1      001D8
_ADC_AN1                          bssBANK1      001D3
_ADC_AN2                          bssBANK1      001CE
_ADC_AN3                          bssBANK1      001C9
_ADC_Initialised                  bssCOMRAM     00038
_ADC_Reading                      bssBANK1      0012A
_ADON                             (abs)         07E10
_ADRES                            (abs)         00FC3
_ADRESH                           (abs)         00FC4
_ADRESL                           (abs)         00FC3
_ANCON0                           (abs)         00FC1
_BAUDCON1bits                     (abs)         00F7E
_BumpSensor                       bssBANK1      00148
_BumpState                        bssBANK1      0012C
_Bus_State                        dataCOMRAM    0004B
_Button_Init                      text87        138B8
_Button_Poll                      text59        12E48
_Byte_GetBit                      text54        151AE
_Byte_GetPair                     text100       15358
_Byte_GetZone                     text101       142F6
_Byte_SetBit                      text92        14A62
_Byte_SetByte                     text9         15518
_Byte_SetPair                     text95        152DE
_Byte_SetQuad                     text102       152FE
_Byte_SetZone                     text103       13E52
_CCW_Count                        bssBANK1      00124
_COUNTER                          bssCOMRAM     00031
_CW_Count                         bssBANK1      00122
_Cliff_FLeft                      bssBANK1      00146
_Cliff_FRight                     bssBANK1      00147
_Cliff_Left                       bssBANK1      00144
_Cliff_Right                      bssBANK1      00145
_Close_Pos                        bssBANK1      00128
_Configure_GPIOs                  text27        14804
_Console_Backspace                text43        14B04
_Console_ClearCursor              text44        150C0
_Console_FormFeed                 text41        144CA
_Console_IncrementCursor          text39        14912
_Console_Init                     text104       145A2
_Console_MakeField                text53        13A12
_Console_MakeField$10974          cstackBANK0   0006E
_Console_NewLine                  text40        14200
_Console_PrintChar                text37        1292E
_Console_Render                   text45        11D1E
_Console_ResetCursor              text42        1533C
_Console_Tab                      text38        13D2C
_Current_Dist                     bssBANK1      00140
_Current_Dist1                    bssBANK1      0013E
_Current_Dist2                    bssBANK1      0013C
_DIPSwitch                        bssBANK2      002D3
_Event_DIPSwitch                  text68        15252
_Event_NULL                       text69        01404
_Event_TestButton                 text70        1505A
_Font5x7                          mediumconst   0FCA3
_Found_Flag                       bssCOMRAM     0002D
_FunctInitButton                  text86        14370
_FunctReadADC                     text132       14E98
_GODONE                           (abs)         07E11
_GetPortPORT                      text12        13FF0
_GetPortProperties                text11        13F68
_GetPortTRIS                      text10        13EE0
_HMIBoard                         bssBANK1      0014B
_HMI_DIPSwitch                    text61        15460
_HMI_DownSwitch                   text62        15474
_HMI_GetBar                       text77        1558A
_HMI_Init                         text78        1220E
_HMI_InitButtons                  text89        15590
_HMI_LeftSwitch                   text65        154B0
_HMI_Poll                         text58        14744
_HMI_Render                       text129       14FBA
_HMI_RightSwitch                  text64        1549C
_HMI_SetBar                       text76        15572
_HMI_SetButton                    text71        1427C
_HMI_SetNumber                    text122       15278
_HMI_SetSegments                  text127       13BF6
_HMI_UpSwitch                     text63        15488
_I2C1T                            bssCOMRAM     0003C
_I2C1_Done                        bssBANK1      00117
_I2C1_More                        bssBANK1      00111
_I2C2T                            bssBANK1      001C2
_I2C2_Done                        bssBANK1      00114
_I2C2_More                        bssBANK1      0010E
_INDEX                            bssCOMRAM     00036
_INTCONbits                       (abs)         00FF2
_IPR1bits                         (abs)         00F9F
_IPR3bits                         (abs)         00FA5
_ISR_Enable                       text57        15568
_ISR_Function                     intcode       01408
_InitADC                          text56        14C80
_InitList                         mediumconst   0FBB7
_InitSerialCommunication          text55        1531E
_Init_Pos_Array                   text34        1367E
_Init_Timer0                      text33        153F0
_LATA                             (abs)         00F89
_LATB                             (abs)         00F8A
_LATC                             (abs)         00F8B
_LATD                             (abs)         00F8C
_LATE                             (abs)         00F8D
_LATF                             (abs)         00F8E
_LATG                             (abs)         00F8F
_LCD_DrawField                    text47        14182
_LCD_Fill                         text26        14C38
_LCD_FillRectangle                text46        14966
_LCD_Init                         text24        12A7E
_LCD_Reset                        text29        14AB4
_LCD_Word_Write                   text50        15374
_LCD_Write                        text51        152BE
_LED_Init                         text13        148BE
_LED_Set                          text14        14BF0
_LED_Toggle                       text72        14DDA
_Low_Sensor                       dataBANK1     001F5
_MASKS                            mediumconst   0FC93
_MXK_BlockSwitchTo                text22        14F82
_MXK_DIPSwitch                    text60        1544C
_MXK_Dequeue                      text15        15026
_MXK_Init                         text4         12D0C
_MXK_InitDIPSwitch                text88        15408
_MXK_InitTestButton               text90        15420
_MXK_Queue                        text21        15526
_MXK_Release                      text20        153A8
_MXK_SwitchTo                     text19        14ED4
_MXK_TestButton                   text66        154C4
_Mode_Set                         text52        154EA
_Motor_Count                      bssCOMRAM     0002B
_Motor_Step                       text16        131AE
_Motor_Step$intlevel0             text16        131B4
_OSCTUNEbits                      (abs)         00F9B
_OutSeg                           text130       1445C
_PIE1bits                         (abs)         00F9D
_PIE3bits                         (abs)         00FA3
_PIR1                             (abs)         00F9E
_PIR1bits                         (abs)         00F9E
_PIR2                             (abs)         00FA1
_PIR3                             (abs)         00FA4
_PIR3bits                         (abs)         00FA4
_PORTA                            (abs)         00F80
_PORTB                            (abs)         00F81
_PORTC                            (abs)         00F82
_PORTD                            (abs)         00F83
_PORTE                            (abs)         00F84
_PORTF                            (abs)         00F85
_PORTFbits                        (abs)         00F85
_PORTG                            (abs)         00F86
_PR2                              (abs)         00FCB
_PortA                            bssBANK2      002F1
_PortA_Property                   mediumconst   0FEDB
_PortB                            bssBANK1      001A4
_PortB_Property                   mediumconst   0FED9
_PortC                            bssBANK1      001AE
_PortC_Property                   mediumconst   0FED7
_PortD                            bssBANK1      0019A
_PortD_Property                   mediumconst   0FED5
_PortE                            bssBANK1      00190
_PortE_Property                   mediumconst   0FED3
_PortF                            bssBANK1      001B8
_PortF_Property                   mediumconst   0FED1
_PortG                            bssBANK2      002E7
_PortG_Property                   mediumconst   0FECF
_PortProperty_Valid               text98        146DC
_Port_CheckPairType               text97        147A4
_Port_CheckPortType               text7         14D9A
_Port_CheckQuadType               text96        14B54
_Port_GetPin                      text75        14F0E
_Port_GetQuad                     text67        14E5A
_Port_Init                        text5         1238A
_Port_Set                         text8         10FC6
_Port_SetPin                      text74        13804
_Port_SetPinType                  text91        11ED4
_Port_SetQuadType                 text93        11768
_Port_SetType                     text6         11B50
_Port_TogglePin                   text73        15180
_RA2                              (abs)         07C02
_RA3                              (abs)         07C03
_RCONbits                         (abs)         00FD0
_RCREG1                           (abs)         00FAF
_RCSTA1                           (abs)         00FAC
_RD5                              (abs)         07C1D
_RD7                              (abs)         07C1F
_Reset_High                       text32        153D8
_Reset_Low                        text31        153C0
_Robot_Init                       text1         154D8
_Robot_Stop                       text2         1529E
_SPBRG1                           (abs)         00FB0
_SPI1                             bssBANK2      002C8
_SPI2                             bssBANK1      00185
_SPI_DCS                          text85        150F0
_SPI_DisableISR                   text84        15202
_SPI_Init                         text80        10000
_SPI_MaxSpeed                     text28        1460C
_SPI_MinSpeed                     text79        14674
_SPI_Send                         text131       14536
_SSP1ADD                          (abs)         00FC8
_SSP1BUF                          (abs)         00FC9
_SSP1CON1                         (abs)         00FC6
_SSP1CON1bits                     (abs)         00FC6
_SSP1CON2                         (abs)         00FC5
_SSP1CON2bits                     (abs)         00FC5
_SSP1STAT                         (abs)         00FC7
_SSP1STATbits                     (abs)         00FC7
_SSP2BUF                          (abs)         00F6F
_SSP2CON1                         (abs)         00F6C
_SSP2CON1bits                     (abs)         00F6C
_SSP2CON2                         (abs)         00F6B
_SSP2CON2bits                     (abs)         00F6B
_SSP2STAT                         (abs)         00F6D
_SSP2STATbits                     (abs)         00F6D
_Sensor_Observe_Fin               bssBANK1      00120
_Set_Addr_Window                  text49        13C92
_Set_Rotation                     text25        13DC0
_Square_Dist                      bssBANK1      00130
_Steps                            bssBANK1      00138
_T0CONbits                        (abs)         00FD5
_T2CONbits                        (abs)         00FCA
_TMR0                             (abs)         00FD6
_TRISA                            (abs)         00F92
_TRISA2                           (abs)         07C92
_TRISA3                           (abs)         07C93
_TRISB                            (abs)         00F93
_TRISC                            (abs)         00F94
_TRISCbits                        (abs)         00F94
_TRISD                            (abs)         00F95
_TRISD5                           (abs)         07CAD
_TRISD7                           (abs)         07CAF
_TRISE                            (abs)         00F96
_TRISF                            (abs)         00F97
_TRISG                            (abs)         00F98
_TXREG1                           (abs)         00FAE
_TXSTA1                           (abs)         00FAD
_TXSTA1bits                       (abs)         00FAD
_T_VAR                            bssBANK1      00132
_TestButton                       bssBANK2      002DD
_Timer0_ISR                       text134       1522A
_Timer0_Restart                   text18        15550
_Timer0_Stop                      text17        15584
_Timer2_Clear                     text83        1557C
_Timer2_Init                      text81        12BC6
_ToSegment                        text128       11270
_Word_GetPair                     text99        1508E
_Word_SetPair                     text94        14F48
__CFG_CCP2MX$DEFAULT              (abs)         00000
__CFG_CPUDIV$OSC1                 (abs)         00000
__CFG_FCMEN$OFF                   (abs)         00000
__CFG_FOSC$HSPLL                  (abs)         00000
__CFG_IESO$OFF                    (abs)         00000
__CFG_MSSPMSK$MSK5                (abs)         00000
__CFG_PLLDIV$3                    (abs)         00000
__CFG_STVREN$ON                   (abs)         00000
__CFG_WDTEN$OFF                   (abs)         00000
__CFG_WDTPS$32768                 (abs)         00000
__CFG_XINST$OFF                   (abs)         00000
__HRAM                            (abs)         00000
__Habs1                           abs1          00000
__Hbank0                          bank0         00000
__Hbank1                          bank1         00000
__Hbank10                         bank10        00000
__Hbank11                         bank11        00000
__Hbank12                         bank12        00000
__Hbank13                         bank13        00000
__Hbank14                         bank14        00000
__Hbank15                         bank15        00000
__Hbank2                          bank2         00000
__Hbank3                          bank3         00000
__Hbank4                          bank4         00000
__Hbank5                          bank5         00000
__Hbank6                          bank6         00000
__Hbank7                          bank7         00000
__Hbank8                          bank8         00000
__Hbank9                          bank9         00000
__Hbigbss                         bigbss        00000
__Hbigdata                        bigdata       00000
__Hbigram                         bigram        00000
__Hbss                            bss           00000
__HbssBANK0                       bssBANK0      00000
__HbssBANK1                       bssBANK1      00000
__HbssBANK2                       bssBANK2      00000
__HbssBIGRAM                      bssBIGRAM     00000
__HbssCOMRAM                      bssCOMRAM     00000
__Hcinit                          cinit         00000
__Hclrtext                        clrtext       00000
__Hcomram                         comram        00000
__Hconfig                         config        1FFFE
__Hconst                          const         00000
__HcstackBANK0                    cstackBANK0   00000
__HcstackBANK3                    cstackBANK3   00000
__HcstackCOMRAM                   cstackCOMRAM  00000
__Hdata                           data          00000
__HdataBANK0                      dataBANK0     00000
__HdataBANK1                      dataBANK1     00000
__HdataCOMRAM                     dataCOMRAM    00000
__Hfarbss                         farbss        00000
__Hfardata                        fardata       00000
__Hibigdata                       ibigdata      00000
__Hidata                          idata         00000
__HidataBANK0                     idataBANK0    00000
__HidataBANK1                     idataBANK1    00000
__HidataCOMRAM                    idataCOMRAM   00000
__Hidloc                          idloc         00000
__Hifardata                       ifardata      00000
__Hinit                           init          014AE
__Hintcode                        intcode       014AA
__Hintcode_body                   intcode_body  00000
__Hintcodelo                      intcodelo     014AA
__Hintentry                       intentry      00000
__Hintret                         intret        00000
__Hintsave_regs                   intsave_regs  00000
__Hirdata                         irdata        00000
__Hjflash_buffer                  jflash_buffer 1F800
__Hmediumconst                    mediumconst   10000
__HnvFARRAM                       nvFARRAM      00000
__Hnvbit                          nvbit         00000
__Hnvrram                         nvrram        00000
__Hparam                          rparam        00000
__Hpowerup                        powerup       014AA
__Hram                            ram           00000
__Hramtop                         ramtop        01000
__Hrbit                           rbit          00000
__Hrbss                           rbss          00000
__Hrdata                          rdata         00000
__Hreset_vec                      reset_vec     01404
__Hrparam                         rparam        00000
__Hsfr                            sfr           00000
__Hsmallconst                     smallconst    00000
__Hspace_0                        (abs)         1FFFE
__Hspace_1                        (abs)         00444
__Hspace_2                        (abs)         00000
__Hstack                          stack         00000
__Hstruct                         struct        00000
__Htemp                           temp          00052
__Htext                           text          00000
__Htext0                          text0         00000
__Htext1                          text1         00000
__Htext10                         text10        00000
__Htext100                        text100       00000
__Htext101                        text101       00000
__Htext102                        text102       00000
__Htext103                        text103       00000
__Htext104                        text104       00000
__Htext105                        text105       00000
__Htext106                        text106       00000
__Htext107                        text107       00000
__Htext108                        text108       00000
__Htext109                        text109       00000
__Htext11                         text11        00000
__Htext110                        text110       00000
__Htext111                        text111       00000
__Htext112                        text112       00000
__Htext113                        text113       00000
__Htext114                        text114       00000
__Htext115                        text115       00000
__Htext116                        text116       00000
__Htext117                        text117       00000
__Htext118                        text118       00000
__Htext119                        text119       00000
__Htext12                         text12        00000
__Htext120                        text120       00000
__Htext121                        text121       00000
__Htext122                        text122       00000
__Htext123                        text123       00000
__Htext124                        text124       00000
__Htext125                        text125       00000
__Htext126                        text126       00000
__Htext127                        text127       00000
__Htext128                        text128       00000
__Htext129                        text129       00000
__Htext13                         text13        00000
__Htext130                        text130       00000
__Htext131                        text131       00000
__Htext132                        text132       00000
__Htext134                        text134       00000
__Htext135                        text135       00000
__Htext136                        text136       00000
__Htext137                        text137       00000
__Htext138                        text138       00000
__Htext139                        text139       00000
__Htext14                         text14        00000
__Htext140                        text140       00000
__Htext141                        text141       00000
__Htext142                        text142       00000
__Htext143                        text143       00000
__Htext144                        text144       00000
__Htext145                        text145       00000
__Htext146                        text146       00000
__Htext147                        text147       00000
__Htext15                         text15        00000
__Htext16                         text16        00000
__Htext17                         text17        00000
__Htext18                         text18        00000
__Htext19                         text19        00000
__Htext2                          text2         00000
__Htext20                         text20        00000
__Htext21                         text21        00000
__Htext22                         text22        00000
__Htext23                         text23        00000
__Htext24                         text24        00000
__Htext25                         text25        00000
__Htext26                         text26        00000
__Htext27                         text27        00000
__Htext28                         text28        00000
__Htext29                         text29        00000
__Htext3                          text3         00000
__Htext30                         text30        00000
__Htext31                         text31        00000
__Htext32                         text32        00000
__Htext33                         text33        00000
__Htext34                         text34        00000
__Htext35                         text35        00000
__Htext36                         text36        00000
__Htext37                         text37        00000
__Htext38                         text38        00000
__Htext39                         text39        00000
__Htext4                          text4         00000
__Htext40                         text40        00000
__Htext41                         text41        00000
__Htext42                         text42        00000
__Htext43                         text43        00000
__Htext44                         text44        00000
__Htext45                         text45        00000
__Htext46                         text46        00000
__Htext47                         text47        00000
__Htext48                         text48        00000
__Htext49                         text49        00000
__Htext5                          text5         00000
__Htext50                         text50        00000
__Htext51                         text51        00000
__Htext52                         text52        00000
__Htext53                         text53        00000
__Htext54                         text54        00000
__Htext55                         text55        00000
__Htext56                         text56        00000
__Htext57                         text57        00000
__Htext58                         text58        00000
__Htext59                         text59        00000
__Htext6                          text6         00000
__Htext60                         text60        00000
__Htext61                         text61        00000
__Htext62                         text62        00000
__Htext63                         text63        00000
__Htext64                         text64        00000
__Htext65                         text65        00000
__Htext66                         text66        00000
__Htext67                         text67        00000
__Htext68                         text68        00000
__Htext69                         text69        00000
__Htext7                          text7         00000
__Htext70                         text70        00000
__Htext71                         text71        00000
__Htext72                         text72        00000
__Htext73                         text73        00000
__Htext74                         text74        00000
__Htext75                         text75        00000
__Htext76                         text76        00000
__Htext77                         text77        00000
__Htext78                         text78        00000
__Htext79                         text79        00000
__Htext8                          text8         00000
__Htext80                         text80        00000
__Htext81                         text81        00000
__Htext82                         text82        00000
__Htext83                         text83        00000
__Htext84                         text84        00000
__Htext85                         text85        00000
__Htext86                         text86        00000
__Htext87                         text87        00000
__Htext88                         text88        00000
__Htext89                         text89        00000
__Htext9                          text9         00000
__Htext90                         text90        00000
__Htext91                         text91        00000
__Htext92                         text92        00000
__Htext93                         text93        00000
__Htext94                         text94        00000
__Htext95                         text95        00000
__Htext96                         text96        00000
__Htext97                         text97        00000
__Htext98                         text98        00000
__Htext99                         text99        00000
__LRAM                            (abs)         00001
__Labs1                           abs1          00000
__Lbank0                          bank0         00000
__Lbank1                          bank1         00000
__Lbank10                         bank10        00000
__Lbank11                         bank11        00000
__Lbank12                         bank12        00000
__Lbank13                         bank13        00000
__Lbank14                         bank14        00000
__Lbank15                         bank15        00000
__Lbank2                          bank2         00000
__Lbank3                          bank3         00000
__Lbank4                          bank4         00000
__Lbank5                          bank5         00000
__Lbank6                          bank6         00000
__Lbank7                          bank7         00000
__Lbank8                          bank8         00000
__Lbank9                          bank9         00000
__Lbigbss                         bigbss        00000
__Lbigdata                        bigdata       00000
__Lbigram                         bigram        00000
__Lbss                            bss           00000
__LbssBANK0                       bssBANK0      00000
__LbssBANK1                       bssBANK1      00000
__LbssBANK2                       bssBANK2      00000
__LbssBIGRAM                      bssBIGRAM     00000
__LbssCOMRAM                      bssCOMRAM     00000
__Lcinit                          cinit         00000
__Lclrtext                        clrtext       00000
__Lcomram                         comram        00000
__Lconfig                         config        1FFF8
__Lconst                          const         00000
__LcstackBANK0                    cstackBANK0   00000
__LcstackBANK3                    cstackBANK3   00000
__LcstackCOMRAM                   cstackCOMRAM  00000
__Ldata                           data          00000
__LdataBANK0                      dataBANK0     00000
__LdataBANK1                      dataBANK1     00000
__LdataCOMRAM                     dataCOMRAM    00000
__Lfarbss                         farbss        00000
__Lfardata                        fardata       00000
__Libigdata                       ibigdata      00000
__Lidata                          idata         00000
__LidataBANK0                     idataBANK0    00000
__LidataBANK1                     idataBANK1    00000
__LidataCOMRAM                    idataCOMRAM   00000
__Lidloc                          idloc         00000
__Lifardata                       ifardata      00000
__Linit                           init          014AA
__Lintcode                        intcode       01408
__Lintcode_body                   intcode_body  00000
__Lintcodelo                      intcodelo     014AA
__Lintentry                       intentry      00000
__Lintret                         intret        00000
__Lintsave_regs                   intsave_regs  00000
__Lirdata                         irdata        00000
__Ljflash_buffer                  jflash_buffer 1F800
__Lmediumconst                    mediumconst   0FBB6
__LnvFARRAM                       nvFARRAM      00000
__Lnvbit                          nvbit         00000
__Lnvrram                         nvrram        00000
__Lparam                          rparam        00000
__Lpowerup                        powerup       014AA
__Lram                            ram           00000
__Lramtop                         ramtop        01000
__Lrbit                           rbit          00000
__Lrbss                           rbss          00000
__Lrdata                          rdata         00000
__Lreset_vec                      reset_vec     01400
__Lrparam                         rparam        00000
__Lsfr                            sfr           00000
__Lsmallconst                     smallconst    00000
__Lspace_0                        (abs)         00000
__Lspace_1                        (abs)         00000
__Lspace_2                        (abs)         00000
__Lstack                          stack         00000
__Lstruct                         struct        00000
__Ltemp                           temp          00051
__Ltext                           text          00000
__Ltext0                          text0         00000
__Ltext1                          text1         00000
__Ltext10                         text10        00000
__Ltext100                        text100       00000
__Ltext101                        text101       00000
__Ltext102                        text102       00000
__Ltext103                        text103       00000
__Ltext104                        text104       00000
__Ltext105                        text105       00000
__Ltext106                        text106       00000
__Ltext107                        text107       00000
__Ltext108                        text108       00000
__Ltext109                        text109       00000
__Ltext11                         text11        00000
__Ltext110                        text110       00000
__Ltext111                        text111       00000
__Ltext112                        text112       00000
__Ltext113                        text113       00000
__Ltext114                        text114       00000
__Ltext115                        text115       00000
__Ltext116                        text116       00000
__Ltext117                        text117       00000
__Ltext118                        text118       00000
[...]
      Totals:         9       0       0       0       0       0       0       0       0       0       0       0       0       0       0       0       0
Total ram usage:        9 bytes
 Hardware stack levels used:    1
 This function calls:
		Nothing
 This function is called by:
		i2_Byte_GetPair
 This function uses a non-reentrant model


 *************** function i2_Byte_SetBit *****************
 Defined at:
		line 32 in file "Library/Types.c"
 Parameters:    Size  Location     Type
  pInput          2    0[COMRAM] PTR struct Byte
		 -> SSP2CON2(1), SSP1CON2(1), SSP2CON1(1), SSP2STAT(1), 
		 -> SSP1CON1(1), SSP1STAT(1), TRISG(1), TRISF(1), 
		 -> TRISE(1), TRISD(1), TRISC(1), TRISB(1), 
		 -> TRISA(1), PORTG(1), PORTF(1), PORTE(1), 
		 -> PORTD(1), PORTC(1), PORTB(1), PORTA(1), 
		 -> NULL(0), 
  pBit            1    2[COMRAM] unsigned char 
  pValue          1    3[COMRAM] unsigned char 
 Auto vars:     Size  Location     Type
		None
 Return value:  Size  Location     Type
                  1    wreg      void 
 Registers used:
		wreg, fsr2l, fsr2h, status,2, status,0
 Tracked objects:
		On entry : 
		On exit  : 
		Unchanged: 
 Data sizes:     COMRAM   BANK0   BANK1   BANK2   BANK3   BANK4   BANK5   BANK6   BANK7   BANK8   BANK9  BANK10  BANK11  BANK12  BANK13  BANK14  BANK15
      Params:         4       0       0       0       0       0       0       0       0       0       0       0       0       0       0       0       0
      Locals:         0       0       0       0       0       0       0       0       0       0       0       0       0       0       0       0       0
      Temps:          3       0       0       0       0       0       0       0       0       0       0       0       0       0       0       0       0
      Totals:         7       0       0       0       0       0       0       0       0       0       0       0       0       0       0       0       0
Total ram usage:        7 bytes
 Hardware stack levels used:    1
 This function calls:
		Nothing
 This function is called by:
		i2_Port_SetPin
 This function uses a non-reentrant model


 *************** function i2_MXK_SwitchTo *****************
 Defined at:
		line 105 in file "Library/MXK.c"
 Parameters:    Size  Location     Type
  pModule         1    wreg     enum E6927
 Auto vars:     Size  Location     Type
  pModule         1    7[COMRAM] enum E6927
  MXK_SwitchTo    1    6[COMRAM] unsigned char 
 Return value:  Size  Location     Type
                  1    wreg      unsigned char 
 Registers used:
		wreg, status,2, status,0, cstack
 Tracked objects:
		On entry : 
		On exit  : 
		Unchanged: 
 Data sizes:     COMRAM   BANK0   BANK1   BANK2   BANK3   BANK4   BANK5   BANK6   BANK7   BANK8   BANK9  BANK10  BANK11  BANK12  BANK13  BANK14  BANK15
      Params:         0       0       0       0       0       0       0       0       0       0       0       0       0       0       0       0       0
      Locals:         2       0       0       0       0       0       0       0       0       0       0       0       0       0       0       0       0
      Temps:          0       0       0       0       0       0       0       0       0       0       0       0       0       0       0       0       0
      Totals:         2       0       0       0       0       0       0       0       0       0       0       0       0       0       0       0       0
Total ram usage:        2 bytes
 Hardware stack levels used:    1
 Hardware stack levels required when called:    1
 This function calls:
		i2_delay_us
 This function is called by:
		i2_Motor_Step
 This function uses a non-reentrant model


 *************** function i2_delay_us *****************
 Defined at:
		line 255 in file "Library/Types.c"
 Parameters:    Size  Location     Type
  us              2    0[COMRAM] unsigned short 
 Auto vars:     Size  Location     Type
  delay_us        4    2[COMRAM] unsigned long 
 Return value:  Size  Location     Type
                  1    wreg      void 
 Registers used:
		wreg, status,2, status,0
 Tracked objects:
		On entry : 
		On exit  : 
		Unchanged: 
 Data sizes:     COMRAM   BANK0   BANK1   BANK2   BANK3   BANK4   BANK5   BANK6   BANK7   BANK8   BANK9  BANK10  BANK11  BANK12  BANK13  BANK14  BANK15
      Params:         2       0       0       0       0       0       0       0       0       0       0       0       0       0       0       0       0
      Locals:         4       0       0       0       0       0       0       0       0       0       0       0       0       0       0       0       0
      Temps:          0       0       0       0       0       0       0       0       0       0       0       0       0       0       0       0       0
      Totals:         6       0       0       0       0       0       0       0       0       0       0       0       0       0       0       0       0
Total ram usage:        6 bytes
 Hardware stack levels used:    1
 This function calls:
		Nothing
 This function is called by:
		i2_MXK_SwitchTo
 This function uses a non-reentrant model


 *************** function i2_MXK_Release *****************
 Defined at:
		line 130 in file "Library/MXK.c"
 Parameters:    Size  Location     Type
		None
 Auto vars:     Size  Location     Type
		None
 Return value:  Size  Location     Type
                  1    wreg      unsigned char 
 Registers used:
		wreg, status,2, status,0
 Tracked objects:
		On entry : 
		On exit  : 
		Unchanged: 
 Data sizes:     COMRAM   BANK0   BANK1   BANK2   BANK3   BANK4   BANK5   BANK6   BANK7   BANK8   BANK9  BANK10  BANK11  BANK12  BANK13  BANK14  BANK15
      Params:         0       0       0       0       0       0       0       0       0       0       0       0       0       0       0       0       0
      Locals:         0       0       0       0       0       0       0       0       0       0       0       0       0       0       0       0       0
      Temps:          0       0       0       0       0       0       0       0       0       0       0       0       0       0       0       0       0
      Totals:         0       0       0       0       0       0       0       0       0       0       0       0       0       0       0       0       0
Total ram usage:        0 bytes
 Hardware stack levels used:    1
 This function calls:
		Nothing
 This function is called by:
		i2_Motor_Step
 This function uses a non-reentrant model


 *************** function i2_MXK_Queue *****************
 Defined at:
		line 144 in file "Library/MXK.c"
 Parameters:    Size  Location     Type
  pCallback       3    0[COMRAM] PTR FTN()void 
		 -> Absolute function(1), Motor_Step(1), 
 Auto vars:     Size  Location     Type
		None
 Return value:  Size  Location     Type
                  1    wreg      void 
 Registers used:
		wreg, status,2, status,0
 Tracked objects:
		On entry : 
		On exit  : 
		Unchanged: 
 Data sizes:     COMRAM   BANK0   BANK1   BANK2   BANK3   BANK4   BANK5   BANK6   BANK7   BANK8   BANK9  BANK10  BANK11  BANK12  BANK13  BANK14  BANK15
      Params:         3       0       0       0       0       0       0       0       0       0       0       0       0       0       0       0       0
      Locals:         0       0       0       0       0       0       0       0       0       0       0       0       0       0       0       0       0
      Temps:          0       0       0       0       0       0       0       0       0       0       0       0       0       0       0       0       0
      Totals:         3       0       0       0       0       0       0       0       0       0       0       0       0       0       0       0       0
Total ram usage:        3 bytes
 Hardware stack levels used:    1
 This function calls:
		Nothing
 This function is called by:
		i2_Motor_Step
 This function uses a non-reentrant model



MODULE INFORMATION

Module		Function		Class		Link	Load	Size
Library/LCD.c
		_LCD_Init      		CODE           	12A7E	0000	329
		_LCD_FillRectangle		CODE           	14966	0000	85
		_Configure_GPIOs		CODE           	14804	0000	95
		_LCD_DrawField 		CODE           	14182	0000	127
		_Set_Addr_Window		CODE           	13C92	0000	155
		_LCD_Word_Write		CODE           	15374	0000	27
		_LCD_Reset     		CODE           	14AB4	0000	81
		_Set_Rotation  		CODE           	13DC0	0000	147
		_Mode_Set      		CODE           	154EA	0000	19
		_Reset_Low     		CODE           	153C0	0000	25
		_LCD_Write     		CODE           	152BE	0000	33
		_LCD_Fill      		CODE           	14C38	0000	73
		_Reset_High    		CODE           	153D8	0000	25

Library/LCD.c estimated size: 1221

C:\Program Files (x86)\Microchip\xc8\v1.44\sources\common\lwmod.c
		___lwmod       		CODE           	14D56	0000	69

C:\Program Files (x86)\Microchip\xc8\v1.44\sources\common\lwmod.c estimated size: 69

dans.c
		_ADCAverage    		CODE           	10A34	0000	733
		_Init_Pos_Array		CODE           	1367E	0000	201
		_FunctReadADC  		CODE           	14E98	0000	61
		_InitADC       		CODE           	14C80	0000	73
		_eusartSend    		CODE           	1550A	0000	15
		_Robot_Stop    		CODE           	1529E	0000	33

dans.c estimated size: 1116

Library/MXK.c
		_MXK_InitDIPSwitch		CODE           	15408	0000	25
		_MXK_DIPSwitch 		CODE           	1544C	0000	21
		_MXK_BlockSwitchTo		CODE           	14F82	0000	57
		_MXK_Release   		CODE           	153A8	0000	25
		_MXK_Dequeue   		CODE           	15026	0000	53
		_MXK_InitTestButton		CODE           	15420	0000	25
		_MXK_SwitchTo  		CODE           	14ED4	0000	59
		_MXK_TestButton		CODE           	154C4	0000	21
		_MXK_Init      		CODE           	12D0C	0000	317
		_MXK_Queue     		CODE           	15526	0000	15

Library/MXK.c estimated size: 618

C:\Program Files (x86)\Microchip\xc8\v1.44\sources\common\xxtofl.c
		___xxtofl      		CODE           	127DA	0000	341

C:\Program Files (x86)\Microchip\xc8\v1.44\sources\common\xxtofl.c estimated size: 341

C:\Program Files (x86)\Microchip\xc8\v1.44\sources\common\flge.c
		___flge        		CODE           	12F76	0000	291

C:\Program Files (x86)\Microchip\xc8\v1.44\sources\common\flge.c estimated size: 291

C:\Program Files (x86)\Microchip\xc8\v1.44\sources\common\frexp.c
		_ldexp         		CODE           	134BC	0000	229
		_frexp         		CODE           	13B58	0000	159

C:\Program Files (x86)\Microchip\xc8\v1.44\sources\common\frexp.c estimated size: 388

Library/Port.c
		_GetPortTRIS   		CODE           	13EE0	0000	137
		_GetPortPORT   		CODE           	13FF0	0000	137
		_Port_TogglePin		CODE           	15180	0000	47
		_Port_SetPinType		CODE           	11ED4	0000	415
		_Port_Init     		CODE           	1238A	0000	373
		_GetPortProperties		CODE           	13F68	0000	137
		_Port_GetPin   		CODE           	14F0E	0000	59
		_Port_GetQuad  		CODE           	14E5A	0000	63
		_Port_Set      		CODE           	10FC6	0000	683
		_Port_SetPin   		CODE           	13804	0000	181
		_Port_SetType  		CODE           	11B50	0000	463
		_Port_CheckQuadType		CODE           	14B54	0000	81
		_Port_CheckPairType		CODE           	147A4	0000	97
		_Port_CheckPortType		CODE           	14D9A	0000	65
		_Port_SetQuadType		CODE           	11768	0000	531

Library/Port.c estimated size: 3469

Library/LED.c
		_LED_Init      		CODE           	148BE	0000	85
		_LED_Set       		CODE           	14BF0	0000	73
		_LED_Toggle    		CODE           	14DDA	0000	65

Library/LED.c estimated size: 223

C:\Program Files (x86)\Microchip\xc8\v1.44\sources\common\floor.c
		_floor         		CODE           	13098	0000	279

C:\Program Files (x86)\Microchip\xc8\v1.44\sources\common\floor.c estimated size: 279

Library/Motor.c
		_Motor_Step    		CODE           	131AE	0000	271

Library/Motor.c estimated size: 271

Events.c
		_Event_DIPSwitch		CODE           	15252	0000	39
		_Event_NULL    		CODE           	1404	0000	3
		_Event_TestButton		CODE           	1505A	0000	53

Events.c estimated size: 95

C:\Program Files (x86)\Microchip\xc8\v1.44\sources\common\sprcmul.c
		___flmul       		CODE           	103A4	0000	851

C:\Program Files (x86)\Microchip\xc8\v1.44\sources\common\sprcmul.c estimated size: 851

C:\Program Files (x86)\Microchip\xc8\v1.44\sources\common\lwdiv.c
		___lwdiv       		CODE           	14A0E	0000	85

C:\Program Files (x86)\Microchip\xc8\v1.44\sources\common\lwdiv.c estimated size: 85

C:\Program Files (x86)\Microchip\xc8\v1.44\sources\common\doprnt.c
		_printf        		CODE           	12672	0000	361

C:\Program Files (x86)\Microchip\xc8\v1.44\sources\common\doprnt.c estimated size: 361

C:\Program Files (x86)\Microchip\xc8\v1.44\sources\common\fltol.c
		___fltol       		CODE           	135A0	0000	223

C:\Program Files (x86)\Microchip\xc8\v1.44\sources\common\fltol.c estimated size: 223

C:\Program Files (x86)\Microchip\xc8\v1.44\sources\common\sprcdiv.c
		___fldiv       		CODE           	10D10	0000	695

C:\Program Files (x86)\Microchip\xc8\v1.44\sources\common\sprcdiv.c estimated size: 695

C:\Program Files (x86)\Microchip\xc8\v1.44\sources\common\lldiv.c
		___lldiv       		CODE           	140FE	0000	133

C:\Program Files (x86)\Microchip\xc8\v1.44\sources\common\lldiv.c estimated size: 133

C:\Program Files (x86)\Microchip\xc8\v1.44\sources\common\Umul16.c
		___wmul        		CODE           	151DA	0000	41

C:\Program Files (x86)\Microchip\xc8\v1.44\sources\common\Umul16.c estimated size: 41

C:\Program Files (x86)\Microchip\xc8\v1.44\sources\common\exp.c
		_exp           		CODE           	114F4	0000	629

C:\Program Files (x86)\Microchip\xc8\v1.44\sources\common\exp.c estimated size: 629

Functions.c
		_FunctInitButton		CODE           	14370	0000	119

Functions.c estimated size: 119

C:\Program Files (x86)\Microchip\xc8\v1.44\sources\common\evalpoly.c
		_eval_poly     		CODE           	132BC	0000	257

C:\Program Files (x86)\Microchip\xc8\v1.44\sources\common\evalpoly.c estimated size: 257

HMI.c
		_HMI_InitButtons		CODE           	15590	0000	7
		_HMI_Poll      		CODE           	14744	0000	97
		_HMI_LeftSwitch		CODE           	154B0	0000	21
		_HMI_UpSwitch  		CODE           	15488	0000	21
		_HMI_SetSegments		CODE           	13BF6	0000	157
		_HMI_Render    		CODE           	14FBA	0000	55
		_OutSeg        		CODE           	1445C	0000	111
		_HMI_Init      		CODE           	1220E	0000	381
		_HMI_RightSwitch		CODE           	1549C	0000	21
		_HMI_GetBar    		CODE           	1558A	0000	7
		_HMI_SetBar    		CODE           	15572	0000	11
		_HMI_SetNumber 		CODE           	15278	0000	39
		_HMI_SetButton 		CODE           	1427C	0000	123
		_HMI_DIPSwitch 		CODE           	15460	0000	21
		_HMI_DownSwitch		CODE           	15474	0000	21

HMI.c estimated size: 1093

shared
		_InitList      		MEDIUMCONST    	FBB7	0000	179
		exp@coeff      		MEDIUMCONST    	FE83	0000	41
		_PortE_Property		MEDIUMCONST    	FED3	0000	3
		i2_Byte_SetBit 		CODE           	14BA4	0000	77
		_Font5x7       		MEDIUMCONST    	FCA3	0000	481
		i2_Motor_Step  		CODE           	133BC	0000	257
		Timer2_Init@PRESCALE		MEDIUMCONST    	FCA0	0000	4
		_PortF_Property		MEDIUMCONST    	FED1	0000	3
		_dpowers       		MEDIUMCONST    	FC89	0000	11
		i2_Byte_GetZone		CODE           	143E6	0000	119
		i2_Byte_GetPair		CODE           	1538E	0000	27
		_PortA_Property		MEDIUMCONST    	FEDB	0000	3
		i2_Timer0_Stop 		CODE           	15596	0000	7
		_PortG_Property		MEDIUMCONST    	FECF	0000	3
		i2_Timer0_Restart		CODE           	1555C	0000	13
		HMI_SetButton@F7213		MEDIUMCONST    	FC9C	0000	5
		__initialization		CODE           	13AB8	0000	151
		i2_MXK_SwitchTo		CODE           	14FF0	0000	55
		_PortB_Property		MEDIUMCONST    	FED9	0000	3
		_MASKS         		MEDIUMCONST    	FC93	0000	10
		i2_Word_GetPair		CODE           	15150	0000	49
		i2_Port_SetPin 		CODE           	13968	0000	171
		i2_MXK_Release 		CODE           	1559C	0000	7
		_PortC_Property		MEDIUMCONST    	FED7	0000	3
		PortProperty_Valid@F6830		MEDIUMCONST    	FC79	0000	17
		log@coeff      		MEDIUMCONST    	FEAB	0000	37
		Timer0_Init@PRESCALE		MEDIUMCONST    	FC69	0000	17
		i2_delay_us    		CODE           	14E1A	0000	65
		_PortD_Property		MEDIUMCONST    	FED5	0000	3
		i2_MXK_Queue   		CODE           	15542	0000	15

shared estimated size: 1836

C:\Program Files (x86)\Microchip\xc8\v1.44\sources\common\awdiv.c
		___awdiv       		CODE           	14078	0000	135

C:\Program Files (x86)\Microchip\xc8\v1.44\sources\common\awdiv.c estimated size: 135

Library/Button.c
		_Button_Poll   		CODE           	12E48	0000	303
		_Button_Init   		CODE           	138B8	0000	177

Library/Button.c estimated size: 480

C:\Program Files (x86)\Microchip\xc8\v1.44\sources\common\flneg.c
		___flneg       		CODE           	15120	0000	49

C:\Program Files (x86)\Microchip\xc8\v1.44\sources\common\flneg.c estimated size: 49

C:\Program Files (x86)\Microchip\xc8\v1.44\sources\common\sprcadd.c
		___flsub       		CODE           	14CC8	0000	73
		___fladd       		CODE           	106F6	0000	831

C:\Program Files (x86)\Microchip\xc8\v1.44\sources\common\sprcadd.c estimated size: 904

C:\Program Files (x86)\Microchip\xc8\v1.44\sources\common\log.c
		_log           		CODE           	124FE	0000	373

C:\Program Files (x86)\Microchip\xc8\v1.44\sources\common\log.c estimated size: 373

Library/ISR.c
		_ISR_Function  		CODE           	1408	0000	163
		_ISR_Enable    		CODE           	15568	0000	11

Library/ISR.c estimated size: 174

Library/SPI.c
		_SPI_MinSpeed  		CODE           	14674	0000	105
		_SPI_DisableISR		CODE           	15202	0000	41
		_SPI_MaxSpeed  		CODE           	1460C	0000	105
		_SPI_Init      		CODE           	10000	0000	933
		_SPI_Send      		CODE           	14536	0000	109
		_SPI_DCS       		CODE           	150F0	0000	49

Library/SPI.c estimated size: 1342

main.c
		_Init_Timer0   		CODE           	153F0	0000	25
		_main          		CODE           	12072	0000	413
		_InitSerialCommunication		CODE           	1531E	0000	31
		_Robot_Init    		CODE           	154D8	0000	19

main.c estimated size: 488

Library/Console.c
		_Console_NewLine		CODE           	14200	0000	125
		_putch         		CODE           	15534	0000	15
		_Console_ClearCursor		CODE           	150C0	0000	49
		_Console_ResetCursor		CODE           	1533C	0000	29
		_Console_Tab   		CODE           	13D2C	0000	149
		_Console_IncrementCursor		CODE           	14912	0000	85
		_Console_FormFeed		CODE           	144CA	0000	109
		_Console_Init  		CODE           	145A2	0000	107
		_Console_Backspace		CODE           	14B04	0000	81
		_Console_MakeField		CODE           	13A12	0000	167
		_Console_PrintChar		CODE           	1292E	0000	337
		_Console_Render		CODE           	11D1E	0000	439

Library/Console.c estimated size: 1692

Library/Timer2.c
		_Timer2_Init   		CODE           	12BC6	0000	327
		_Timer2_Clear  		CODE           	1557C	0000	9

Library/Timer2.c estimated size: 336

C:\Program Files (x86)\Microchip\xc8\v1.44\sources\common\pow.c
		_pow           		CODE           	1197A	0000	471

C:\Program Files (x86)\Microchip\xc8\v1.44\sources\common\pow.c estimated size: 471

Library/Types.c
		_Word_GetPair  		CODE           	1508E	0000	51
		_delay_us      		CODE           	14D10	0000	71
		_ToSegment     		CODE           	11270	0000	645
		_Byte_GetBit   		CODE           	151AE	0000	45
		_Word_SetPair  		CODE           	14F48	0000	59
		_itos          		CODE           	13746	0000	191
		_Byte_GetZone  		CODE           	142F6	0000	123
		_Byte_GetPair  		CODE           	15358	0000	29
		_Byte_SetBit   		CODE           	14A62	0000	83
		_Byte_SetQuad  		CODE           	152FE	0000	33
		_Byte_SetZone  		CODE           	13E52	0000	143
		_Byte_SetByte  		CODE           	15518	0000	15
		_Byte_SetPair  		CODE           	152DE	0000	33
		_delay_ms      		CODE           	14862	0000	93
		_reverse       		CODE           	149BA	0000	85
		_PortProperty_Valid		CODE           	146DC	0000	105

Library/Types.c estimated size: 1804

Library/Timer0.c
		_Timer0_ISR    		CODE           	1522A	0000	41
		_Timer0_Stop   		CODE           	15584	0000	7
		_Timer0_Restart		CODE           	15550	0000	13

Library/Timer0.c estimated size: 61

