Microchip MPLAB XC8 Compiler V1.38 ()

Linker command line:

-W-3 --edf=C:\Program Files (x86)\Microchip\xc8\v1.38\dat\en_msgs.txt -cs \
  -h+dist/NORMAL/production\MXK_Demo_V1.X.production.sym \
  --cmf=dist/NORMAL/production\MXK_Demo_V1.X.production.cmf -z -Q18F67J50 \
  -oC:\Users\User\AppData\Local\Temp\s120.2 \
  -Mdist/NORMAL/production/MXK_Demo_V1.X.production.map -E1 -ver=XC8 \
  --acfsm=1493 -ASTACK=0D3Dh-0f3fh -pstack=STACK -ACODE=00h-01FFF7h \
  -ACONST=00h-01FFF7h -ASMALLCONST=01000h-010FFhx495,01FF00h-01FFF7h \
  -AMEDIUMCONST=01000h-0FFFFh,011000h-01FFF7h -ACOMRAM=01h-05Fh \
  -AABS1=00h-0F3Fh -ABIGRAM=01h-0F3Fh \
  -ARAM=060h-0FFh,0100h-01FFhx14,0F00h-0F3Fh -ABANK0=060h-0FFh \
  -ABANK1=0100h-01FFh -ABANK2=0200h-02FFh -ABANK3=0300h-03FFh \
  -ABANK4=0400h-04FFh -ABANK5=0500h-05FFh -ABANK6=0600h-06FFh \
  -ABANK7=0700h-07FFh -ABANK8=0800h-08FFh -ABANK9=0900h-09FFh \
  -ABANK10=0A00h-0AFFh -ABANK11=0B00h-0BFFh -ABANK12=0C00h-0CFFh \
  -ABANK13=0D00h-0DFFh -ABANK14=0E00h-0EFFh -ABANK15=0F00h-0F3Fh \
  -ASFR=0F40h-0F5Fh,0F60h-0FFFh \
  -preset_vec=00h,intcode=08h,intcodelo,powerup,init,end_init \
  -pramtop=01000h -psmallconst=SMALLCONST -pmediumconst=MEDIUMCONST \
  -pconst=CONST -AFARRAM=00h-00h -ACONFIG=01FFF8h-01FFFDh -pconfig=CONFIG \
  -pjflash_buffer=01F800h \
  -prdata=COMRAM,nvrram=COMRAM,nvbit=COMRAM,rbss=COMRAM,rbit=COMRAM \
  -pfarbss=FARRAM,fardata=FARRAM,nvFARRAM=FARRAM \
  -pintsave_regs=BIGRAM,bigbss=BIGRAM,bigdata=BIGRAM -pbss=RAM \
  -pidata=CODE,irdata=CODE,ibigdata=CODE,ifardata=CODE -prparam=COMRAM \
  C:\Users\User\AppData\Local\Temp\s120.obj \
  dist/NORMAL/production\MXK_Demo_V1.X.production.obj \
  build/NORMAL/production/ASMCode.obj 

Object code version is 3.11

Machine type is 18F67J50

Call graph: (short form)




                Name                               Link     Load   Length Selector   Space Scale
C:\Users\User\AppData\Local\Temp\s120.obj
                end_init                             94       94        4        4       0
                reset_vec                             0        0        4        0       0
                config                            1FFF8    1FFF8        6    1FFF8       0
dist/NORMAL/production\MXK_Demo_V1.X.production.obj
                intcode                               8        8       8C        4       0
                temp                                 5F       5F        1        1       1
                mediumconst                        FBEE     FBEE      412     7DF7       0
                text170                           14F9C    14F9C       1A     8000       0
                text169                           150A6    150A6        6     A83E       0
                text168                           1449A    1449A       48     8000       0
                text166                           132FE    132FE       8E     8000       0
                text165                           14D92    14D92       2A     8000       0
                text164                           13E62    13E62       62     8000       0
                text163                           12BFE    12BFE       B4     8000       0
                text162                           14F08    14F08       20     8000       0
                text161                           12522    12522       D0     8000       0
                text160                           12D64    12D64       B2     8000       0
                text159                           12A8A    12A8A       BC     8000       0
                text158                           11F50    11F50      10E     8000       0
                text157                           14192    14192       54     8000       0
                text156                           1326E    1326E       90     8000       0
                text155                           148A4    148A4       3A     8000       0
                text154                           1226A    1226A       F6     8000       0
                text153                           1413E    1413E       54     8000       0
                text152                           13008    13008       9E     8000       0
                text151                           149F2    149F2       36     8000       0
                text150                           14D68    14D68       2A     8000       0
                text149                           14CE8    14CE8       2C     8000       0
                text148                           140EA    140EA       54     8000       0
                text147                           105C2    105C2      260     8000       0
                text146                           1176A    1176A      132     8000       0
                text145                           12F68    12F68       A0     8000       0
                text144                           14D3E    14D3E       2A     8000       0
                text143                           1284E    1284E       C0     8000       0
                text142                           12B46    12B46       B8     8000       0
                text141                           131D8    131D8       96     8000       0
                text140                           12360    12360       E2     8000       0
                text139                           13CD8    13CD8       64     8000       0
                text138                           1473E    1473E       3E     8000       0
                text137                           135B6    135B6       86     8000       0
                text136                           14F80    14F80       1C     8000       0
                text135                           1467E    1467E       42     8000       0
                text134                           14EE6    14EE6       22     8000       0
                text133                           14D14    14D14       2A     8000       0
                text132                           1205E    1205E      10C     8000       0
                text131                           119CA    119CA      128     8000       0
                text128                           147F4    147F4       3C     8000       0
                text127                           146C0    146C0       40     8000       0
                text126                           134A4    134A4       8A     8000       0
                text125                           150A0    150A0        6     A83E       0
                text124                           15086    15086        A     A83E       0
                text123                           14238    14238       52     8000       0
                text121                           12E16    12E16       AA     8000       0
                text120                           14CBC    14CBC       2C     8000       0
                text119                           13B2C    13B2C       70     8000       0
                text118                           14C90    14C90       2C     8000       0
                text117                           14A5C    14A5C       34     8000       0
                text116                           14F46    14F46       1E     8000       0
                text115                           145F8    145F8       44     8000       0
                text114                           14EA0    14EA0       24     8000       0
                text113                           15022    15022       14     8000       0
                text112                           10BE8    10BE8      1BA     8000       0
                text111                           126BE    126BE       CA     8000       0
                text110                           14096    14096       54     8000       0
                text109                           14452    14452       48     8000       0
                text108                           14040    14040       56     8000       0
                text107                           12CB2    12CB2       B2     8000       0
                text106                           14E7C    14E7C       24     8000       0
                text105                           1500E    1500E       14     8000       0
                text104                           14FFA    14FFA       14     8000       0
                text103                           14FE6    14FE6       14     8000       0
                text102                           13A3A    13A3A       7A     8000       0
                text101                           147B8    147B8       3C     8000       0
                text100                           14C0A    14C0A       2E     8000       0
                text99                            143C0    143C0       4A     8000       0
                text98                            1477C    1477C       3C     8000       0
                text97                            14A28    14A28       34     8000       0
                text96                            149BC    149BC       36     8000       0
                text95                            14AC2    14AC2       32     8000       0
                text94                            11E3C    11E3C      114     8000       0
                text93                            14E58    14E58       24     8000       0
                text92                            14BDC    14BDC       2E     8000       0
                text91                            12EC0    12EC0       A8     8000       0
                text90                            125F2    125F2       CC     8000       0
                text89                            1494E    1494E       38     8000       0
                text88                            14FCE    14FCE       18     8000       0
                text87                            13418    13418       8C     8000       0
                text86                            14DE4    14DE4       28     8000       0
                text85                            13944    13944       7C     8000       0
                text84                            141E6    141E6       52     8000       0
                text83                            10DA2    10DA2      1B8     8000       0
                text82                            13FE4    13FE4       5C     8000       0
                text81                            13E00    13E00       62     8000       0
                text80                            13B9C    13B9C       6C     8000       0
                text79                            14916    14916       38     8000       0
                text78                            148DE    148DE       38     8000       0
                text77                            14A90    14A90       32     8000       0
                text76                            15098    15098        8     A83E       0
                text75                            14F64    14F64       1C     8000       0
                text74                            13D9E    13D9E       62     8000       0
                text72                            129CC    129CC       BE     8000       0
                text71                            14BAE    14BAE       2E     8000       0
                text70                            10F5A    10F5A      18E     8000       0
                text69                            1290E    1290E       BE     8000       0
                text68                            13F84    13F84       60     8000       0
                text67                            1428A    1428A       50     8000       0
                text66                            10822    10822      202     8000       0
                text65                            130A6    130A6       9A     8000       0
                text64                            1456E    1456E       46     8000       0
                text63                            14C64    14C64       2C     8000       0
                text62                            14EC4    14EC4       22     8000       0
                text61                            15090    15090        8     A83E       0
                text60                            13846    13846       80     8000       0
                text59                            1162C    1162C      13E     8000       0
                text58                            10000    10000      34A     8000       0
                text57                            13D3C    13D3C       62     8000       0
                text56                            11D28    11D28      114     8000       0
                text55                            14DBC    14DBC       28     8000       0
                text54                            13C72    13C72       66     8000       0
                text51                            14328    14328       4E     8000       0
                text50                            139C0    139C0       7A     8000       0
                text49                            13F24    13F24       60     8000       0
                text48                            14376    14376       4A     8000       0
                text47                            145B4    145B4       44     8000       0
                text46                            1363C    1363C       84     8000       0
                text45                            1189C    1189C      12E     8000       0
                text44                            14FB6    14FB6       18     8000       0
                text43                            1486A    1486A       3A     8000       0
                text42                            15064    15064        C     8000       0
                text41                            114E8    114E8      144     8000       0
                text40                            138C6    138C6       7E     8000       0
                text39                            14E32    14E32       26     8000       0
                text38                            14830    14830       3A     8000       0
                text37                            14528    14528       46     8000       0
                text36                            14B80    14B80       2E     8000       0
                text35                            14B52    14B52       2E     8000       0
                text34                            11C10    11C10      118     8000       0
                text33                            14F28    14F28       1E     8000       0
                text32                            150B0    150B0        4     A83E       0
                text31                            14E0C    14E0C       26     8000       0
                text30                            13EC4    13EC4       60     8000       0
                text29                            1216A    1216A      100     8000       0
                text28                            113A2    113A2      146     8000       0
                text27                            14AF4    14AF4       30     8000       0
                text26                            144E2    144E2       46     8000       0
                text25                            13C08    13C08       6A     8000       0
                text24                            13AB4    13AB4       78     8000       0
                text23                            142DA    142DA       4E     8000       0
                text22                            1352E    1352E       88     8000       0
                text21                            1338C    1338C       8C     8000       0
                text19                            1124A    1124A      158     8000       0
                text18                            12442    12442       E0     8000       0
                text17                            14C38    14C38       2C     8000       0
                text16                            13140    13140       98     8000       0
                text15                            1463C    1463C       42     8000       0
                text14                            15046    15046       10     8000       0
                text13                            150AC    150AC        4     A83E       0
                text12                            1507C    1507C        A     A83E       0
                text11                            14986    14986       36     8000       0
                text10                            1440A    1440A       48     8000       0
                text9                             137C4    137C4       82     8000       0
                text8                             13742    13742       82     8000       0
                text7                             136C0    136C0       82     8000       0
                text6                             15056    15056        E     8000       0
                text5                             1034A    1034A      278     8000       0
                text4                             14700    14700       3E     8000       0
                text3                             10A24    10A24      1C4     8000       0
                text2                             110E8    110E8      162     8000       0
                text1                             11AF2    11AF2      11E     8000       0
                text0                             14B24    14B24       2E     8000       0
                cstackCOMRAM                          1        1       37        1       1
                cstackBANK0                          AE       AE       46       60       1
                bssBIGRAMl                          C11      C11      12C      440       1
                bssBIGRAMh                          440      440      7D1      440       1
                bssBANK3                            300      300       AA      300       1
                bssBANK2                            200      200       E8      200       1
                dataBANK1                           1E8      1E8       10      100       1
                bssBANK1                            100      100       E8      100       1
                dataBANK0                            F4       F4        B       60       1
                bssBANK0                             60       60       4E       60       1
                dataCOMRAM                           5D       5D        2        1       1
                bssCOMRAM                            38       38       25        1       1
                cinit                             12788    12788       C6     8000       0
                idataBANK1                        15036    15036       10     8000       0
                idataBANK0                        15070    15070        B     8000       0
                idataCOMRAM                       150B4    150B4        2     A83E       0
build/NORMAL/production/ASMCode.obj
                

TOTAL           Name                               Link     Load   Length     Space
        CLASS   STACK          

        CLASS   CODE           
                end_init                             94       94        4         0
                intcode                               8        8       8C         0
                reset_vec                             0        0        4         0
                text170                           14F9C    14F9C       1A         0
                text169                           150A6    150A6        6         0
                text168                           1449A    1449A       48         0
                text166                           132FE    132FE       8E         0
                text165                           14D92    14D92       2A         0
                text164                           13E62    13E62       62         0
                text163                           12BFE    12BFE       B4         0
                text162                           14F08    14F08       20         0
                text161                           12522    12522       D0         0
                text160                           12D64    12D64       B2         0
                text159                           12A8A    12A8A       BC         0
                text158                           11F50    11F50      10E         0
                text157                           14192    14192       54         0
                text156                           1326E    1326E       90         0
                text155                           148A4    148A4       3A         0
                text154                           1226A    1226A       F6         0
                text153                           1413E    1413E       54         0
                text152                           13008    13008       9E         0
                text151                           149F2    149F2       36         0
                text150                           14D68    14D68       2A         0
                text149                           14CE8    14CE8       2C         0
                text148                           140EA    140EA       54         0
                text147                           105C2    105C2      260         0
                text146                           1176A    1176A      132         0
                text145                           12F68    12F68       A0         0
                text144                           14D3E    14D3E       2A         0
                text143                           1284E    1284E       C0         0
                text142                           12B46    12B46       B8         0
                text141                           131D8    131D8       96         0
                text140                           12360    12360       E2         0
                text139                           13CD8    13CD8       64         0
                text138                           1473E    1473E       3E         0
                text137                           135B6    135B6       86         0
                text136                           14F80    14F80       1C         0
                text135                           1467E    1467E       42         0
                text134                           14EE6    14EE6       22         0
                text133                           14D14    14D14       2A         0
                text132                           1205E    1205E      10C         0
                text131                           119CA    119CA      128         0
                text128                           147F4    147F4       3C         0
                text127                           146C0    146C0       40         0
                text126                           134A4    134A4       8A         0
                text125                           150A0    150A0        6         0
                text124                           15086    15086        A         0
                text123                           14238    14238       52         0
                text121                           12E16    12E16       AA         0
                text120                           14CBC    14CBC       2C         0
                text119                           13B2C    13B2C       70         0
                text118                           14C90    14C90       2C         0
                text117                           14A5C    14A5C       34         0
                text116                           14F46    14F46       1E         0
                text115                           145F8    145F8       44         0
                text114                           14EA0    14EA0       24         0
                text113                           15022    15022       14         0
                text112                           10BE8    10BE8      1BA         0
                text111                           126BE    126BE       CA         0
                text110                           14096    14096       54         0
                text109                           14452    14452       48         0
                text108                           14040    14040       56         0
                text107                           12CB2    12CB2       B2         0
                text106                           14E7C    14E7C       24         0
                text105                           1500E    1500E       14         0
                text104                           14FFA    14FFA       14         0
                text103                           14FE6    14FE6       14         0
                text102                           13A3A    13A3A       7A         0
                text101                           147B8    147B8       3C         0
                text100                           14C0A    14C0A       2E         0
                text99                            143C0    143C0       4A         0
                text98                            1477C    1477C       3C         0
                text97                            14A28    14A28       34         0
                text96                            149BC    149BC       36         0
                text95                            14AC2    14AC2       32         0
                text94                            11E3C    11E3C      114         0
                text93                            14E58    14E58       24         0
                text92                            14BDC    14BDC       2E         0
                text91                            12EC0    12EC0       A8         0
                text90                            125F2    125F2       CC         0
                text89                            1494E    1494E       38         0
                text88                            14FCE    14FCE       18         0
                text87                            13418    13418       8C         0
                text86                            14DE4    14DE4       28         0
                text85                            13944    13944       7C         0
                text84                            141E6    141E6       52         0
                text83                            10DA2    10DA2      1B8         0
                text82                            13FE4    13FE4       5C         0
                text81                            13E00    13E00       62         0
                text80                            13B9C    13B9C       6C         0
                text79                            14916    14916       38         0
                text78                            148DE    148DE       38         0
                text77                            14A90    14A90       32         0
                text76                            15098    15098        8         0
                text75                            14F64    14F64       1C         0
                text74                            13D9E    13D9E       62         0
                text72                            129CC    129CC       BE         0
                text71                            14BAE    14BAE       2E         0
                text70                            10F5A    10F5A      18E         0
                text69                            1290E    1290E       BE         0
                text68                            13F84    13F84       60         0
                text67                            1428A    1428A       50         0
                text66                            10822    10822      202         0
                text65                            130A6    130A6       9A         0
                text64                            1456E    1456E       46         0
                text63                            14C64    14C64       2C         0
                text62                            14EC4    14EC4       22         0
                text61                            15090    15090        8         0
                text60                            13846    13846       80         0
                text59                            1162C    1162C      13E         0
                text58                            10000    10000      34A         0
                text57                            13D3C    13D3C       62         0
                text56                            11D28    11D28      114         0
                text55                            14DBC    14DBC       28         0
                text54                            13C72    13C72       66         0
                text51                            14328    14328       4E         0
                text50                            139C0    139C0       7A         0
                text49                            13F24    13F24       60         0
                text48                            14376    14376       4A         0
                text47                            145B4    145B4       44         0
                text46                            1363C    1363C       84         0
                text45                            1189C    1189C      12E         0
                text44                            14FB6    14FB6       18         0
                text43                            1486A    1486A       3A         0
                text42                            15064    15064        C         0
                text41                            114E8    114E8      144         0
                text40                            138C6    138C6       7E         0
                text39                            14E32    14E32       26         0
                text38                            14830    14830       3A         0
                text37                            14528    14528       46         0
                text36                            14B80    14B80       2E         0
                text35                            14B52    14B52       2E         0
                text34                            11C10    11C10      118         0
                text33                            14F28    14F28       1E         0
                text32                            150B0    150B0        4         0
                text31                            14E0C    14E0C       26         0
                text30                            13EC4    13EC4       60         0
                text29                            1216A    1216A      100         0
                text28                            113A2    113A2      146         0
                text27                            14AF4    14AF4       30         0
                text26                            144E2    144E2       46         0
                text25                            13C08    13C08       6A         0
                text24                            13AB4    13AB4       78         0
                text23                            142DA    142DA       4E         0
                text22                            1352E    1352E       88         0
                text21                            1338C    1338C       8C         0
                text19                            1124A    1124A      158         0
                text18                            12442    12442       E0         0
                text17                            14C38    14C38       2C         0
                text16                            13140    13140       98         0
                text15                            1463C    1463C       42         0
                text14                            15046    15046       10         0
                text13                            150AC    150AC        4         0
                text12                            1507C    1507C        A         0
                text11                            14986    14986       36         0
                text10                            1440A    1440A       48         0
                text9                             137C4    137C4       82         0
                text8                             13742    13742       82         0
                text7                             136C0    136C0       82         0
                text6                             15056    15056        E         0
                text5                             1034A    1034A      278         0
                text4                             14700    14700       3E         0
                text3                             10A24    10A24      1C4         0
                text2                             110E8    110E8      162         0
                text1                             11AF2    11AF2      11E         0
                text0                             14B24    14B24       2E         0
                cinit                             12788    12788       C6         0
                idataBANK1                        15036    15036       10         0
                idataBANK0                        15070    15070        B         0
                idataCOMRAM                       150B4    150B4        2         0

        CLASS   CONST          

        CLASS   SMALLCONST     

        CLASS   MEDIUMCONST    
                mediumconst                        FBEE     FBEE      412         0

        CLASS   COMRAM         
                temp                                 5F       5F        1         1
                cstackCOMRAM                          1        1       37         1
                dataCOMRAM                           5D       5D        2         1
                bssCOMRAM                            38       38       25         1

        CLASS   ABS1           
                abs_s1                              400      400       40         1

        CLASS   BIGRAM         
                bssBIGRAMl                          C11      C11      12C         1
                bssBIGRAMh                          440      440      7D1         1

        CLASS   RAM            

        CLASS   BANK0          
                cstackBANK0                          AE       AE       46         1
                dataBANK0                            F4       F4        B         1
                bssBANK0                             60       60       4E         1

        CLASS   BANK1          
                dataBANK1                           1E8      1E8       10         1
                bssBANK1                            100      100       E8         1

        CLASS   BANK2          
                bssBANK2                            200      200       E8         1

        CLASS   BANK3          
                bssBANK3                            300      300       AA         1

        CLASS   BANK4          

        CLASS   BANK5          

        CLASS   BANK6          

        CLASS   BANK7          

        CLASS   BANK8          

        CLASS   BANK9          

        CLASS   BANK10         

        CLASS   BANK11         

        CLASS   BANK12         

        CLASS   BANK13         

        CLASS   BANK14         

        CLASS   BANK15         

        CLASS   SFR            

        CLASS   FARRAM         

        CLASS   CONFIG         
                config                            1FFF8    1FFF8        6         0

        CLASS   IDLOC          



SEGMENTS        Name                           Load    Length   Top    Selector   Space  Class

                reset_vec                      000000  000004  000004         0       0  CODE    
                cstackCOMRAM                   000001  00005F  000060         1       1  COMRAM  
                intcode                        000008  000090  000098         4       0  CODE    
                bssBANK0                       000060  00009F  0000FF        60       1  BANK0   
                bssBANK1                       000100  0000F8  0001F8       100       1  BANK1   
                bssBANK2                       000200  0000E8  0002E8       200       1  BANK2   
                bssBANK3                       000300  0000AA  0003AA       300       1  BANK3   
                bssBIGRAMh                     000440  0008FD  000D3D       440       1  BIGRAM  
                mediumconst                    00FBEE  000412  010000      7DF7       0  MEDIUMCO
                text58                         010000  00507B  01507B      8000       0  CODE    
                text12                         01507C  00003A  0150B6      A83E       0  CODE    
                config                         01FFF8  000006  01FFFE     1FFF8       0  CONFIG  


UNUSED ADDRESS RANGES

        Name                Unused          Largest block    Delta
        BANK0            000FF-000FF               1
        BANK1            001F8-001FF               8
        BANK13           00D3D-00DFF              C3
        BANK14           00E00-00EFF             100
        BANK15           00F00-00F3F              40
        BANK2            002E8-002FF              18
        BANK3            003AA-003FF              56
        BIGRAM           000FF-000FF               1
                         001F8-001FF               8
                         002E8-002FF              18
                         003AA-003FF              56
                         00D3D-00F3F             203
        CODE             00004-00007               4
                         00098-0FBED            FB56
                         1507B-1507B               1
                         150B6-1FFF7            AF42
        CONST            00004-00007               4
                         00098-0FBED            FB56
                         1507B-1507B               1
                         150B6-1FFF7            AF42
        MEDIUMCONST      01000-0FBED            EBEE
                         1507B-1507B               1
                         150B6-1FFF7            AF42
        RAM              000FF-000FF               1
                         001F8-001FF               8
                         002E8-002FF              18
                         003AA-003FF              56
                         00D3D-00F3F             100
        SFR              00F40-00FFF              20
        SMALLCONST       01000-0FBED             100
                         1507B-1507B               1
                         150B6-1FFF7             100
        STACK            00D3D-00F3F             203

                                  Symbol Table

?_Console_MakeField                       cstackBANK0   000B3
?_GetPortPORT                             cstackBANK0   000AE
?_GetPortProperties                       cstackBANK0   000AE
?_GetPortTRIS                             cstackBANK0   000AE
?_USBTransferOnePacket                    cstackBANK0   000AE
?___awdiv                                 cstackBANK0   000AE
?___lldiv                                 cstackBANK0   000AE
?___lwdiv                                 cstackBANK0   000AE
?___lwmod                                 cstackBANK0   000AE
?___wmul                                  cstackBANK0   000AE
?_printf                                  cstackBANK0   000C3
?_strlen                                  cstackBANK0   000AE
?i2_USBTransferOnePacket                  cstackCOMRAM  00001
Button_Init@pButton                       cstackBANK0   000EB
Button_Init@pFunction                     cstackBANK0   000EE
Button_Init@pInput                        cstackBANK0   000E9
Button_Init@pThreshold                    cstackBANK0   000EC
Button_Poll@Pin                           cstackBANK0   000D1
Button_Poll@pButton                       cstackBANK0   000C9
Button_Poll@pIncrement                    cstackBANK0   000CB
Button_State@pInput                       cstackBANK0   000B4
Byte_GetBit@Output                        cstackBANK0   000B2
Byte_GetBit@pBit                          cstackBANK0   000B0
Byte_GetBit@pInput                        cstackBANK0   000AE
Byte_GetPair@pInput                       cstackBANK0   000B7
Byte_GetPair@pPair                        cstackBANK0   000B9
Byte_GetZone@MASK                         cstackBANK0   000B4
Byte_GetZone@Offset                       cstackBANK0   000B5
Byte_GetZone@Output                       cstackBANK0   000B6
Byte_GetZone@pChunk                       cstackBANK0   000B1
Byte_GetZone@pChunkSize                   cstackBANK0   000B2
Byte_GetZone@pInput                       cstackBANK0   000AE
Byte_GetZone@pMax                         cstackBANK0   000B0
Byte_SetBit@pBit                          cstackBANK0   000B0
Byte_SetBit@pInput                        cstackBANK0   000AE
Byte_SetBit@pValue                        cstackBANK0   000B1
Byte_SetPair@pInput                       cstackBANK0   000B9
Byte_SetPair@pPair                        cstackBANK0   000BB
Byte_SetPair@pValue                       cstackBANK0   000BC
Byte_SetPort@pInput                       cstackBANK0   000AE
Byte_SetPort@pValue                       cstackBANK0   000B0
Byte_SetQuad@pInput                       cstackBANK0   000B9
Byte_SetQuad@pQuad                        cstackBANK0   000BB
Byte_SetQuad@pValue                       cstackBANK0   000BC
Byte_SetZone@MASK                         cstackBANK0   000B8
Byte_SetZone@Offset                       cstackBANK0   000B7
Byte_SetZone@pChunk                       cstackBANK0   000B1
Byte_SetZone@pChunkSize                   cstackBANK0   000B2
Byte_SetZone@pInput                       cstackBANK0   000AE
Byte_SetZone@pMax                         cstackBANK0   000B0
Byte_SetZone@pValue                       cstackBANK0   000B3
CDCTxService@byte_to_send                 cstackBANK0   000BA
CDCTxService@i                            cstackBANK0   000B9
Console_FormFeed@x                        cstackBANK0   000B0
Console_FormFeed@y                        cstackBANK0   000B1
Console_Init@x                            cstackBANK0   000B0
Console_Init@y                            cstackBANK0   000B1
Console_MakeField@Column                  cstackBANK0   000B9
Console_MakeField@Fill                    bssBANK3      00364
Console_MakeField@Index                   cstackBANK0   000B7
Console_MakeField@pInput                  cstackBANK0   000BD
Console_MakeField@x                       cstackBANK0   000BE
Console_MakeField@y                       cstackBANK0   000BF
Console_PrintChar@pInput                  cstackBANK0   000C1
Console_Render@F7891                      dataBANK1     001E8
Console_Render@lCursor                    cstackBANK0   000D4
Console_Render@temp                       cstackBANK0   000D3
Console_Render@x                          cstackBANK0   000D8
Console_Render@y                          cstackBANK0   000D9
Console_Tab@c                             cstackBANK0   000BD
Console_Tab@i                             cstackBANK0   000BC
Console_Tab@t                             cstackBANK0   000BB
Event_DIPSwitch@Bar                       cstackBANK0   000C8
Event_DIPSwitch@pState                    cstackBANK0   000C7
Event_HMI_DIPSwitch@Bar                   cstackBANK0   000C8
Event_HMI_DIPSwitch@pState                cstackBANK0   000C7
Event_HMI_DownButton@pState               cstackBANK0   000C7
Event_HMI_LeftButton@pState               cstackBANK0   000C7
Event_HMI_RightButton@pState              cstackBANK0   000C7
Event_HMI_UpButton@pState                 cstackBANK0   000C7
Event_TestButton@j                        bssBANK0      0008F
Event_TestButton@pState                   cstackBANK0   000C7
Event_USBRecieve@pLength                  cstackBANK0   000CD
GetPortPORT@pInput                        cstackBANK0   000B0
GetPortProperties@pInput                  cstackBANK0   000B0
GetPortTRIS@pInput                        cstackBANK0   000B0
HMI_GRender@a                             bssBANK0      00081
HMI_Init@in                               cstackBANK0   000F1
HMI_Render@a                              cstackBANK0   000B6
HMI_SetBar@pValue                         cstackBANK0   000AE
HMI_SetButton@F8267                       mediumconst   0FD08
HMI_SetButton@pValue                      cstackBANK0   000B4
HMI_SetButton@reindex                     cstackBANK0   000B0
HMI_SetButton@v                           cstackBANK0   000B5
HMI_SetDown@pValue                        cstackBANK0   000AE
HMI_SetLeft@pValue                        cstackBANK0   000AE
HMI_SetNumber@pInput                      cstackBANK0   000BF
HMI_SetRight@pValue                       cstackBANK0   000AE
HMI_SetSegments@in                        cstackBANK0   000B2
HMI_SetSegments@pString                   cstackBANK0   000AF
HMI_SetUp@pValue                          cstackBANK0   000AE
IMU_ReadReg@r                             bssCOMRAM     00059
IMU_WriteReg@r                            bssCOMRAM     0005A
LCD_DrawField@count                       cstackBANK0   000CC
LCD_DrawField@i                           cstackBANK0   000D0
LCD_DrawField@pField                      cstackBANK0   000C0
LCD_DrawField@pPoint                      cstackBANK0   000C2
LCD_DrawField@pSize                       cstackBANK0   000C6
LCD_DrawField@xmax                        cstackBANK0   000CE
LCD_DrawField@ymax                        cstackBANK0   000CF
LCD_DrawRectangle@p2                      bssBANK1      001E0
LCD_DrawRectangle@p4                      bssBANK1      001E4
LCD_Fill@i                                cstackBANK0   000BE
LCD_Fill@j                                cstackBANK0   000BF
LCD_Fill@pColour                          cstackBANK0   000BC
LCD_FillRectangle@i                       cstackBANK0   000C8
LCD_FillRectangle@j                       cstackBANK0   000C9
LCD_FillRectangle@pColour                 cstackBANK0   000BC
LCD_FillRectangle@pPoint                  cstackBANK0   000BE
LCD_FillRectangle@pSize                   cstackBANK0   000C2
LCD_Init@i                                cstackBANK0   000E5
LCD_Word_Write@value                      cstackBANK0   000B8
LCD_Write@mode                            cstackBANK0   000B2
LCD_Write@v                               cstackBANK0   000B4
LCD_Write@value                           cstackBANK0   000B3
LED_Init@pLED                             cstackBANK0   000DB
LED_Set@pLED                              cstackBANK0   000C3
LED_Set@pValue                            cstackBANK0   000C2
LED_Toggle@pLED                           cstackBANK0   000C6
MXK_BlockSwitchTo@CUR                     cstackBANK0   000B4
MXK_BlockSwitchTo@pModule                 cstackBANK0   000B5
Motor_Continious@pDirection               cstackBANK0   000B0
Motor_Continious@pMotor                   cstackBANK0   000AE
Motor_Init@pMotor                         cstackBANK0   000DB
Motor_Move@pDelta                         cstackBANK0   000B3
Motor_Move@pMotor                         cstackBANK0   000B1
Motor_Speed@pFrequency                    cstackBANK0   000CB
Motor_Speed@pMotor                        cstackBANK0   000C9
OutSeg@a                                  bssBANK0      00090
OutSeg@cur                                bssBANK0      00091
OutSeg@out                                cstackBANK0   000B5
OutSeg@pInput                             cstackBANK0   000B4
OutSeg@pSegment                           cstackBANK0   000B1
OutSeg@segset                             bssBANK0      00092
PortProperty_Valid@Errors                 cstackBANK0   000C3
PortProperty_Valid@F7768                  mediumconst   0FCA1
PortProperty_Valid@Pair                   cstackBANK0   000D3
PortProperty_Valid@pInput                 cstackBANK0   000BD
PortProperty_Valid@pPin                   cstackBANK0   000C0
PortProperty_Valid@pPinDrive              cstackBANK0   000BF
Port_CheckPairType@Output                 cstackBANK0   000DA
Port_CheckPairType@Pin1                   cstackBANK0   000D8
Port_CheckPairType@Pin2                   cstackBANK0   000D9
Port_CheckPairType@Props                  cstackBANK0   000DB
Port_CheckPairType@pDrive                 cstackBANK0   000D7
Port_CheckPairType@pInput                 cstackBANK0   000D4
Port_CheckPairType@pPair                  cstackBANK0   000D6
Port_CheckPortType@Output                 cstackBANK0   000E7
Port_CheckPortType@pDrive                 cstackBANK0   000E6
Port_CheckPortType@pInput                 cstackBANK0   000E4
Port_CheckQuadType@Output                 cstackBANK0   000E3
Port_CheckQuadType@Pair1                  cstackBANK0   000E1
Port_CheckQuadType@Pair2                  cstackBANK0   000E2
Port_CheckQuadType@pDrive                 cstackBANK0   000E0
Port_CheckQuadType@pInput                 cstackBANK0   000DD
Port_CheckQuadType@pQuad                  cstackBANK0   000DF
Port_GetPin@Output                        cstackBANK0   000B3
Port_GetPin@pInput                        cstackBANK0   000AE
Port_GetPin@pPin                          cstackBANK0   000B0
Port_GetQuad@Output                       cstackBANK0   000B3
Port_GetQuad@pInput                       cstackBANK0   000AE
Port_GetQuad@pQuad                        cstackBANK0   000B0
Port_Init@i                               cstackBANK0   000F3
Port_Init@pInput                          cstackBANK0   000EE
Port_Init@pPort                           cstackBANK0   000F0
Port_Set@Type                             cstackBANK0   000D4
Port_Set@TypeActual                       cstackBANK0   000D2
Port_Set@TypeRequired                     cstackBANK0   000D0
Port_Set@pInput                           cstackBANK0   000BD
Port_Set@pValue                           cstackBANK0   000BF
Port_SetPin@Type                          cstackBANK0   000C1
Port_SetPin@pInput                        cstackBANK0   000BD
Port_SetPin@pPin                          cstackBANK0   000BF
Port_SetPin@pValue                        cstackBANK0   000C0
Port_SetPinType@Output                    cstackBANK0   000D8
Port_SetPinType@Props                     cstackBANK0   000D9
Port_SetPinType@pInput                    cstackBANK0   000D4
Port_SetPinType@pPin                      cstackBANK0   000D6
Port_SetPinType@pType                     cstackBANK0   000D7
Port_SetQuadType@Output                   cstackBANK0   000E8
Port_SetQuadType@pInput                   cstackBANK0   000E4
Port_SetQuadType@pQuad                    cstackBANK0   000E6
Port_SetQuadType@pType                    cstackBANK0   000E7
Port_SetType@Output                       cstackBANK0   000ED
Port_SetType@pInput                       cstackBANK0   000E8
Port_SetType@pType                        cstackBANK0   000EA
Port_TogglePin@Value                      cstackBANK0   000C5
Port_TogglePin@pInput                     cstackBANK0   000C2
Port_TogglePin@pPin                       cstackBANK0   000C4
SPI_DCS@pInput                            cstackBANK0   000AE
SPI_DisableISR@pInput                     cstackBANK0   000AE
SPI_Init@pChannel                         cstackBANK0   000E1
SPI_Init@pClock                           cstackBANK0   000DD
SPI_Init@pInput                           cstackBANK0   000DB
SPI_Init@pMode                            cstackBANK0   000E2
SPI_MaxSpeed@pInput                       cstackBANK0   000BD
SPI_MinSpeed@pInput                       cstackBANK0   000BD
SPI_Send9@dat                             bssBANK1      0012D
SPI_Send9@pData                           cstackBANK0   000B0
SPI_Send9@pInput                          cstackBANK0   000AE
SPI_Send@pData                            cstackBANK0   000B0
SPI_Send@pInput                           cstackBANK0   000AE
Set_Addr_Window@xe                        cstackBANK0   000B9
Set_Addr_Window@xs                        cstackBANK0   000BB
Set_Addr_Window@ye                        cstackBANK0   000BA
Set_Addr_Window@ys                        cstackBANK0   000B8
Set_Rotation@m                            cstackBANK0   000B8
Set_Rotation@rotation                     cstackBANK0   000B9
TetrisBlockRotate@undo                    bssCOMRAM     00042
TetrisFieldDraw@lCorner                   bssBANK1      00100
TetrisFieldDraw@lSize                     bssBANK1      00104
Timer0_Init@DIV                           bssBANK1      00108
Timer0_Init@DIVIDE                        cstackBANK0   000C5
Timer0_Init@PRE                           bssBANK0      00093
Timer0_Init@PRESCALE                      mediumconst   0FCB1
Timer0_Init@pCPUClock                     cstackBANK0   000C1
Timer0_Init@pFrequency                    cstackBANK0   000BB
Timer0_Start@pFunction                    cstackBANK0   000AE
Timer2_Init@DIV                           bssBANK1      0010C
Timer2_Init@DIVIDE                        cstackBANK0   000C8
Timer2_Init@INDEX                         bssBANK0      00094
Timer2_Init@PRE                           bssBANK0      00095
Timer2_Init@PRESCALE                      mediumconst   0FD0C
Timer2_Init@RDIV                          cstackBANK0   000C0
Timer2_Init@pCPUClock                     cstackBANK0   000C4
Timer2_Init@pFrequency                    cstackBANK0   000BB
ToSegment@pCHR                            cstackBANK0   000AE
USBConfigureEndpoint@EPNum                cstackCOMRAM  00006
USBConfigureEndpoint@direction            cstackCOMRAM  00001
USBConfigureEndpoint@handle               cstackCOMRAM  00007
USBCtrlTrfInHandler@lastDTS               cstackCOMRAM  00002
USBCtrlTrfRxService@byteToRead            cstackCOMRAM  00002
USBCtrlTrfRxService@i                     cstackCOMRAM  00001
USBCtrlTrfTxService@byteToSend            cstackCOMRAM  00001
USBDeviceInit@i                           cstackBANK0   000B6
USBDeviceTasks@i                          cstackCOMRAM  00029
USBEnableEndpoint@ep                      cstackCOMRAM  0000C
USBEnableEndpoint@options                 cstackCOMRAM  00009
USBEnableEndpoint@p                       cstackCOMRAM  0000A
USBStdFeatureReqHandler@current_ep_data   cstackCOMRAM  00025
USBStdFeatureReqHandler@p                 cstackCOMRAM  00026
USBStdFeatureReqHandler@pUEP              cstackCOMRAM  00023
USBStdGetStatusHandler@p                  cstackCOMRAM  00002
USBStdSetCfgHandler@i                     cstackCOMRAM  00022
USBTransferOnePacket@data                 cstackBANK0   000AF
USBTransferOnePacket@dir                  cstackBANK0   000AE
USBTransferOnePacket@ep                   cstackBANK0   000B6
USBTransferOnePacket@handle               cstackBANK0   000B7
USBTransferOnePacket@len                  cstackBANK0   000B1
USB_Print@len                             cstackBANK0   000B6
USB_Print@pInput                          cstackBANK0   000B4
USB_Tasks@Recieved                        cstackBANK0   000CE
USER_USB_CALLBACK_EVENT_HANDLER@event     cstackCOMRAM  0001A
USER_USB_CALLBACK_EVENT_HANDLER@pdata     cstackCOMRAM  0001C
USER_USB_CALLBACK_EVENT_HANDLER@size      cstackCOMRAM  0001E
Word_GetPair@pInput                       cstackBANK0   000BA
Word_GetPair@pPair                        cstackBANK0   000BC
Word_SetPair@pInput                       cstackBANK0   000BD
Word_SetPair@pPair                        cstackBANK0   000BF
Word_SetPair@pValue                       cstackBANK0   000C0
_BDT                                      (abs)         00400
_BLOCKS_COUNT                             mediumconst   0FD11
_BaudRateGen                              bssBANK1      00110
_BothEP0OutUOWNsSet                       bssCOMRAM     00043
_Bus_State                                dataBANK0     000FB
_Button_Init                              text65        130A6
_Button_Poll                              text94        11E3C
_Button_State                             text126       134A4
_Byte_GetBit                              text92        14BDC
_Byte_GetPair                             text121       12E16
_Byte_GetZone                             text122       00000
_Byte_SetBit                              text123       14238
_Byte_SetPair                             text72        129CC
_Byte_SetPort                             text6         15056
_Byte_SetQuad                             text69        1290E
_Byte_SetZone                             text73        00000
_CDCDataInHandle                          bssBANK0      00083
_CDCDataOutHandle                         bssBANK0      00085
_CDCInitEP                                text153       1413E
_CDCTxService                             text28        113A2
_COUNTER                                  bssBANK0      00087
_Configure_GPIOs                          text48        14376
_Console_Backspace                        text26        144E2
_Console_ClearCursor                      text27        14AF4
_Console_FormFeed                         text25        13C08
_Console_IncrementCursor                  text23        142DA
_Console_Init                             text54        13C72
_Console_MakeField                        text91        12EC0
_Console_MakeField$11988                  cstackBANK0   000BB
_Console_NewLine                          text24        13AB4
_Console_PrintChar                        text20        00000
_Console_Render                           text83        10DA2
_Console_Tab                              text21        1338C
_CtrlTrfData                              (abs)         00438
_DIPSwitch                                bssBANK1      001B5
_DIST                                     dataBANK1     001F4
_Event_DIPSwitch                          text95        14AC2
_Event_HMI_DIPSwitch                      text100       14C0A
_Event_HMI_DownButton                     text96        149BC
_Event_HMI_LeftButton                     text99        143C0
_Event_HMI_RightButton                    text98        1477C
_Event_HMI_UpButton                       text97        14A28
_Event_TestButton                         text101       147B8
_Event_USBRecieve                         text17        14C38
_Font5x7                                  mediumconst   0FD12
_FunctButton                              text93        14E58
_FunctHMI                                 text75        14F64
_FunctInitButton                          text64        1456E
_FunctInitHMI                             text55        14DBC
_FunctInitLCD                             text44        14FB6
_FunctInitMotor                           text37        14528
_FunctInitUSB                             text32        150B0
_FunctMotor                               text30        13EC4
_FunctUSB                                 text13        150AC
_GetPortPORT                              text9         137C4
_GetPortProperties                        text8         13742
_GetPortTRIS                              text7         136C0
_HMIBoard                                 bssBANK1      00133
_HMI_GetBar                               text125       150A0
_HMI_Init                                 text56        11D28
_HMI_Poll                                 text82        13FE4
_HMI_Render                               text79        14916
_HMI_SetBar                               text124       15086
_HMI_SetButton                            text102       13A3A
_HMI_SetDown                              text113       15022
_HMI_SetLeft                              text105       1500E
_HMI_SetNumber                            text106       14E7C
_HMI_SetRight                             text104       14FFA
_HMI_SetSegments                          text111       126BE
_HMI_SetUp                                text103       14FE6
_Hz                                       dataBANK0     000F8
_HzOld                                    bssBANK1      0012F
_I2C1T                                    bssCOMRAM     00051
_I2C1_Done                                bssBANK1      00118
_I2C1_More                                bssBANK1      0011B
_I2C2T                                    bssBANK1      001D4
_I2C2_Done                                bssBANK1      0011E
_I2C2_More                                bssBANK1      00121
_IMU_ReadComplete                         (abs)         00000
_IMU_ReadRegContinue                      (abs)         00000
_IMU_ReadRegFinish                        (abs)         00000
_IMU_WriteRegContinue                     (abs)         00000
_IMU_WriteRegFinish                       (abs)         00000
_INDEX                                    bssBANK0      00096
_INTCONbits                               (abs)         00FF2
_IPR1bits                                 (abs)         00F9F
_IPR2bits                                 (abs)         00FA2
_ISR_Enable                               text12        1507C
_ISR_Function                             intcode       00008
_InitList                                 mediumconst   0FBEF
_LATA                                     (abs)         00F89
_LATB                                     (abs)         00F8A
_LATC                                     (abs)         00F8B
_LATD                                     (abs)         00F8C
_LATE                                     (abs)         00F8D
_LATF                                     (abs)         00F8E
_LATG                                     (abs)         00F8F
_LCD_DrawField                            text85        13944
_LCD_Fill                                 text47        145B4
_LCD_FillRectangle                        text84        141E6
_LCD_Init                                 text45        1189C
_LCD_Reset                                text50        139C0
_LCD_Word_Write                           text88        14FCE
_LCD_Write                                text89        1494E
_LCD_Write$3147                           cstackBANK0   000B6
_LED_Init                                 text10        1440A
_LED_Set                                  text11        14986
_LED_Toggle                               text117       14A5C
_LLVALS                                   mediumconst   0FCCA
_LNVALS                                   mediumconst   0FCD2
_LZVALS                                   mediumconst   0FCDA
_MASKS                                    mediumconst   0FCC1
_MXK_BlockSwitchTo                        text77        14A90
_MXK_Init                                 text1         11AF2
_MXK_Release                              text76        15098
_Motor_Continious                         text43        1486A
_Motor_Init                               text40        138C6
_Motor_Move                               text38        14830
_Motor_Speed                              text31        14E0C
_Motor_Step                               text163       12BFE
_OSCTUNEbits                              (abs)         00F9B
_OutSeg                                   text80        13B9C
_PIE1bits                                 (abs)         00F9D
_PIE2bits                                 (abs)         00FA0
_PIE3bits                                 (abs)         00FA3
_PIR1                                     (abs)         00F9E
_PIR1bits                                 (abs)         00F9E
_PIR2                                     (abs)         00FA1
_PIR2bits                                 (abs)         00FA1
_PIR3                                     (abs)         00FA4
_PIR3bits                                 (abs)         00FA4
_PORTA                                    (abs)         00F80
_PORTB                                    (abs)         00F81
_PORTC                                    (abs)         00F82
_PORTD                                    (abs)         00F83
_PORTE                                    (abs)         00F84
_PORTF                                    (abs)         00F85
_PORTG                                    (abs)         00F86
_PR2                                      (abs)         00FCB
_PortA                                    bssBANK1      00179
_PortA_Property                           mediumconst   0FFB3
_PortB                                    bssBANK1      00183
_PortB_Property                           mediumconst   0FFB5
_PortC                                    bssBANK0      000A4
_PortC_Property                           mediumconst   0FFB7
_PortD                                    bssBANK1      0018D
_PortD_Property                           mediumconst   0FFB9
_PortE                                    bssBANK1      00197
_PortE_Property                           mediumconst   0FFBB
_PortF                                    bssBANK1      001A1
_PortF_Property                           mediumconst   0FFBD
_PortG                                    bssBANK1      001AB
_PortG_Property                           mediumconst   0FFBF
_PortProperty_Valid                       text74        13D9E
_Port_CheckPairType                       text68        13F84
_Port_CheckPortType                       text4         14700
_Port_CheckQuadType                       text67        1428A
_Port_GetPin                              text128       147F4
_Port_GetQuad                             text127       146C0
_Port_Init                                text2         110E8
_Port_Set                                 text5         1034A
_Port_SetPin                              text119       13B2C
_Port_SetPinType                          text70        10F5A
_Port_SetQuadType                         text66        10822
_Port_SetType                             text3         10A24
_Port_TogglePin                           text118       14C90
_RCONbits                                 (abs)         00FD0
_RLVALS                                   mediumconst   0FCE2
_RZVALS                                   mediumconst   0FCEA
_Read                                     bssCOMRAM     00044
_RemoteWakeup                             bssCOMRAM     00045
_Reset_High                               text53        00000
_Reset_Low                                text52        00000
_SPI1                                     bssBANK1      00163
_SPI2                                     bssBANK1      0016E
_SPI_DCS                                  text63        14C64
_SPI_DisableISR                           text62        14EC4
_SPI_Init                                 text58        10000
_SPI_MaxSpeed                             text49        13F24
_SPI_MinSpeed                             text57        13D3C
_SPI_Send                                 text81        13E00
_SPI_Send9                                text90        125F2
_SQVALS                                   mediumconst   0FCF2
_SSP1ADD                                  (abs)         00FC8
_SSP1BUF                                  (abs)         00FC9
_SSP1CON1                                 (abs)         00FC6
_SSP1CON1bits                             (abs)         00FC6
_SSP1CON2                                 (abs)         00FC5
_SSP1CON2bits                             (abs)         00FC5
_SSP1STAT                                 (abs)         00FC7
_SSP1STATbits                             (abs)         00FC7
_SSP2BUF                                  (abs)         00F6F
_SSP2CON1                                 (abs)         00F6C
_SSP2CON1bits                             (abs)         00F6C
_SSP2CON2                                 (abs)         00F6B
_SSP2CON2bits                             (abs)         00F6B
_SSP2STAT                                 (abs)         00F6D
_SSP2STATbits                             (abs)         00F6D
_Set_Addr_Window                          text87        13418
_Set_Rotation                             text46        1363C
_SetupPkt                                 (abs)         00430
_Stepper                                  bssBANK1      001DA
_T0CONbits                                (abs)         00FD5
_T2CONbits                                (abs)         00FCA
_TEVALS                                   mediumconst   0FCFA
_TMR0                                     (abs)         00FD6
_TRISA                                    (abs)         00F92
_TRISB                                    (abs)         00F93
_TRISC                                    (abs)         00F94
_TRISD                                    (abs)         00F95
_TRISE                                    (abs)         00F96
_TRISF                                    (abs)         00F97
_TRISFbits                                (abs)         00F97
_TRISG                                    (abs)         00F98
_TestButton                               bssBANK1      001BD
_Timer0_Clear                             text42        15064
_Timer0_ISR                               text162       14F08
_Timer0_Init                              text41        114E8
_Timer0_Restart                           text170       14F9C
_Timer0_Start                             text39        14E32
_Timer0_Stop                              text169       150A6
_Timer2_Clear                             text61        15090
_Timer2_Init                              text59        1162C
_ToSegment                                text112       10BE8
_UADDR                                    (abs)         00F5E
_UCFG                                     (abs)         00F5F
_UCON                                     (abs)         00F65
_UCONbits                                 (abs)         00F65
_UEIE                                     (abs)         00F5D
_UEIR                                     (abs)         00F63
_UEP0                                     (abs)         00F4C
_UEP0bits                                 (abs)         00F4C
_UEP1                                     (abs)         00F4D
_UIE                                      (abs)         00F5C
_UIEbits                                  (abs)         00F5C
_UIR                                      (abs)         00F62
_UIRbits                                  (abs)         00F62
_USB1msTickCount                          bssCOMRAM     00038
_USBActiveConfiguration                   bssCOMRAM     0005B
_USBAlternateInterface                    bssCOMRAM     00057
_USBBusIsSuspended                        bssBANK0      00097
_USBCheckCDCRequest                       text152       13008
_USBCheckStdRequest                       text142       12B46
_USBConfigureEndpoint                     text156       1326E
_USBCtrlEPAllowDataStage                  text141       131D8
_USBCtrlEPAllowStatusStage                text159       12A8A
_USBCtrlEPService                         text137       135B6
_USBCtrlEPServiceComplete                 text140       12360
_USBCtrlTrfInHandler                      text160       12D64
_USBCtrlTrfOutHandler                     text157       14192
_USBCtrlTrfRxService                      text158       11F50
_USBCtrlTrfSetupHandler                   text139       13CD8
_USBCtrlTrfTxService                      text161       12522
_USBDeferINDataStagePackets               bssCOMRAM     00046
_USBDeferOUTDataStagePackets              bssCOMRAM     00047
_USBDeferStatusStagePacket                bssCOMRAM     00048
_USBDeviceAttach                          text36        14B80
_USBDeviceInit                            text34        11C10
_USBDeviceState                           bssCOMRAM     00049
_USBDeviceTasks                           text131       119CA
_USBEnableEndpoint                        text155       148A4
_USBIncrement1msInternalTimers            text136       14F80
_USBInputBuffer                           bssBANK2      00228
_USBOutputBuffer                          bssBANK3      00300
_USBStallHandler                          text135       1467E
_USBStatusStageEnabledFlag1               bssCOMRAM     0004A
_USBStatusStageEnabledFlag2               bssCOMRAM     0004B
_USBStatusStageTimeoutCounter             bssCOMRAM     0004C
_USBStdFeatureReqHandler                  text147       105C2
_USBStdGetDscHandler                      text146       1176A
_USBStdGetStatusHandler                   text145       12F68
_USBStdSetCfgHandler                      text143       1284E
_USBSuspend                               text134       14EE6
_USBTicksSinceSuspendEnd                  bssBANK0      00098
_USBTransferOnePacket                     text29        1216A
_USBWakeFromSuspend                       text133       14D14
_USB_CD_Ptr                               mediumconst   0FD0F
_USB_ISR                                  text130       00000
_USB_Init                                 text33        14F28
_USB_Poll                                 text14        15046
_USB_Print                                text114       14EA0
_USB_SD_Ptr                               mediumconst   0FD02
_USB_Tasks                                text15        1463C
_USER_USB_CALLBACK_EVENT_HANDLER          text148       140EA
_USTAT                                    (abs)         00F64
_USTATcopy                                bssCOMRAM     0005C
_Word_GetPair                             text120       14CBC
_Word_SetPair                             text71        14BAE
__CFG_CCP2MX$DEFAULT                      (abs)         00000
__CFG_CPUDIV$OSC1                         (abs)         00000
__CFG_FCMEN$OFF                           (abs)         00000
__CFG_FOSC$HSPLL                          (abs)         00000
__CFG_IESO$OFF                            (abs)         00000
__CFG_MSSPMSK$MSK5                        (abs)         00000
__CFG_PLLDIV$3                            (abs)         00000
__CFG_STVREN$ON                           (abs)         00000
__CFG_WDTEN$OFF                           (abs)         00000
__CFG_WDTPS$32768                         (abs)         00000
__CFG_XINST$OFF                           (abs)         00000
__HRAM                                    (abs)         00000
__Habs1                                   abs1          00000
__Hbank0                                  bank0         00000
__Hbank1                                  bank1         00000
__Hbank10                                 bank10        00000
__Hbank11                                 bank11        00000
__Hbank12                                 bank12        00000
__Hbank13                                 bank13        00000
__Hbank14                                 bank14        00000
__Hbank15                                 bank15        00000
__Hbank2                                  bank2         00000
__Hbank3                                  bank3         00000
__Hbank4                                  bank4         00000
__Hbank5                                  bank5         00000
__Hbank6                                  bank6         00000
__Hbank7                                  bank7         00000
__Hbank8                                  bank8         00000
__Hbank9                                  bank9         00000
__Hbigbss                                 bigbss        00000
__Hbigdata                                bigdata       00000
__Hbigram                                 bigram        00000
__Hbss                                    bss           00000
__HbssBANK0                               bssBANK0      00000
__HbssBANK1                               bssBANK1      00000
__HbssBANK2                               bssBANK2      00000
__HbssBANK3                               bssBANK3      00000
__HbssBIGRAMh                             bssBIGRAMh    00000
__HbssBIGRAMl                             bssBIGRAMl    00000
__HbssCOMRAM                              bssCOMRAM     00000
__Hcinit                                  cinit         00000
__Hclrtext                                clrtext       00000
__Hcomram                                 comram        00000
__Hconfig                                 config        1FFFE
__Hconst                                  const         00000
__HcstackBANK0                            cstackBANK0   00000
__HcstackCOMRAM                           cstackCOMRAM  00000
__Hdata                                   data          00000
__HdataBANK0                              dataBANK0     00000
__HdataBANK1                              dataBANK1     00000
__HdataCOMRAM                             dataCOMRAM    00000
__Hend_init                               end_init      00098
__Hfarbss                                 farbss        00000
__Hfardata                                fardata       00000
__Hibigdata                               ibigdata      00000
__Hidata                                  idata         00000
__HidataBANK0                             idataBANK0    00000
__HidataBANK1                             idataBANK1    00000
__HidataCOMRAM                            idataCOMRAM   00000
__Hidloc                                  idloc         00000
__Hifardata                               ifardata      00000
__Hinit                                   init          00094
__Hintcode                                intcode       00094
__Hintcode_body                           intcode_body  00000
__Hintcodelo                              intcodelo     00094
__Hintentry                               intentry      00000
__Hintret                                 intret        00000
__Hintsave_regs                           intsave_regs  00000
__Hirdata                                 irdata        00000
__Hjflash_buffer                          jflash_buffer 1F800
__Hmediumconst                            mediumconst   10000
__HnvFARRAM                               nvFARRAM      00000
__Hnvbit                                  nvbit         00000
__Hnvrram                                 nvrram        00000
__Hparam                                  rparam        00000
__Hpowerup                                powerup       00094
__Hram                                    ram           00000
__Hramtop                                 ramtop        01000
__Hrbit                                   rbit          00000
__Hrbss                                   rbss          00000
__Hrdata                                  rdata         00000
__Hreset_vec                              reset_vec     00004
__Hrparam                                 rparam        00000
__Hsfr                                    sfr           00000
__Hsmallconst                             smallconst    00000
__Hspace_0                                (abs)         1FFFE
__Hspace_1                                (abs)         00D3D
__Hspace_2                                (abs)         00000
__Hstack                                  stack         00000
__Hstruct                                 struct        00000
__Htemp                                   temp          00060
__Htext                                   text          00000
__Htext0                                  text0         00000
__Htext1                                  text1         00000
__Htext10                                 text10        00000
__Htext100                                text100       00000
__Htext101                                text101       00000
__Htext102                                text102       00000
__Htext103                                text103       00000
__Htext104                                text104       00000
__Htext105                                text105       00000
__Htext106                                text106       00000
__Htext107                                text107       00000
__Htext108                                text108       00000
__Htext109                                text109       00000
__Htext11                                 text11        00000
__Htext110                                text110       00000
__Htext111                                text111       00000
[...]
      Locals:         0       0       0       0       0       0       0       0       0       0       0       0       0       0       0       0       0
      Temps:          0       0       0       0       0       0       0       0       0       0       0       0       0       0       0       0       0
      Totals:         3       0       0       0       0       0       0       0       0       0       0       0       0       0       0       0       0
Total ram usage:        3 bytes
 Hardware stack levels used:    1
 Hardware stack levels required when called:    1
 This function calls:
		i2_Byte_GetZone
 This function is called by:
		i2_Word_GetPair
 This function uses a non-reentrant model


 *************** function i2_Byte_GetZone *****************
 Defined at:
		line 64 in file "Library/Types.c"
 Parameters:    Size  Location     Type
  pInput          2    0[COMRAM] PTR struct Byte
		 -> PortA_Property..(2), PortB_Property..(2), PortC_Property..(2), PortD_Property..(2), 
		 -> PortE_Property..(2), PortF_Property..(2), PortG_Property..(2), PortB..(2), 
		 -> PortD..(2), PortE..(2), PortF..(2), PortC..(2), 
		 -> PortA..(2), PortG..(2), PortG(10), PortA(10), 
		 -> PortG_Property(2), PortF_Property(2), PortE_Property(2), PortD_Property(2), 
		 -> PortC_Property(2), PortB_Property(2), PortA_Property(2), PortC(10), 
		 -> PortF(10), PortE(10), PortD(10), PortB(10), 
		 -> NULL(0), 
  pMax            1    2[COMRAM] unsigned char 
  pChunk          1    3[COMRAM] unsigned char 
  pChunkSize      1    4[COMRAM] unsigned char 
 Auto vars:     Size  Location     Type
  Byte_GetZone    1    8[COMRAM] unsigned char 
  Byte_GetZone    1    7[COMRAM] unsigned char 
  Byte_GetZone    1    6[COMRAM] unsigned char 
 Return value:  Size  Location     Type
                  1    wreg      unsigned char 
 Registers used:
		wreg, fsr0l, fsr0h, status,2, status,0, tblptrl, tblptrh, tblptru, prodl, prodh
 Tracked objects:
		On entry : 
		On exit  : 
		Unchanged: 
 Data sizes:     COMRAM   BANK0   BANK1   BANK2   BANK3   BANK4   BANK5   BANK6   BANK7   BANK8   BANK9  BANK10  BANK11  BANK12  BANK13  BANK14  BANK15
      Params:         5       0       0       0       0       0       0       0       0       0       0       0       0       0       0       0       0
      Locals:         3       0       0       0       0       0       0       0       0       0       0       0       0       0       0       0       0
      Temps:          1       0       0       0       0       0       0       0       0       0       0       0       0       0       0       0       0
      Totals:         9       0       0       0       0       0       0       0       0       0       0       0       0       0       0       0       0
Total ram usage:        9 bytes
 Hardware stack levels used:    1
 This function calls:
		Nothing
 This function is called by:
		i2_Byte_GetPair
 This function uses a non-reentrant model


 *************** function i2_Byte_SetBit *****************
 Defined at:
		line 32 in file "Library/Types.c"
 Parameters:    Size  Location     Type
  pInput          2    0[COMRAM] PTR struct Byte
		 -> SSP2CON2(1), SSP1CON2(1), SSP2CON1(1), SSP2STAT(1), 
		 -> SSP1CON1(1), SSP1STAT(1), TRISG(1), TRISF(1), 
		 -> TRISE(1), TRISD(1), TRISC(1), TRISB(1), 
		 -> TRISA(1), PORTG(1), PORTF(1), PORTE(1), 
		 -> PORTD(1), PORTC(1), PORTB(1), PORTA(1), 
		 -> NULL(0), 
  pBit            1    2[COMRAM] unsigned char 
  pValue          1    3[COMRAM] unsigned char 
 Auto vars:     Size  Location     Type
		None
 Return value:  Size  Location     Type
                  1    wreg      void 
 Registers used:
		wreg, fsr2l, fsr2h, status,2, status,0
 Tracked objects:
		On entry : 
		On exit  : 
		Unchanged: 
 Data sizes:     COMRAM   BANK0   BANK1   BANK2   BANK3   BANK4   BANK5   BANK6   BANK7   BANK8   BANK9  BANK10  BANK11  BANK12  BANK13  BANK14  BANK15
      Params:         4       0       0       0       0       0       0       0       0       0       0       0       0       0       0       0       0
      Locals:         0       0       0       0       0       0       0       0       0       0       0       0       0       0       0       0       0
      Temps:          3       0       0       0       0       0       0       0       0       0       0       0       0       0       0       0       0
      Totals:         7       0       0       0       0       0       0       0       0       0       0       0       0       0       0       0       0
Total ram usage:        7 bytes
 Hardware stack levels used:    1
 This function calls:
		Nothing
 This function is called by:
		i2_Port_SetPin
 This function uses a non-reentrant model


 *************** function _Timer0_Stop *****************
 Defined at:
		line 89 in file "Timer0.c"
 Parameters:    Size  Location     Type
		None
 Auto vars:     Size  Location     Type
		None
 Return value:  Size  Location     Type
                  1    wreg      void 
 Registers used:
		None
 Tracked objects:
		On entry : 
		On exit  : 
		Unchanged: 
 Data sizes:     COMRAM   BANK0   BANK1   BANK2   BANK3   BANK4   BANK5   BANK6   BANK7   BANK8   BANK9  BANK10  BANK11  BANK12  BANK13  BANK14  BANK15
      Params:         0       0       0       0       0       0       0       0       0       0       0       0       0       0       0       0       0
      Locals:         0       0       0       0       0       0       0       0       0       0       0       0       0       0       0       0       0
      Temps:          0       0       0       0       0       0       0       0       0       0       0       0       0       0       0       0       0
      Totals:         0       0       0       0       0       0       0       0       0       0       0       0       0       0       0       0       0
Total ram usage:        0 bytes
 Hardware stack levels used:    1
 This function calls:
		Nothing
 This function is called by:
		_Motor_Step
 This function uses a non-reentrant model


 *************** function _Timer0_Restart *****************
 Defined at:
		line 82 in file "Timer0.c"
 Parameters:    Size  Location     Type
		None
 Auto vars:     Size  Location     Type
		None
 Return value:  Size  Location     Type
                  1    wreg      void 
 Registers used:
		wreg, status,2, status,0
 Tracked objects:
		On entry : 
		On exit  : 
		Unchanged: 
 Data sizes:     COMRAM   BANK0   BANK1   BANK2   BANK3   BANK4   BANK5   BANK6   BANK7   BANK8   BANK9  BANK10  BANK11  BANK12  BANK13  BANK14  BANK15
      Params:         0       0       0       0       0       0       0       0       0       0       0       0       0       0       0       0       0
      Locals:         0       0       0       0       0       0       0       0       0       0       0       0       0       0       0       0       0
      Temps:          0       0       0       0       0       0       0       0       0       0       0       0       0       0       0       0       0
      Totals:         0       0       0       0       0       0       0       0       0       0       0       0       0       0       0       0       0
Total ram usage:        0 bytes
 Hardware stack levels used:    1
 This function calls:
		Nothing
 This function is called by:
		_Motor_Step
 This function uses a non-reentrant model



MODULE INFORMATION

Module		Function		Class		Link	Load	Size
Library/LCD.c
		_LCD_Init      		CODE           	1189C	0000	303
		_LCD_FillRectangle		CODE           	141E6	0000	83
		_Configure_GPIOs		CODE           	14376	0000	75
		_LCD_DrawField 		CODE           	13944	0000	125
		_Set_Addr_Window		CODE           	13418	0000	141
		_LCD_Word_Write		CODE           	14FCE	0000	25
		_LCD_Reset     		CODE           	139C0	0000	123
		_Set_Rotation  		CODE           	1363C	0000	133
		_Reset_Low     		CODE           	0000	0000	1
		_LCD_Write     		CODE           	1494E	0000	57
		_LCD_Fill      		CODE           	145B4	0000	69
		_Reset_High    		CODE           	0000	0000	1

Library/LCD.c estimated size: 1136

MXK.c
		_MXK_BlockSwitchTo		CODE           	14A90	0000	51
		_MXK_Release   		CODE           	15098	0000	9
		_MXK_Init      		CODE           	11AF2	0000	287

MXK.c estimated size: 347

C:\Program Files (x86)\Microchip\xc8\v1.38\sources\common\lwmod.c
		___lwmod       		CODE           	14452	0000	73

C:\Program Files (x86)\Microchip\xc8\v1.38\sources\common\lwmod.c estimated size: 73

C:\Program Files (x86)\Microchip\xc8\v1.38\sources\common\memcpy.c
		_memcpy        		CODE           	1473E	0000	63

C:\Program Files (x86)\Microchip\xc8\v1.38\sources\common\memcpy.c estimated size: 63

C:\Program Files (x86)\Microchip\xc8\v1.38\sources\common\Umul16.c
		___wmul        		CODE           	14DE4	0000	41

C:\Program Files (x86)\Microchip\xc8\v1.38\sources\common\Umul16.c estimated size: 41

Library/Port.c
		_GetPortTRIS   		CODE           	136C0	0000	131
		_GetPortPORT   		CODE           	137C4	0000	131
		_Port_TogglePin		CODE           	14C90	0000	45
		_Port_SetPinType		CODE           	10F5A	0000	399
		_Port_Init     		CODE           	110E8	0000	355
		_GetPortProperties		CODE           	13742	0000	131
		_Port_GetPin   		CODE           	147F4	0000	61
		_Port_GetQuad  		CODE           	146C0	0000	65
		_Port_Set      		CODE           	1034A	0000	633
		_Port_SetPin   		CODE           	13B2C	0000	113
		_Port_SetType  		CODE           	10A24	0000	453
		_Port_CheckQuadType		CODE           	1428A	0000	81
		_Port_CheckPairType		CODE           	13F84	0000	97
		_Port_CheckPortType		CODE           	14700	0000	63
		_Port_SetQuadType		CODE           	10822	0000	515

Library/Port.c estimated size: 3273

Library/LED.c
		_LED_Init      		CODE           	1440A	0000	73
		_LED_Set       		CODE           	14986	0000	55
		_LED_Toggle    		CODE           	14A5C	0000	53

Library/LED.c estimated size: 181

Events.c
		_Event_HMI_UpButton		CODE           	14A28	0000	53
		_Event_DIPSwitch		CODE           	14AC2	0000	51
		_Event_HMI_DIPSwitch		CODE           	14C0A	0000	47
		_Event_HMI_LeftButton		CODE           	143C0	0000	75
		_Event_HMI_DownButton		CODE           	149BC	0000	55
		_Event_USBRecieve		CODE           	14C38	0000	45
		_Event_HMI_RightButton		CODE           	1477C	0000	61
		_Event_TestButton		CODE           	147B8	0000	61

Events.c estimated size: 448

Motor.c
		_Motor_Move    		CODE           	14830	0000	59
		_Motor_Step    		CODE           	12BFE	0000	181
		_Motor_Speed   		CODE           	14E0C	0000	39
		_Motor_Init    		CODE           	138C6	0000	127
		_Motor_Continious		CODE           	1486A	0000	59

Motor.c estimated size: 465

Library/USB/src/usb_device_cdc.c
		_CDCTxService  		CODE           	113A2	0000	327
		_CDCInitEP     		CODE           	1413E	0000	85
		_putUSBUSART   		CODE           	14F46	0000	31
		_getsUSBUSART  		CODE           	13140	0000	153
		_USBCheckCDCRequest		CODE           	13008	0000	159

Library/USB/src/usb_device_cdc.c estimated size: 755

USB_Wrap.c
		_USB_Poll      		CODE           	15046	0000	17
		_USB_ISR       		CODE           	0000	0000	1
		_USB_Init      		CODE           	14F28	0000	31
		_USB_Tasks     		CODE           	1463C	0000	67
		_USB_Print     		CODE           	14EA0	0000	37

USB_Wrap.c estimated size: 153

C:\Program Files (x86)\Microchip\xc8\v1.38\sources\common\lwdiv.c
		___lwdiv       		CODE           	14096	0000	85

C:\Program Files (x86)\Microchip\xc8\v1.38\sources\common\lwdiv.c estimated size: 85

C:\Program Files (x86)\Microchip\xc8\v1.38\sources\common\awdiv.c
		___awdiv       		CODE           	1352E	0000	137

C:\Program Files (x86)\Microchip\xc8\v1.38\sources\common\awdiv.c estimated size: 137

C:\Program Files (x86)\Microchip\xc8\v1.38\sources\common\lldiv.c
		___lldiv       		CODE           	13846	0000	129

C:\Program Files (x86)\Microchip\xc8\v1.38\sources\common\lldiv.c estimated size: 129

Functions.c
		_FunctHMI      		CODE           	14F64	0000	29
		_FunctInitLCD  		CODE           	14FB6	0000	25
		_FunctInitUSB  		CODE           	150B0	0000	5
		_FunctInitHMI  		CODE           	14DBC	0000	41
		_FunctMotor    		CODE           	13EC4	0000	97
		_FunctInitMotor		CODE           	14528	0000	71
		_FunctButton   		CODE           	14E58	0000	37
		_FunctUSB      		CODE           	150AC	0000	5
		_FunctInitButton		CODE           	1456E	0000	71

Functions.c estimated size: 381

HMI.c
		_HMI_Poll      		CODE           	13FE4	0000	93
		_HMI_SetSegments		CODE           	126BE	0000	203
		_HMI_Render    		CODE           	14916	0000	57
		_OutSeg        		CODE           	13B9C	0000	109
		_HMI_Init      		CODE           	11D28	0000	277
		_HMI_GetBar    		CODE           	150A0	0000	7
		_HMI_SetUp     		CODE           	14FE6	0000	21
		_HMI_SetBar    		CODE           	15086	0000	11
		_HMI_SetLeft   		CODE           	1500E	0000	21
		_HMI_SetDown   		CODE           	15022	0000	21
		_HMI_SetRight  		CODE           	14FFA	0000	21
		_HMI_SetNumber 		CODE           	14E7C	0000	37
		_HMI_SetButton 		CODE           	13A3A	0000	123

HMI.c estimated size: 1001

shared
		_InitList      		MEDIUMCONST    	FBEF	0000	179
		_configDescriptor1		MEDIUMCONST    	FEF2	0000	68
		_USB_CD_Ptr    		MEDIUMCONST    	FD0F	0000	3
		_sd001         		MEDIUMCONST    	FF35	0000	53
		_PortE_Property		MEDIUMCONST    	FFBB	0000	3
		i2_LED_Toggle  		CODE           	14CE8	0000	45
		i2_Byte_SetBit 		CODE           	1449A	0000	73
		_Font5x7       		MEDIUMCONST    	FD12	0000	481
		PortProperty_Valid@F7768		MEDIUMCONST    	FCA1	0000	17
		Timer2_Init@PRESCALE		MEDIUMCONST    	FD0C	0000	4
		_sd002         		MEDIUMCONST    	FF69	0000	53
		_PortF_Property		MEDIUMCONST    	FFBD	0000	3
		i2_Byte_GetZone		CODE           	0000	0000	1
		i2_Byte_GetPair		CODE           	132FE	0000	143
		i2_USBDeviceInit		CODE           	1205E	0000	269
		_TEVALS        		MEDIUMCONST    	FCFA	0000	9
		_PortA_Property		MEDIUMCONST    	FFB3	0000	3
		_LLVALS        		MEDIUMCONST    	FCCA	0000	9
		_BLOCKS_COUNT  		MEDIUMCONST    	FD11	0000	2
		_PortG_Property		MEDIUMCONST    	FFBF	0000	3
		_LNVALS        		MEDIUMCONST    	FCD2	0000	9
		_RLVALS        		MEDIUMCONST    	FCE2	0000	9
		__initialization		CODE           	12788	0000	189
		_device_dsc    		MEDIUMCONST    	FF9D	0000	19
		_PortB_Property		MEDIUMCONST    	FFB5	0000	3
		_MASKS         		MEDIUMCONST    	FCC1	0000	10
		_SQVALS        		MEDIUMCONST    	FCF2	0000	9
		HMI_SetButton@F8267		MEDIUMCONST    	FD08	0000	5
		i2_Word_GetPair		CODE           	14D92	0000	43
		i2_Port_TogglePin		CODE           	14D68	0000	43
		i2_Port_GetPin 		CODE           	149F2	0000	55
		i2_Port_SetPin 		CODE           	13E62	0000	99
		_LZVALS        		MEDIUMCONST    	FCDA	0000	9
		_PortC_Property		MEDIUMCONST    	FFB7	0000	3
		_RZVALS        		MEDIUMCONST    	FCEA	0000	9
		_USB_SD_Ptr    		MEDIUMCONST    	FD02	0000	7
		i2_memset      		CODE           	14D3E	0000	43
		Timer0_Init@PRESCALE		MEDIUMCONST    	FCB1	0000	17
		_sd000         		MEDIUMCONST    	FFAF	0000	5
		_PortD_Property		MEDIUMCONST    	FFB9	0000	3
		i2_USBTransferOnePacket		CODE           	1226A	0000	247

shared estimated size: 2257

C:\Program Files (x86)\Microchip\xc8\v1.38\sources\common\strlen.c
		_strlen        		CODE           	145F8	0000	69

C:\Program Files (x86)\Microchip\xc8\v1.38\sources\common\strlen.c estimated size: 69

Library/Button.c
		_Button_Poll   		CODE           	11E3C	0000	277
		_Button_Init   		CODE           	130A6	0000	155
		_Button_State  		CODE           	134A4	0000	139

Library/Button.c estimated size: 571

C:\Program Files (x86)\Microchip\xc8\v1.38\sources\common\memset.c
		_memset        		CODE           	14B52	0000	47

C:\Program Files (x86)\Microchip\xc8\v1.38\sources\common\memset.c estimated size: 47

Timer2.c
		_Timer2_Init   		CODE           	1162C	0000	319
		_Timer2_Clear  		CODE           	15090	0000	9

Timer2.c estimated size: 328

Timer0.c
		_Timer0_ISR    		CODE           	14F08	0000	33
		_Timer0_Init   		CODE           	114E8	0000	325
		_Timer0_Stop   		CODE           	150A6	0000	7
		_Timer0_Clear  		CODE           	15064	0000	13
		_Timer0_Start  		CODE           	14E32	0000	39
		_Timer0_Restart		CODE           	14F9C	0000	27

Timer0.c estimated size: 444

Library/USB/src/usb_device.c
		_USBCtrlTrfInHandler		CODE           	12D64	0000	179
		_USBTransferOnePacket		CODE           	1216A	0000	257
		_USBDeviceAttach		CODE           	14B80	0000	47
		_USBStdGetDscHandler		CODE           	1176A	0000	307
		_USBCtrlEPAllowDataStage		CODE           	131D8	0000	151
		_USBStdFeatureReqHandler		CODE           	105C2	0000	609
		_USBCtrlEPAllowStatusStage		CODE           	12A8A	0000	189
		_USBCtrlTrfSetupHandler		CODE           	13CD8	0000	101
		_USBCtrlTrfOutHandler		CODE           	14192	0000	85
		_USBCtrlEPServiceComplete		CODE           	12360	0000	227
		_USBSuspend    		CODE           	14EE6	0000	35
		_USBStdSetCfgHandler		CODE           	1284E	0000	193
		_USBStdGetStatusHandler		CODE           	12F68	0000	161
		_USBWakeFromSuspend		CODE           	14D14	0000	43
		_USBCtrlTrfRxService		CODE           	11F50	0000	271
		_USBCtrlTrfTxService		CODE           	12522	0000	209
		_USBEnableEndpoint		CODE           	148A4	0000	59
		_USBConfigureEndpoint		CODE           	1326E	0000	145
		_USBDeviceInit 		CODE           	11C10	0000	281
		_USBIncrement1msInternalTimers		CODE           	14F80	0000	29
		_USBCtrlEPService		CODE           	135B6	0000	135
		_USBStallHandler		CODE           	1467E	0000	67
		_USBDeviceTasks		CODE           	119CA	0000	297
		_USBCheckStdRequest		CODE           	12B46	0000	185

Library/USB/src/usb_device.c estimated size: 4262

ISR.c
		_ISR_Function  		CODE           	0008	0000	141
		_ISR_Enable    		CODE           	1507C	0000	11

ISR.c estimated size: 152

C:\Program Files (x86)\Microchip\xc8\v1.38\sources\common\doprnt.c
		_printf        		CODE           	12442	0000	225

C:\Program Files (x86)\Microchip\xc8\v1.38\sources\common\doprnt.c estimated size: 225

Library/SPI.c
		_SPI_MinSpeed  		CODE           	13D3C	0000	99
		_SPI_DisableISR		CODE           	14EC4	0000	35
		_SPI_MaxSpeed  		CODE           	13F24	0000	97
		_SPI_Init      		CODE           	10000	0000	843
		_SPI_Send      		CODE           	13E00	0000	99
		_SPI_Send9     		CODE           	125F2	0000	205
		_SPI_DCS       		CODE           	14C64	0000	45

Library/SPI.c estimated size: 1423

Library/USB/src/usb_events.c
		_USER_USB_CALLBACK_EVENT_HANDLER		CODE           	140EA	0000	85

Library/USB/src/usb_events.c estimated size: 85

main.c
		_main          		CODE           	14B24	0000	47

main.c estimated size: 47

Library/Console.c
		_Console_NewLine		CODE           	13AB4	0000	121
		_putch         		CODE           	1124A	0000	345
		_Console_ClearCursor		CODE           	14AF4	0000	49
		_Console_Tab   		CODE           	1338C	0000	141
		_Console_IncrementCursor		CODE           	142DA	0000	79
		_Console_FormFeed		CODE           	13C08	0000	107
		_Console_Init  		CODE           	13C72	0000	103
		_Console_Backspace		CODE           	144E2	0000	71
		_Console_MakeField		CODE           	12EC0	0000	169
		_Console_PrintChar		CODE           	0000	0000	1
		_Console_Render		CODE           	10DA2	0000	441

Library/Console.c estimated size: 1627

Library/Types.c
		_Word_GetPair  		CODE           	14CBC	0000	45
		_delay_us      		CODE           	148DE	0000	57
		_ToSegment     		CODE           	10BE8	0000	443
		_Byte_GetBit   		CODE           	14BDC	0000	47
		_Word_SetPair  		CODE           	14BAE	0000	47
		_itos          		CODE           	12CB2	0000	179
		_Byte_GetZone  		CODE           	0000	0000	1
		_Byte_GetPair  		CODE           	12E16	0000	171
		_Byte_SetBit   		CODE           	14238	0000	83
		_Byte_SetQuad  		CODE           	1290E	0000	191
		_Byte_SetZone  		CODE           	0000	0000	1
		_Byte_SetPair  		CODE           	129CC	0000	191
		_Byte_SetPort  		CODE           	15056	0000	15
		_delay_ms      		CODE           	14328	0000	79
		_reverse       		CODE           	14040	0000	87
		_PortProperty_Valid		CODE           	13D9E	0000	99

Library/Types.c estimated size: 1736

